Microchip MPLAB XC8 Compiler V2.10 ()

Linker command line:

-W-3 --edf=C:\Program Files (x86)\Microchip\xc8\v2.10\pic\dat\en_msgs.txt \
  -cs -h+dist/default/production\projet_v5.X.production.sym \
  --cmf=dist/default/production\projet_v5.X.production.cmf -z -Q18F4550 \
  -oC:\Users\jules\AppData\Local\Temp\s7vg.3 --defsym=__MPLAB_BUILD=1 \
  -Mdist/default/production/projet_v5.X.production.map -E1 -ver=XC8 \
  --acfsm=1493 -ASTACK=0FCh-07FFh -pstack=STACK -ACODE=00h-07FFFh \
  -ACONST=00h-07FFFh -ASMALLCONST=0800h-08FFhx120 \
  -AMEDIUMCONST=0800h-07FFFh -ACOMRAM=01h-05Fh -AABS1=00h-07FFh \
  -ABIGRAM=01h-07FFh -ARAM=060h-0FFh,0100h-01FFhx7 -ABANK0=060h-0FFh \
  -ABANK1=0100h-01FFh -ABANK2=0200h-02FFh -ABANK3=0300h-03FFh \
  -ABANK4=0400h-04FFh -ABANK5=0500h-05FFh -ABANK6=0600h-06FFh \
  -ABANK7=0700h-07FFh -ASFR=0F60h-0FFFh \
  -preset_vec=00h,intcode=08h,intcodelo,powerup,init -pramtop=0800h \
  -psmallconst=SMALLCONST -pmediumconst=MEDIUMCONST -pconst=CONST \
  -AFARRAM=00h-00h -ACONFIG=0300000h-030000Dh -pconfig=CONFIG \
  -AIDLOC=0200000h-0200007h -pidloc=IDLOC -AEEDATA=0F00000h-0F000FFh \
  -peeprom_data=EEDATA \
  -prdata=COMRAM,nvrram=COMRAM,nvbit=COMRAM,rbss=COMRAM,rbit=COMRAM \
  -pfarbss=FARRAM,fardata=FARRAM,nvFARRAM=FARRAM \
  -pintsave_regs=BIGRAM,bigbss=BIGRAM,bigdata=BIGRAM -pbss=RAM \
  -pidata=CODE,irdata=CODE,ibigdata=CODE,ifardata=CODE -prparam=COMRAM \
  C:\Users\jules\AppData\Local\Temp\s7vg.o \
  dist/default/production\projet_v5.X.production.o 

Object code version is 3.11

Machine type is 18F4550

Call graph: (short form)




                Name                               Link     Load   Length Selector   Space Scale
C:\Users\jules\AppData\Local\Temp\s7vg.o
                init                                  E        E        4        4       0
                reset_vec                             0        0        4        0       0
                idloc                            200000   200000        8   200000       0
                config                           300000   300000        E   300000       0
dist/default/production\projet_v5.X.production.o
                intcode                               8        8        6        4       0
                temp                                 40       40        1        1       1
                mediumconst                        733A     733A      CC6     399D       0
                text23                              4D2      4D2      42A        4       0
                text22                               12       12      4C0        4       0
                text21                             1936     1936       46      C73       0
                text20                             1302     1302      106        4       0
                text19                              B8E      B8E      1B4        4       0
                text18                              D42      D42      144        4       0
                text17                              8FC      8FC      292        4       0
                intcode_body                       19F6     19F6       30      C73       0
                text15                             11F4     11F4      10E        4       0
                text14                             14CC     14CC       AC        4       0
                text13                             1A46     1A46        A      C73       0
                text12                             17C0     17C0       6A        4       0
                text11                             19BC     19BC       3A      C73       0
                text10                             16C2     16C2       90        4       0
                text9                              1752     1752       6E        4       0
                text8                              10DA     10DA      11A        4       0
                text7                               FC0      FC0      11A        4       0
                text6                              182A     182A       5E        4       0
                text5                               E86      E86      13A        4       0
                text4                              1622     1622       A0        4       0
                text3                              1408     1408       C4        4       0
                text2                              1578     1578       AA        4       0
                text1                              1A26     1A26       20      C73       0
                text0                              18E6     18E6       50      C73       0
                cstackCOMRAM                          1        1       37        1       1
                cstackBANK0                          BD       BD       3D       60       1
                dataBANK0                            60       60       5D       60       1
                bssBANK0                             FA       FA        2       60       1
                bssCOMRAM                            38       38        8        1       1
                cinit                              197C     197C       40      C73       0
                idataBANK0                         1888     1888       5D        4       0

TOTAL           Name                               Link     Load   Length     Space
        CLASS   STACK          

        CLASS   CODE           
                intcode                               8        8        6         0
                init                                  E        E        4         0
                reset_vec                             0        0        4         0
                text23                              4D2      4D2      42A         0
                text22                               12       12      4C0         0
                text21                             1936     1936       46         0
                text20                             1302     1302      106         0
                text19                              B8E      B8E      1B4         0
                text18                              D42      D42      144         0
                text17                              8FC      8FC      292         0
                intcode_body                       19F6     19F6       30         0
                text15                             11F4     11F4      10E         0
                text14                             14CC     14CC       AC         0
                text13                             1A46     1A46        A         0
                text12                             17C0     17C0       6A         0
                text11                             19BC     19BC       3A         0
                text10                             16C2     16C2       90         0
                text9                              1752     1752       6E         0
                text8                              10DA     10DA      11A         0
                text7                               FC0      FC0      11A         0
                text6                              182A     182A       5E         0
                text5                               E86      E86      13A         0
                text4                              1622     1622       A0         0
                text3                              1408     1408       C4         0
                text2                              1578     1578       AA         0
                text1                              1A26     1A26       20         0
                text0                              18E6     18E6       50         0
                cinit                              197C     197C       40         0
                idataBANK0                         1888     1888       5D         0

        CLASS   CONST          

        CLASS   SMALLCONST     

        CLASS   MEDIUMCONST    
                mediumconst                        733A     733A      CC6         0

        CLASS   COMRAM         
                temp                                 40       40        1         1
                cstackCOMRAM                          1        1       37         1
                bssCOMRAM                            38       38        8         1

        CLASS   ABS1           

        CLASS   BIGRAM         

        CLASS   RAM            

        CLASS   BANK0          
                cstackBANK0                          BD       BD       3D         1
                dataBANK0                            60       60       5D         1
                bssBANK0                             FA       FA        2         1

        CLASS   BANK1          

        CLASS   BANK2          

        CLASS   BANK3          

        CLASS   BANK4          

        CLASS   BANK5          

        CLASS   BANK6          

        CLASS   BANK7          

        CLASS   SFR            

        CLASS   FARRAM         

        CLASS   CONFIG         
                config                           300000   300000        E         0

        CLASS   IDLOC          
                idloc                            200000   200000        8         0

        CLASS   EEDATA         



SEGMENTS        Name                           Load    Length   Top    Selector   Space  Class

                reset_vec                      000000  000004  000004         0       0  CODE    
                cstackCOMRAM                   000001  000040  000041         1       1  COMRAM  
                intcode                        000008  0018DD  0018E5         4       0  CODE    
                dataBANK0                      000060  00009C  0000FC        60       1  BANK0   
                text0                          0018E6  00016A  001A50       C73       0  CODE    
                mediumconst                    00733A  000CC6  008000      399D       0  MEDIUMCO
                idloc                          200000  000008  200008    200000       0  IDLOC   
                config                         300000  00000E  30000E    300000       0  CONFIG  


UNUSED ADDRESS RANGES

        Name                Unused          Largest block    Delta
        BANK0            0000FC-0000FF                4
        BANK1            000100-0001FF              100
        BANK2            000200-0002FF              100
        BANK3            000300-0003FF              100
        BANK4            000400-0004FF              100
        BANK5            000500-0005FF              100
        BANK6            000600-0006FF              100
        BANK7            000700-0007FF              100
        BIGRAM           000041-00005F               1F
                         0000FC-0007FF              704
        CODE             000004-000007                4
                         0018E5-0018E5                1
                         001A50-007339             58EA
        COMRAM           000041-00005F               1F
        CONST            000004-000007                4
                         0018E5-0018E5                1
                         001A50-007339             58EA
        EEDATA           F00000-F000FF              100
        MEDIUMCONST      0018E5-0018E5                1
                         001A50-007339             58EA
        RAM              0000FC-0007FF              100
        SFR              000F60-000FFF               A0
        SMALLCONST       0018E5-0018E5                1
                         001A50-007339              100
        STACK            0000FC-0007FF              704

                                  Symbol Table

?___aldiv                         cstackBANK0  0000BD
?___fladd                         cstackCOMRAM 000001
?___flmul                         cstackCOMRAM 00000F
?___flsub                         cstackCOMRAM 000011
?___fltol                         cstackCOMRAM 000001
?___xxtofl                        cstackCOMRAM 000001
?_correspondance_7segment         cstackCOMRAM 000001
PWM1_Init@frequence               cstackBANK0  0000CB
PWM1_setDC@dutycycle              cstackBANK0  0000BD
_ADCON0                           (abs)        000FC2
_ADCON0bits                       (abs)        000FC2
_ADCON1                           (abs)        000FC1
_ADRESH                           (abs)        000FC4
_CCP2CON                          (abs)        000FBA
_CCP2CONbits                      (abs)        000FBA
_CCPR2L                           (abs)        000FBB
_Font3x6                          mediumconst  007F3B
_Font8x8                          mediumconst  00733B
_INTCONbits                       (abs)        000FF2
_LATBbits                         (abs)        000F8A
_LATD                             (abs)        000F8C
_OSCCON                           (abs)        000FD3
_PIE1bits                         (abs)        000F9D
_PIR1bits                         (abs)        000F9E
_PORTA                            (abs)        000F80
_PORTAbits                        (abs)        000F80
_PORTB                            (abs)        000F81
_PORTD                            (abs)        000F83
_PR2                              (abs)        000FCB
_PWM1_Init                        text14       0014CC
_PWM1_setDC                       text13       001A46
_T2CON                            (abs)        000FCA
_TMR2                             (abs)        000FCC
_TRISA                            (abs)        000F92
_TRISB                            (abs)        000F93
_TRISC                            (abs)        000F94
_TRISD                            (abs)        000F95
__CFG_BOR$OFF                     (abs)        000000
__CFG_CPD$OFF                     (abs)        000000
__CFG_CPUDIV$OSC1_PLL2            (abs)        000000
__CFG_FOSC$HS                     (abs)        000000
__CFG_LVP$OFF                     (abs)        000000
__CFG_MCLRE$ON                    (abs)        000000
__CFG_PBADEN$OFF                  (abs)        000000
__CFG_PWRT$OFF                    (abs)        000000
__CFG_WDT$OFF                     (abs)        000000
__HRAM                            (abs)        000000
__Habs1                           abs1         000000
__Hbank0                          bank0        000000
__Hbank1                          bank1        000000
__Hbank2                          bank2        000000
__Hbank3                          bank3        000000
__Hbank4                          bank4        000000
__Hbank5                          bank5        000000
__Hbank6                          bank6        000000
__Hbank7                          bank7        000000
__Hbigbss                         bigbss       000000
__Hbigdata                        bigdata      000000
__Hbigram                         bigram       000000
__Hbss                            bss          000000
__HbssBANK0                       bssBANK0     000000
__HbssCOMRAM                      bssCOMRAM    000000
__Hcinit                          cinit        000000
__Hclrtext                        clrtext      000000
__Hcomram                         comram       000000
__Hconfig                         config       30000E
__Hconst                          const        000000
__HcstackBANK0                    cstackBANK0  000000
__HcstackCOMRAM                   cstackCOMRAM 000000
__Hdata                           data         000000
__HdataBANK0                      dataBANK0    000000
__Heeprom_data                    eeprom_data  000000
__Hfarbss                         farbss       000000
__Hfardata                        fardata      000000
__Hibigdata                       ibigdata     000000
__Hidata                          idata        000000
__HidataBANK0                     idataBANK0   000000
__Hidloc                          idloc        200008
__Hifardata                       ifardata     000000
__Hinit                           init         000012
__Hintcode                        intcode      00000E
__Hintcode_body                   intcode_body 000000
__Hintcodelo                      intcodelo    00000E
__Hintentry                       intentry     000000
__Hintret                         intret       000000
__Hintsave_regs                   intsave_regs 000000
__Hirdata                         irdata       000000
__Hmediumconst                    mediumconst  008000
__HnvFARRAM                       nvFARRAM     000000
__Hnvbit                          nvbit        000000
__Hnvrram                         nvrram       000000
__Hparam                          rparam       000000
__Hpowerup                        powerup      00000E
__Hram                            ram          000000
__Hramtop                         ramtop       000800
__Hrbit                           rbit         000000
__Hrbss                           rbss         000000
__Hrdata                          rdata        000000
__Hreset_vec                      reset_vec    000004
__Hrparam                         rparam       000000
__Hsfr                            sfr          000000
__Hsmallconst                     smallconst   000000
__Hspace_0                        (abs)        30000E
__Hspace_1                        (abs)        0000FC
__Hspace_2                        (abs)        000000
__Hstack                          stack        000000
__Hstruct                         struct       000000
__Htemp                           temp         000041
__Htext                           text         000000
__Htext0                          text0        000000
__Htext1                          text1        000000
__Htext10                         text10       000000
__Htext11                         text11       000000
__Htext12                         text12       000000
__Htext13                         text13       000000
__Htext14                         text14       000000
__Htext15                         text15       000000
__Htext17                         text17       000000
__Htext18                         text18       000000
__Htext19                         text19       000000
__Htext2                          text2        000000
__Htext20                         text20       000000
__Htext21                         text21       000000
__Htext22                         text22       000000
__Htext23                         text23       000000
__Htext3                          text3        000000
__Htext4                          text4        000000
__Htext5                          text5        000000
__Htext6                          text6        000000
__Htext7                          text7        000000
__Htext8                          text8        000000
__Htext9                          text9        000000
__LRAM                            (abs)        000001
__Labs1                           abs1         000000
__Lbank0                          bank0        000000
__Lbank1                          bank1        000000
__Lbank2                          bank2        000000
__Lbank3                          bank3        000000
__Lbank4                          bank4        000000
__Lbank5                          bank5        000000
__Lbank6                          bank6        000000
__Lbank7                          bank7        000000
__Lbigbss                         bigbss       000000
__Lbigdata                        bigdata      000000
__Lbigram                         bigram       000000
__Lbss                            bss          000000
__LbssBANK0                       bssBANK0     000000
__LbssCOMRAM                      bssCOMRAM    000000
__Lcinit                          cinit        000000
__Lclrtext                        clrtext      000000
__Lcomram                         comram       000000
__Lconfig                         config       300000
__Lconst                          const        000000
__LcstackBANK0                    cstackBANK0  000000
__LcstackCOMRAM                   cstackCOMRAM 000000
__Ldata                           data         000000
__LdataBANK0                      dataBANK0    000000
__Leeprom_data                    eeprom_data  000000
__Lfarbss                         farbss       000000
__Lfardata                        fardata      000000
__Libigdata                       ibigdata     000000
__Lidata                          idata        000000
__LidataBANK0                     idataBANK0   000000
__Lidloc                          idloc        200000
__Lifardata                       ifardata     000000
__Linit                           init         00000E
__Lintcode                        intcode      000008
__Lintcode_body                   intcode_body 000000
__Lintcodelo                      intcodelo    00000E
__Lintentry                       intentry     000000
__Lintret                         intret       000000
__Lintsave_regs                   intsave_regs 000000
__Lirdata                         irdata       000000
__Lmediumconst                    mediumconst  00733A
__LnvFARRAM                       nvFARRAM     000000
__Lnvbit                          nvbit        000000
__Lnvrram                         nvrram       000000
__Lparam                          rparam       000000
__Lpowerup                        powerup      00000E
__Lram                            ram          000000
__Lramtop                         ramtop       000800
__Lrbit                           rbit         000000
__Lrbss                           rbss         000000
__Lrdata                          rdata        000000
__Lreset_vec                      reset_vec    000000
__Lrparam                         rparam       000000
__Lsfr                            sfr          000000
__Lsmallconst                     smallconst   000000
__Lspace_0                        (abs)        000000
__Lspace_1                        (abs)        000000
__Lspace_2                        (abs)        000000
__Lstack                          stack        000000
__Lstruct                         struct       000000
__Ltemp                           temp         000040
__Ltext                           text         000000
__Ltext0                          text0        000000
__Ltext1                          text1        000000
__Ltext10                         text10       000000
__Ltext11                         text11       000000
__Ltext12                         text12       000000
__Ltext13                         text13       000000
__Ltext14                         text14       000000
__Ltext15                         text15       000000
__Ltext17                         text17       000000
__Ltext18                         text18       000000
__Ltext19                         text19       000000
__Ltext2                          text2        000000
__Ltext20                         text20       000000
__Ltext21                         text21       000000
__Ltext22                         text22       000000
__Ltext23                         text23       000000
__Ltext3                          text3        000000
__Ltext4                          text4        000000
__Ltext5                          text5        000000
__Ltext6                          text6        000000
__Ltext7                          text7        000000
__Ltext8                          text8        000000
__Ltext9                          text9        000000
__S0                              (abs)        30000E
__S1                              (abs)        0000FC
__S2                              (abs)        000000
___aldiv                          text15       0011F4
___aldiv@counter                  cstackBANK0  0000C5
___aldiv@dividend                 cstackBANK0  0000BD
___aldiv@divisor                  cstackBANK0  0000C1
___aldiv@quotient                 cstackBANK0  0000C7
___aldiv@sign                     cstackBANK0  0000C6
___fladd                          text22       000012
___fladd@a                        cstackCOMRAM 000005
___fladd@aexp                     cstackCOMRAM 00000E
___fladd@b                        cstackCOMRAM 000001
___fladd@bexp                     cstackCOMRAM 00000F
___fladd@grs                      cstackCOMRAM 000010
___fladd@signs                    cstackCOMRAM 00000D
___flmul                          text23       0004D2
___flmul@a                        cstackCOMRAM 000013
___flmul@aexp                     cstackCOMRAM 000020
___flmul@b                        cstackCOMRAM 00000F
___flmul@bexp                     cstackCOMRAM 000021
___flmul@grs                      cstackCOMRAM 00001C
___flmul@prod                     cstackCOMRAM 000022
___flmul@sign                     cstackCOMRAM 00001B
___flmul@temp                     cstackCOMRAM 000026
___flsub                          text21       001936
___flsub@a                        cstackCOMRAM 000015
___flsub@b                        cstackCOMRAM 000011
___fltol                          text20       001302
___fltol@exp1                     cstackCOMRAM 00000A
___fltol@f1                       cstackCOMRAM 000001
___fltol@sign1                    cstackCOMRAM 000009
___inthi_sp                       stack        000000
___intlo_sp                       stack        000000
___param_bank                     (abs)        000000
___rparam_used                    (abs)        000001
___sp                             stack        000000
___xxtofl                         text19       000B8E
___xxtofl@arg                     cstackCOMRAM 00000B
___xxtofl@exp                     cstackCOMRAM 00000A
___xxtofl@sign                    cstackCOMRAM 000009
___xxtofl@val                     cstackCOMRAM 000001
__accesstop                       (abs)        000060
__activetblptr                    (abs)        000002
__end_of_Font3x6                  mediumconst  007FFE
__end_of_Font8x8                  mediumconst  007B3B
__end_of_PWM1_Init                text14       001578
__end_of_PWM1_setDC               text13       001A50
__end_of___aldiv                  text15       001302
__end_of___fladd                  text22       0004D2
__end_of___flmul                  text23       0008FC
__end_of___flsub                  text21       00197C
__end_of___fltol                  text20       001408
__end_of___xxtofl                 text19       000D42
__end_of__initialization          cinit        0019AE
__end_of_acceuil                  mediumconst  007F3B
__end_of_calcul_7segment          text17       000B8E
__end_of_correspondance_7segment  text18       000E86
__end_of_display_7segment         text12       00182A
__end_of_display_auteur           text5        000FC0
__end_of_display_menu             text4        0016C2
__end_of_display_titre            text3        0014CC
__end_of_glcd_FillScreen          text10       001752
__end_of_glcd_Init                text2        001622
__end_of_glcd_SetCursor           text9        0017C0
__end_of_glcd_WriteByte           text11       0019F6
__end_of_glcd_WriteChar3x6        text8        0011F4
__end_of_glcd_WriteChar8X8        text7        0010DA
__end_of_glcd_WriteString         text6        001888
__end_of_initMyPIC18F             text1        001A46
__end_of_irq_handle               intcode_body 001A26
__end_of_main                     text0        001936
__initialization                  cinit        00197C
__mediumconst                     mediumconst  00733A
__pbssBANK0                       bssBANK0     0000FA
__pbssCOMRAM                      bssCOMRAM    000038
__pcinit                          cinit        00197C
__pcstackBANK0                    cstackBANK0  0000BD
__pcstackCOMRAM                   cstackCOMRAM 000001
__pdataBANK0                      dataBANK0    000060
__pidataBANK0                     idataBANK0   001888
__pintcode                        intcode      000008
__pintcode_body                   intcode_body 0019F6
__pmediumconst                    mediumconst  00733A
__ptext0                          text0        0018E6
__ptext1                          text1        001A26
__ptext10                         text10       0016C2
__ptext11                         text11       0019BC
__ptext12                         text12       0017C0
__ptext13                         text13       001A46
__ptext14                         text14       0014CC
__ptext15                         text15       0011F4
__ptext17                         text17       0008FC
__ptext18                         text18       000D42
__ptext19                         text19       000B8E
__ptext2                          text2        001578
__ptext20                         text20       001302
__ptext21                         text21       001936
__ptext22                         text22       000012
__ptext23                         text23       0004D2
__ptext3                          text3        001408
__ptext4                          text4        001622
__ptext5                          text5        000E86
__ptext6                          text6        00182A
__ptext7                          text7        000FC0
__ptext8                          text8        0010DA
__ptext9                          text9        001752
__ramtop                          ramtop       000800
__size_of_PWM1_Init               (abs)        000000
__size_of_PWM1_setDC              (abs)        000000
__size_of___aldiv                 (abs)        000000
__size_of___fladd                 (abs)        000000
__size_of___flmul                 (abs)        000000
__size_of___flsub                 (abs)        000000
__size_of___fltol                 (abs)        000000
__size_of___xxtofl                (abs)        000000
__size_of_calcul_7segment         (abs)        000000
__size_of_correspondance_7segment (abs)        000000
__size_of_display_7segment        (abs)        000000
__size_of_display_auteur          (abs)        000000
__size_of_display_menu            (abs)        000000
__size_of_display_titre           (abs)        000000
__size_of_glcd_FillScreen         (abs)        000000
__size_of_glcd_Init               (abs)        000000
__size_of_glcd_SetCursor          (abs)        000000
__size_of_glcd_WriteByte          (abs)        000000
__size_of_glcd_WriteChar3x6       (abs)        000000
__size_of_glcd_WriteChar8X8       (abs)        000000
__size_of_glcd_WriteString        (abs)        000000
__size_of_initMyPIC18F            (abs)        000000
__size_of_irq_handle              (abs)        000000
__size_of_main                    (abs)        000000
__smallconst                      smallconst   000000
_acceuil                          mediumconst  007B3B
_calcul_7segment                  text17       0008FC
_correspondance_7segment          text18       000D42
_display_7segment                 text12       0017C0
_display_auteur                   text5        000E86
_display_menu                     text4        001622
_display_titre                    text3        001408
_glcd_FillScreen                  text10       0016C2
_glcd_Init                        text2        001578
_glcd_SetCursor                   text9        001752
_glcd_WriteByte                   text11       0019BC
_glcd_WriteChar3x6                text8        0010DA
_glcd_WriteChar8X8                text7        000FC0
_glcd_WriteString                 text6        00182A
_global_FOUR                      bssCOMRAM    000038
_global_ONE                       bssCOMRAM    00003E
_global_THREE                     bssCOMRAM    00003A
_global_TWO                       bssCOMRAM    00003C
_initMyPIC18F                     text1        001A26
_irq_handle                       intcode      000008
_main                             text0        0018E6
_x                                bssBANK0     0000FB
_y                                bssBANK0     0000FA
btemp                             temp         000040
calcul_7segment@adresh            cstackCOMRAM 000028
calcul_7segment@first_digit       cstackCOMRAM 00002A
calcul_7segment@fourth_digit      cstackCOMRAM 000030
calcul_7segment@second_digit      cstackCOMRAM 00002C
calcul_7segment@third_digit       cstackCOMRAM 00002E
calcul_7segment@voltage_value     cstackCOMRAM 000032
correspondance_7segment@val       cstackCOMRAM 000001
display_auteur@F3236              dataBANK0    0000B8
display_auteur@F3238              dataBANK0    0000B3
display_auteur@F3240              dataBANK0    0000BB
display_auteur@F3242              dataBANK0    000098
display_auteur@F3244              dataBANK0    0000A7
display_auteur@string1            cstackBANK0  0000E1
display_auteur@string2            cstackBANK0  0000DC
display_auteur@string3            cstackBANK0  0000E4
display_auteur@string4            cstackBANK0  0000CE
display_auteur@string5            cstackBANK0  0000D6
display_menu@F3247                dataBANK0    000060
display_menu@F3249                dataBANK0    00007F
display_menu@F3251                dataBANK0    000070
display_menu@string1              cstackBANK0  0000CC
display_menu@string2              cstackBANK0  0000DC
display_menu@string3              cstackBANK0  0000EB
display_titre@F3229               dataBANK0    0000A0
display_titre@F3231               dataBANK0    0000AD
display_titre@F3233               dataBANK0    00008E
display_titre@string1             cstackBANK0  0000D8
display_titre@string2             cstackBANK0  0000DF
display_titre@string3             cstackBANK0  0000CE
end_of_initialization             cinit        0019AE
glcd_FillScreen@color             cstackBANK0  0000BF
glcd_FillScreen@i                 cstackBANK0  0000C1
glcd_FillScreen@j                 cstackBANK0  0000C0
glcd_Init@mode                    cstackBANK0  0000C2
glcd_SetCursor@side               cstackBANK0  0000C0
glcd_SetCursor@xpos               cstackBANK0  0000C1
glcd_SetCursor@ypos               cstackBANK0  0000BF
glcd_WriteByte@data               cstackBANK0  0000BD
glcd_WriteByte@side               cstackBANK0  0000BE
glcd_WriteChar3x6@ch              cstackBANK0  0000C3
glcd_WriteChar3x6@color           cstackBANK0  0000BF
glcd_WriteChar3x6@i               cstackBANK0  0000C4
glcd_WriteChar3x6@side            cstackBANK0  0000C5
glcd_WriteChar3x6@xpos            cstackBANK0  0000C2
glcd_WriteChar8X8@ch              cstackBANK0  0000C4
glcd_WriteChar8X8@chr             cstackBANK0  0000C2
glcd_WriteChar8X8@color           cstackBANK0  0000BF
glcd_WriteChar8X8@i               cstackBANK0  0000C6
glcd_WriteChar8X8@side            cstackBANK0  0000C7
glcd_WriteChar8X8@xpos            cstackBANK0  0000C5
glcd_WriteString@color            cstackBANK0  0000CB
glcd_WriteString@font             cstackBANK0  0000CA
glcd_WriteString@str              cstackBANK0  0000C8
int$flags                         temp         000040
int_func                          intcode_body 0019F6
intlevel0                         text         000000
intlevel1                         text         000000
intlevel2                         text         000000
intlevel3                         text         000000
stackhi                           (abs)        0007FF
stacklo                           (abs)        0000FC
start                             init         00000E
start_initialization              cinit        00197C
ttemp5                            temp         000041
ttemp6                            temp         000044
ttemp7                            temp         000048
wtemp8                            temp         000041


FUNCTION INFORMATION:

 *************** function _main *****************
 Defined at:
		line 3 in file "main.c"
 Parameters:    Size  Location     Type
		None
 Auto vars:     Size  Location     Type
		None
 Return value:  Size  Location     Type
                  1    wreg      void 
 Registers used:
		wreg, fsr1l, fsr1h, fsr2l, fsr2h, status,2, status,0, tblptrl, tblptrh, tblptru, prodl, prodh, cstack
 Tracked objects:
		On entry : 
		On exit  : 
		Unchanged: 
 Data sizes:     COMRAM   BANK0   BANK1   BANK2   BANK3   BANK4   BANK5   BANK6   BANK7
      Params:         0       0       0       0       0       0       0       0       0
      Locals:         0       0       0       0       0       0       0       0       0
      Temps:          0       0       0       0       0       0       0       0       0
      Totals:         0       0       0       0       0       0       0       0       0
Total ram usage:        0 bytes
 Hardware stack levels required when called:    8
 This function calls:
		_PWM1_Init
		_PWM1_setDC
		_display_7segment
		_display_auteur
		_display_menu
		_display_titre
		_glcd_Init
		_initMyPIC18F
 This function is called by:
		Startup code after reset
 This function uses a non-reentrant model


 *************** function _initMyPIC18F *****************
 Defined at:
		line 3 in file "ADC_interrupt.c"
 Parameters:    Size  Location     Type
		None
 Auto vars:     Size  Location     Type
		None
 Return value:  Size  Location     Type
                  1    wreg      void 
 Registers used:
		wreg, status,2
 Tracked objects:
		On entry : 
		On exit  : 
		Unchanged: 
 Data sizes:     COMRAM   BANK0   BANK1   BANK2   BANK3   BANK4   BANK5   BANK6   BANK7
      Params:         0       0       0       0       0       0       0       0       0
      Locals:         0       0       0       0       0       0       0       0       0
      Temps:          0       0       0       0       0       0       0       0       0
      Totals:         0       0       0       0       0       0       0       0       0
Total ram usage:        0 bytes
 Hardware stack levels used:    1
 Hardware stack levels required when called:    4
 This function calls:
		Nothing
 This function is called by:
		_main
 This function uses a non-reentrant model


 *************** function _glcd_Init *****************
 Defined at:
		line 404 in file "KS0108.c"
 Parameters:    Size  Location     Type
  mode            1    wreg     unsigned char 
 Auto vars:     Size  Location     Type
  mode            1    5[BANK0 ] unsigned char 
 Return value:  Size  Location     Type
                  1    wreg      void 
 Registers used:
		wreg, status,2, status,0, prodl, prodh, cstack
 Tracked objects:
		On entry : 
		On exit  : 
		Unchanged: 
 Data sizes:     COMRAM   BANK0   BANK1   BANK2   BANK3   BANK4   BANK5   BANK6   BANK7
      Params:         0       0       0       0       0       0       0       0       0
      Locals:         0       1       0       0       0       0       0       0       0
      Temps:          0       0       0       0       0       0       0       0       0
      Totals:         0       1       0       0       0       0       0       0       0
Total ram usage:        1 bytes
 Hardware stack levels used:    1
 Hardware stack levels required when called:    6
 This function calls:
		_glcd_FillScreen
		_glcd_WriteByte
 This function is called by:
		_main
 This function uses a non-reentrant model


 *************** function _display_titre *****************
 Defined at:
		line 3 in file "screen.c"
 Parameters:    Size  Location     Type
		None
 Auto vars:     Size  Location     Type
  string3        10   17[BANK0 ] unsigned char [10]
  string1         7   27[BANK0 ] unsigned char [7]
  string2         6   34[BANK0 ] unsigned char [6]
 Return value:  Size  Location     Type
                  1    wreg      void 
 Registers used:
		wreg, fsr1l, fsr1h, fsr2l, fsr2h, status,2, status,0, tblptrl, tblptrh, tblptru, prodl, prodh, cstack
 Tracked objects:
		On entry : 
		On exit  : 
		Unchanged: 
 Data sizes:     COMRAM   BANK0   BANK1   BANK2   BANK3   BANK4   BANK5   BANK6   BANK7
      Params:         0       0       0       0       0       0       0       0       0
      Locals:         0      23       0       0       0       0       0       0       0
      Temps:          0       2       0       0       0       0       0       0       0
      Totals:         0      25       0       0       0       0       0       0       0
Total ram usage:       25 bytes
 Hardware stack levels used:    1
 Hardware stack levels required when called:    7
 This function calls:
		_glcd_FillScreen
		_glcd_SetCursor
		_glcd_WriteString
 This function is called by:
		_main
 This function uses a non-reentrant model


 *************** function _display_menu *****************
 Defined at:
		line 52 in file "screen.c"
 Parameters:    Size  Location     Type
		None
 Auto vars:     Size  Location     Type
  string1        16   15[BANK0 ] unsigned char [16]
  string3        15   46[BANK0 ] unsigned char [15]
  string2        15   31[BANK0 ] unsigned char [15]
 Return value:  Size  Location     Type
                  1    wreg      void 
 Registers used:
		wreg, fsr1l, fsr1h, fsr2l, fsr2h, status,2, status,0, tblptrl, tblptrh, tblptru, prodl, prodh, cstack
 Tracked objects:
		On entry : 
		On exit  : 
		Unchanged: 
 Data sizes:     COMRAM   BANK0   BANK1   BANK2   BANK3   BANK4   BANK5   BANK6   BANK7
      Params:         0       0       0       0       0       0       0       0       0
      Locals:         0      46       0       0       0       0       0       0       0
      Temps:          0       0       0       0       0       0       0       0       0
      Totals:         0      46       0       0       0       0       0       0       0
Total ram usage:       46 bytes
 Hardware stack levels used:    1
 Hardware stack levels required when called:    7
 This function calls:
		_glcd_SetCursor
		_glcd_WriteString
 This function is called by:
		_main
 This function uses a non-reentrant model


 *************** function _display_auteur *****************
 Defined at:
		line 23 in file "screen.c"
 Parameters:    Size  Location     Type
		None
 Auto vars:     Size  Location     Type
  string4         8   17[BANK0 ] unsigned char [8]
  string5         6   25[BANK0 ] unsigned char [6]
  string2         5   31[BANK0 ] unsigned char [5]
  string1         3   36[BANK0 ] unsigned char [3]
  string3         2   39[BANK0 ] unsigned char [2]
 Return value:  Size  Location     Type
                  1    wreg      void 
 Registers used:
		wreg, fsr1l, fsr1h, fsr2l, fsr2h, status,2, status,0, tblptrl, tblptrh, tblptru, prodl, prodh, cstack
 Tracked objects:
		On entry : 
		On exit  : 
		Unchanged: 
 Data sizes:     COMRAM   BANK0   BANK1   BANK2   BANK3   BANK4   BANK5   BANK6   BANK7
      Params:         0       0       0       0       0       0       0       0       0
      Locals:         0      24       0       0       0       0       0       0       0
      Temps:          0       2       0       0       0       0       0       0       0
      Totals:         0      26       0       0       0       0       0       0       0
Total ram usage:       26 bytes
 Hardware stack levels used:    1
 Hardware stack levels required when called:    7
 This function calls:
		_glcd_FillScreen
		_glcd_SetCursor
		_glcd_WriteString
 This function is called by:
		_main
 This function uses a non-reentrant model


 *************** function _glcd_WriteString *****************
 Defined at:
		line 696 in file "KS0108.c"
 Parameters:    Size  Location     Type
  str             2   11[BANK0 ] PTR unsigned char 
		 -> display_menu@string3(15), display_menu@string2(15), display_menu@string1(16), display_auteur@string5(6), 
		 -> display_auteur@string4(8), display_auteur@string3(2), display_auteur@string2(5), display_auteur@string1(3), 
		 -> display_titre@string3(10), display_titre@string2(6), display_titre@string1(7), 
  font            1   13[BANK0 ] unsigned char 
  color           1   14[BANK0 ] unsigned char 
 Auto vars:     Size  Location     Type
		None
 Return value:  Size  Location     Type
                  1    wreg      void 
 Registers used:
		wreg, fsr2l, fsr2h, status,2, status,0, tblptrl, tblptrh, tblptru, prodl, prodh, cstack
 Tracked objects:
		On entry : 
		On exit  : 
		Unchanged: 
 Data sizes:     COMRAM   BANK0   BANK1   BANK2   BANK3   BANK4   BANK5   BANK6   BANK7
      Params:         0       4       0       0       0       0       0       0       0
      Locals:         0       0       0       0       0       0       0       0       0
      Temps:          0       0       0       0       0       0       0       0       0
      Totals:         0       4       0       0       0       0       0       0       0
Total ram usage:        4 bytes
 Hardware stack levels used:    1
 Hardware stack levels required when called:    6
 This function calls:
		_glcd_WriteChar3x6
		_glcd_WriteChar8X8
 This function is called by:
		_display_titre
		_display_auteur
		_display_menu
 This function uses a non-reentrant model


 *************** function _glcd_WriteChar8X8 *****************
 Defined at:
		line 602 in file "KS0108.c"
 Parameters:    Size  Location     Type
  ch              1    wreg     unsigned char 
  color           1    2[BANK0 ] unsigned char 
 Auto vars:     Size  Location     Type
  ch              1    7[BANK0 ] unsigned char 
  chr             2    5[BANK0 ] unsigned int 
  side            1   10[BANK0 ] unsigned char 
  i               1    9[BANK0 ] unsigned char 
  xpos            1    8[BANK0 ] unsigned char 
 Return value:  Size  Location     Type
                  1    wreg      void 
 Registers used:
		wreg, status,2, status,0, tblptrl, tblptrh, tblptru, prodl, prodh, cstack
 Tracked objects:
		On entry : 
		On exit  : 
		Unchanged: 
 Data sizes:     COMRAM   BANK0   BANK1   BANK2   BANK3   BANK4   BANK5   BANK6   BANK7
      Params:         0       1       0       0       0       0       0       0       0
      Locals:         0       6       0       0       0       0       0       0       0
      Temps:          0       2       0       0       0       0       0       0       0
      Totals:         0       9       0       0       0       0       0       0       0
Total ram usage:        9 bytes
 Hardware stack levels used:    1
 Hardware stack levels required when called:    5
 This function calls:
		_glcd_WriteByte
 This function is called by:
		_glcd_WriteString
 This function uses a non-reentrant model


 *************** function _glcd_WriteChar3x6 *****************
 Defined at:
		line 650 in file "KS0108.c"
 Parameters:    Size  Location     Type
  ch              1    wreg     unsigned char 
  color           1    2[BANK0 ] unsigned char 
 Auto vars:     Size  Location     Type
  ch              1    6[BANK0 ] unsigned char 
  side            1    8[BANK0 ] unsigned char 
  i               1    7[BANK0 ] unsigned char 
  xpos            1    5[BANK0 ] unsigned char 
 Return value:  Size  Location     Type
                  1    wreg      void 
 Registers used:
		wreg, status,2, status,0, tblptrl, tblptrh, tblptru, prodl, prodh, cstack
 Tracked objects:
		On entry : 
		On exit  : 
		Unchanged: 
 Data sizes:     COMRAM   BANK0   BANK1   BANK2   BANK3   BANK4   BANK5   BANK6   BANK7
      Params:         0       1       0       0       0       0       0       0       0
      Locals:         0       4       0       0       0       0       0       0       0
      Temps:          0       2       0       0       0       0       0       0       0
      Totals:         0       7       0       0       0       0       0       0       0
Total ram usage:        7 bytes
 Hardware stack levels used:    1
 Hardware stack levels required when called:    5
 This function calls:
		_glcd_WriteByte
 This function is called by:
		_glcd_WriteString
 This function uses a non-reentrant model


 *************** function _glcd_SetCursor *****************
 Defined at:
		line 577 in file "KS0108.c"
 Parameters:    Size  Location     Type
  xpos            1    wreg     unsigned char 
  ypos            1    2[BANK0 ] unsigned char 
 Auto vars:     Size  Location     Type
  xpos            1    4[BANK0 ] unsigned char 
  side            1    3[BANK0 ] unsigned char 
 Return value:  Size  Location     Type
                  1    wreg      void 
 Registers used:
		wreg, status,2, status,0, cstack
 Tracked objects:
		On entry : 
		On exit  : 
		Unchanged: 
 Data sizes:     COMRAM   BANK0   BANK1   BANK2   BANK3   BANK4   BANK5   BANK6   BANK7
      Params:         0       1       0       0       0       0       0       0       0
      Locals:         0       2       0       0       0       0       0       0       0
      Temps:          0       0       0       0       0       0       0       0       0
      Totals:         0       3       0       0       0       0       0       0       0
Total ram usage:        3 bytes
 Hardware stack levels used:    1
 Hardware stack levels required when called:    5
 This function calls:
		_glcd_WriteByte
 This function is called by:
		_display_titre
		_display_auteur
		_display_menu
 This function uses a non-reentrant model


 *************** function _glcd_FillScreen *****************
 Defined at:
		line 552 in file "KS0108.c"
 Parameters:    Size  Location     Type
  color           1    wreg     unsigned char 
 Auto vars:     Size  Location     Type
  color           1    2[BANK0 ] unsigned char 
  i               1    4[BANK0 ] unsigned char 
  j               1    3[BANK0 ] unsigned char 
 Return value:  Size  Location     Type
                  1    wreg      void 
 Registers used:
		wreg, status,2, status,0, prodl, prodh, cstack
 Tracked objects:
		On entry : 
		On exit  : 
		Unchanged: 
 Data sizes:     COMRAM   BANK0   BANK1   BANK2   BANK3   BANK4   BANK5   BANK6   BANK7
      Params:         0       0       0       0       0       0       0       0       0
      Locals:         0       3       0       0       0       0       0       0       0
      Temps:          0       0       0       0       0       0       0       0       0
      Totals:         0       3       0       0       0       0       0       0       0
Total ram usage:        3 bytes
 Hardware stack levels used:    1
 Hardware stack levels required when called:    5
 This function calls:
		_glcd_WriteByte
 This function is called by:
		_glcd_Init
		_display_titre
		_display_auteur
 This function uses a non-reentrant model


 *************** function _glcd_WriteByte *****************
 Defined at:
		line 443 in file "KS0108.c"
 Parameters:    Size  Location     Type
  side            1    wreg     unsigned char 
  data            1    0[BANK0 ] unsigned char 
 Auto vars:     Size  Location     Type
  side            1    1[BANK0 ] unsigned char 
 Return value:  Size  Location     Type
                  1    wreg      void 
 Registers used:
		wreg, status,2
 Tracked objects:
		On entry : 
		On exit  : 
		Unchanged: 
 Data sizes:     COMRAM   BANK0   BANK1   BANK2   BANK3   BANK4   BANK5   BANK6   BANK7
      Params:         0       1       0       0       0       0       0       0       0
      Locals:         0       1       0       0       0       0       0       0       0
      Temps:          0       0       0       0       0       0       0       0       0
      Totals:         0       2       0       0       0       0       0       0       0
Total ram usage:        2 bytes
 Hardware stack levels used:    1
 Hardware stack levels required when called:    4
 This function calls:
		Nothing
 This function is called by:
		_glcd_Init
		_glcd_FillScreen
		_glcd_SetCursor
		_glcd_WriteChar8X8
		_glcd_WriteChar3x6
		_glcd_PlotPixel
		_glcd_Image
 This function uses a non-reentrant model


 *************** function _display_7segment *****************
 Defined at:
		line 22 in file "7segment.c"
 Parameters:    Size  Location     Type
		None
 Auto vars:     Size  Location     Type
		None
 Return value:  Size  Location     Type
                  1    wreg      void 
 Registers used:
		wreg
 Tracked objects:
		On entry : 
		On exit  : 
		Unchanged: 
 Data sizes:     COMRAM   BANK0   BANK1   BANK2   BANK3   BANK4   BANK5   BANK6   BANK7
      Params:         0       0       0       0       0       0       0       0       0
      Locals:         0       0       0       0       0       0       0       0       0
      Temps:          0       1       0       0       0       0       0       0       0
      Totals:         0       1       0       0       0       0       0       0       0
Total ram usage:        1 bytes
 Hardware stack levels used:    1
 Hardware stack levels required when called:    4
 This function calls:
		Nothing
 This function is called by:
		_main
 This function uses a non-reentrant model


 *************** function _PWM1_setDC *****************
 Defined at:
		line 35 in file "rectangle.c"
 Parameters:    Size  Location     Type
  dutycycle       2    0[BANK0 ] int 
 Auto vars:     Size  Location     Type
		None
 Return value:  Size  Location     Type
                  1    wreg      void 
 Registers used:
		wreg, status,2
 Tracked objects:
		On entry : 
		On exit  : 
		Unchanged: 
 Data sizes:     COMRAM   BANK0   BANK1   BANK2   BANK3   BANK4   BANK5   BANK6   BANK7
      Params:         0       2       0       0       0       0       0       0       0
      Locals:         0       0       0       0       0       0       0       0       0
      Temps:          0       0       0       0       0       0       0       0       0
      Totals:         0       2       0       0       0       0       0       0       0
Total ram usage:        2 bytes
 Hardware stack levels used:    1
 Hardware stack levels required when called:    4
 This function calls:
		Nothing
 This function is called by:
		_main
 This function uses a non-reentrant model


 *************** function _PWM1_Init *****************
 Defined at:
		line 3 in file "rectangle.c"
 Parameters:    Size  Location     Type
  frequence       4   14[BANK0 ] long 
 Auto vars:     Size  Location     Type
		None
 Return value:  Size  Location     Type
                  1    wreg      void 
 Registers used:
		wreg, status,2, status,0, cstack
 Tracked objects:
		On entry : 
		On exit  : 
		Unchanged: 
 Data sizes:     COMRAM   BANK0   BANK1   BANK2   BANK3   BANK4   BANK5   BANK6   BANK7
      Params:         0       4       0       0       0       0       0       0       0
      Locals:         0       0       0       0       0       0       0       0       0
      Temps:          0       0       0       0       0       0       0       0       0
      Totals:         0       4       0       0       0       0       0       0       0
Total ram usage:        4 bytes
 Hardware stack levels used:    1
 Hardware stack levels required when called:    5
 This function calls:
		___aldiv
 This function is called by:
		_main
 This function uses a non-reentrant model


 *************** function ___aldiv *****************
 Defined at:
		line 7 in file "C:\Program Files (x86)\Microchip\xc8\v2.10\pic\sources\c99\common\aldiv.c"
 Parameters:    Size  Location     Type
  dividend        4    0[BANK0 ] long 
  divisor         4    4[BANK0 ] long 
 Auto vars:     Size  Location     Type
  quotient        4   10[BANK0 ] long 
  sign            1    9[BANK0 ] unsigned char 
  counter         1    8[BANK0 ] unsigned char 
 Return value:  Size  Location     Type
                  4    0[BANK0 ] long 
 Registers used:
		wreg, status,2, status,0
 Tracked objects:
		On entry : 
		On exit  : 
		Unchanged: 
 Data sizes:     COMRAM   BANK0   BANK1   BANK2   BANK3   BANK4   BANK5   BANK6   BANK7
      Params:         0       8       0       0       0       0       0       0       0
      Locals:         0       6       0       0       0       0       0       0       0
      Temps:          0       0       0       0       0       0       0       0       0
      Totals:         0      14       0       0       0       0       0       0       0
Total ram usage:       14 bytes
 Hardware stack levels used:    1
 Hardware stack levels required when called:    4
 This function calls:
		Nothing
 This function is called by:
		_PWM1_Init
 This function uses a non-reentrant model


 *************** function _irq_handle *****************
 Defined at:
		line 21 in file "ADC_interrupt.c"
 Parameters:    Size  Location     Type
		None
 Auto vars:     Size  Location     Type
		None
 Return value:  Size  Location     Type
                  1    wreg      void 
 Registers used:
		wreg, status,2, status,0, prodl, prodh, cstack
 Tracked objects:
		On entry : 
		On exit  : 
		Unchanged: 
 Data sizes:     COMRAM   BANK0   BANK1   BANK2   BANK3   BANK4   BANK5   BANK6   BANK7
      Params:         0       0       0       0       0       0       0       0       0
      Locals:         0       0       0       0       0       0       0       0       0
      Temps:          2       0       0       0       0       0       0       0       0
      Totals:         2       0       0       0       0       0       0       0       0
Total ram usage:        2 bytes
 Hardware stack levels used:    1
 Hardware stack levels required when called:    3
 This function calls:
		_calcul_7segment
 This function is called by:
		Interrupt level 2
 This function uses a non-reentrant model


 *************** function _calcul_7segment *****************
 Defined at:
		line 72 in file "7segment.c"
 Parameters:    Size  Location     Type
  adresh          2   39[COMRAM] int 
 Auto vars:     Size  Location     Type
  voltage_valu    4   49[COMRAM] float 
  fourth_digit    2   47[COMRAM] int 
  third_digit     2   45[COMRAM] int 
  second_digit    2   43[COMRAM] int 
  first_digit     2   41[COMRAM] int 
 Return value:  Size  Location     Type
                  1    wreg      void 
 Registers used:
		wreg, status,2, status,0, prodl, prodh, cstack
 Tracked objects:
		On entry : 
		On exit  : 
		Unchanged: 
 Data sizes:     COMRAM   BANK0   BANK1   BANK2   BANK3   BANK4   BANK5   BANK6   BANK7
      Params:         2       0       0       0       0       0       0       0       0
      Locals:        12       0       0       0       0       0       0       0       0
      Temps:          0       0       0       0       0       0       0       0       0
      Totals:        14       0       0       0       0       0       0       0       0
Total ram usage:       14 bytes
 Hardware stack levels used:    1
 Hardware stack levels required when called:    2
 This function calls:
		___flmul
		___flsub
		___fltol
		___xxtofl
		_correspondance_7segment
 This function is called by:
		_irq_handle
 This function uses a non-reentrant model


 *************** function _correspondance_7segment *****************
 Defined at:
		line 46 in file "7segment.c"
 Parameters:    Size  Location     Type
  val             2    0[COMRAM] int 
 Auto vars:     Size  Location     Type
		None
 Return value:  Size  Location     Type
                  2    0[COMRAM] int 
 Registers used:
		wreg, status,2, status,0
 Tracked objects:
		On entry : 
		On exit  : 
		Unchanged: 
 Data sizes:     COMRAM   BANK0   BANK1   BANK2   BANK3   BANK4   BANK5   BANK6   BANK7
      Params:         2       0       0       0       0       0       0       0       0
      Locals:         0       0       0       0       0       0       0       0       0
      Temps:          0       0       0       0       0       0       0       0       0
      Totals:         2       0       0       0       0       0       0       0       0
Total ram usage:        2 bytes
 Hardware stack levels used:    1
 This function calls:
		Nothing
 This function is called by:
		_calcul_7segment
 This function uses a non-reentrant model


 *************** function ___xxtofl *****************
 Defined at:
		line 10 in file "C:\Program Files (x86)\Microchip\xc8\v2.10\pic\sources\c99\common\xxtofl.c"
 Parameters:    Size  Location     Type
  sign            1    wreg     unsigned char 
  val             4    0[COMRAM] long 
 Auto vars:     Size  Location     Type
  sign            1    8[COMRAM] unsigned char 
  arg             4   10[COMRAM] unsigned long 
  exp             1    9[COMRAM] unsigned char 
 Return value:  Size  Location     Type
                  4    0[COMRAM] unsigned char 
 Registers used:
		wreg, status,2, status,0
 Tracked objects:
		On entry : 
		On exit  : 
		Unchanged: 
 Data sizes:     COMRAM   BANK0   BANK1   BANK2   BANK3   BANK4   BANK5   BANK6   BANK7
      Params:         4       0       0       0       0       0       0       0       0
      Locals:         6       0       0       0       0       0       0       0       0
      Temps:          4       0       0       0       0       0       0       0       0
      Totals:        14       0       0       0       0       0       0       0       0
Total ram usage:       14 bytes
 Hardware stack levels used:    1
 This function calls:
		Nothing
 This function is called by:
		_calcul_7segment
 This function uses a non-reentrant model


 *************** function ___fltol *****************
 Defined at:
		line 43 in file "C:\Program Files (x86)\Microchip\xc8\v2.10\pic\sources\c99\common\fltol.c"
 Parameters:    Size  Location     Type
  f1              4    0[COMRAM] unsigned char 
 Auto vars:     Size  Location     Type
  exp1            1    9[COMRAM] unsigned char 
  sign1           1    8[COMRAM] unsigned char 
 Return value:  Size  Location     Type
                  4    0[COMRAM] long 
 Registers used:
		wreg, status,2, status,0
 Tracked objects:
		On entry : 
		On exit  : 
		Unchanged: 
 Data sizes:     COMRAM   BANK0   BANK1   BANK2   BANK3   BANK4   BANK5   BANK6   BANK7
      Params:         4       0       0       0       0       0       0       0       0
      Locals:         2       0       0       0       0       0       0       0       0
      Temps:          4       0       0       0       0       0       0       0       0
      Totals:        10       0       0       0       0       0       0       0       0
Total ram usage:       10 bytes
 Hardware stack levels used:    1
 This function calls:
		Nothing
 This function is called by:
		_calcul_7segment
 This function uses a non-reentrant model


 *************** function ___flsub *****************
 Defined at:
		line 245 in file "C:\Program Files (x86)\Microchip\xc8\v2.10\pic\sources\c99\common\sprcadd.c"
 Parameters:    Size  Location     Type
  b               4   16[COMRAM] long 
  a               4   20[COMRAM] long 
 Auto vars:     Size  Location     Type
		None
 Return value:  Size  Location     Type
                  4   16[COMRAM] long 
 Registers used:
		wreg, status,2, status,0, cstack
 Tracked objects:
		On entry : 
		On exit  : 
		Unchanged: 
 Data sizes:     COMRAM   BANK0   BANK1   BANK2   BANK3   BANK4   BANK5   BANK6   BANK7
      Params:         8       0       0       0       0       0       0       0       0
      Locals:         0       0       0       0       0       0       0       0       0
      Temps:          0       0       0       0       0       0       0       0       0
      Totals:         8       0       0       0       0       0       0       0       0
Total ram usage:        8 bytes
 Hardware stack levels used:    1
 Hardware stack levels required when called:    1
 This function calls:
		___fladd
 This function is called by:
		_calcul_7segment
 This function uses a non-reentrant model


 *************** function ___fladd *****************
 Defined at:
		line 10 in file "C:\Program Files (x86)\Microchip\xc8\v2.10\pic\sources\c99\common\sprcadd.c"
 Parameters:    Size  Location     Type
  b               4    0[COMRAM] long 
  a               4    4[COMRAM] long 
 Auto vars:     Size  Location     Type
  grs             1   15[COMRAM] unsigned char 
  bexp            1   14[COMRAM] unsigned char 
  aexp            1   13[COMRAM] unsigned char 
  signs           1   12[COMRAM] unsigned char 
 Return value:  Size  Location     Type
                  4    0[COMRAM] unsigned char 
 Registers used:
		wreg, status,2, status,0
 Tracked objects:
		On entry : 
		On exit  : 
		Unchanged: 
 Data sizes:     COMRAM   BANK0   BANK1   BANK2   BANK3   BANK4   BANK5   BANK6   BANK7
      Params:         8       0       0       0       0       0       0       0       0
      Locals:         4       0       0       0       0       0       0       0       0
      Temps:          4       0       0       0       0       0       0       0       0
      Totals:        16       0       0       0       0       0       0       0       0
Total ram usage:       16 bytes
 Hardware stack levels used:    1
 This function calls:
		Nothing
 This function is called by:
		___flsub
 This function uses a non-reentrant model


 *************** function ___flmul *****************
 Defined at:
		line 8 in file "C:\Program Files (x86)\Microchip\xc8\v2.10\pic\sources\c99\common\sprcmul.c"
 Parameters:    Size  Location     Type
  b               4   14[COMRAM] unsigned char 
  a               4   18[COMRAM] unsigned char 
 Auto vars:     Size  Location     Type
  prod            4   33[COMRAM] struct .
  grs             4   27[COMRAM] unsigned long 
  temp            2   37[COMRAM] struct .
  bexp            1   32[COMRAM] unsigned char 
  aexp            1   31[COMRAM] unsigned char 
  sign            1   26[COMRAM] unsigned char 
 Return value:  Size  Location     Type
                  4   14[COMRAM] unsigned char 
 Registers used:
		wreg, status,2, status,0, prodl, prodh
 Tracked objects:
		On entry : 
		On exit  : 
		Unchanged: 
 Data sizes:     COMRAM   BANK0   BANK1   BANK2   BANK3   BANK4   BANK5   BANK6   BANK7
      Params:         8       0       0       0       0       0       0       0       0
      Locals:        13       0       0       0       0       0       0       0       0
      Temps:          4       0       0       0       0       0       0       0       0
      Totals:        25       0       0       0       0       0       0       0       0
Total ram usage:       25 bytes
 Hardware stack levels used:    1
 This function calls:
		Nothing
 This function is called by:
		_calcul_7segment
 This function uses a non-reentrant model



MODULE INFORMATION

Module		Function		Class		Link	Load	Size
KS0108.c
		_glcd_SetCursor		CODE           	1752	0000	111
		_glcd_WriteString		CODE           	182A	0000	95
		_glcd_WriteByte		CODE           	19BC	0000	59
		_glcd_Init     		CODE           	1578	0000	171
		_glcd_WriteChar8X8		CODE           	0FC0	0000	283
		_glcd_FillScreen		CODE           	16C2	0000	145
		_glcd_WriteChar3x6		CODE           	10DA	0000	283

KS0108.c estimated size: 1147

rectangle.c
		_PWM1_Init     		CODE           	14CC	0000	173
		_PWM1_setDC    		CODE           	1A46	0000	11

rectangle.c estimated size: 184

7segment.c
		_correspondance_7segment		CODE           	0D42	0000	325
		_display_7segment		CODE           	17C0	0000	107
		_calcul_7segment		CODE           	08FC	0000	659

7segment.c estimated size: 1091

C:\Program Files (x86)\Microchip\xc8\v2.10\pic\sources\c99\common\xxtofl.c
		___xxtofl      		CODE           	0B8E	0000	437

C:\Program Files (x86)\Microchip\xc8\v2.10\pic\sources\c99\common\xxtofl.c estimated size: 437

C:\Program Files (x86)\Microchip\xc8\v2.10\pic\sources\c99\common\fltol.c
		___fltol       		CODE           	1302	0000	263

C:\Program Files (x86)\Microchip\xc8\v2.10\pic\sources\c99\common\fltol.c estimated size: 263

C:\Program Files (x86)\Microchip\xc8\v2.10\pic\sources\c99\common\aldiv.c
		___aldiv       		CODE           	11F4	0000	271

C:\Program Files (x86)\Microchip\xc8\v2.10\pic\sources\c99\common\aldiv.c estimated size: 271

C:\Program Files (x86)\Microchip\xc8\v2.10\pic\sources\c99\common\sprcmul.c
		___flmul       		CODE           	04D2	0000	1067

C:\Program Files (x86)\Microchip\xc8\v2.10\pic\sources\c99\common\sprcmul.c estimated size: 1067

screen.c
		_display_menu  		CODE           	1622	0000	161
		_display_titre 		CODE           	1408	0000	197
		_display_auteur		CODE           	0E86	0000	315

screen.c estimated size: 673

shared
		_Font3x6       		MEDIUMCONST    	7F3B	0000	196
		_Font8x8       		MEDIUMCONST    	733B	0000	2049
		__initialization		CODE           	197C	0000	51
		_acceuil       		MEDIUMCONST    	7B3B	0000	1025

shared estimated size: 3321

ADC_interrupt.c
		_irq_handle    		CODE           	0008	0000	55
		_initMyPIC18F  		CODE           	1A26	0000	33

ADC_interrupt.c estimated size: 88

C:\Program Files (x86)\Microchip\xc8\v2.10\pic\sources\c99\common\sprcadd.c
		___flsub       		CODE           	1936	0000	71
		___fladd       		CODE           	0012	0000	1217

C:\Program Files (x86)\Microchip\xc8\v2.10\pic\sources\c99\common\sprcadd.c estimated size: 1288

main.c
		_main          		CODE           	18E6	0000	81

main.c estimated size: 81

