Microchip MPLAB XC8 Compiler V2.10 ()

Linker command line:

-W-3 --edf=C:\Program Files (x86)\Microchip\xc8\v2.10\pic\dat\en_msgs.txt \
  -cs -h+dist/default/production\projet_vGit.X.production.sym \
  --cmf=dist/default/production\projet_vGit.X.production.cmf -z -Q18F4550 \
  -oC:\Users\eric1\AppData\Local\Temp\s15c.2 --defsym=__MPLAB_BUILD=1 \
  -Mdist/default/production/projet_vGit.X.production.map -E1 -ver=XC8 \
  --acfsm=1493 -ASTACK=0148h-07FFh -pstack=STACK -ACODE=00h-07FFFh \
  -ACONST=00h-07FFFh -ASMALLCONST=0800h-08FFhx120 \
  -AMEDIUMCONST=0800h-07FFFh -ACOMRAM=01h-05Fh -AABS1=00h-07FFh \
  -ABIGRAM=01h-07FFh -ARAM=060h-0FFh,0100h-01FFhx7 -ABANK0=060h-0FFh \
  -ABANK1=0100h-01FFh -ABANK2=0200h-02FFh -ABANK3=0300h-03FFh \
  -ABANK4=0400h-04FFh -ABANK5=0500h-05FFh -ABANK6=0600h-06FFh \
  -ABANK7=0700h-07FFh -ASFR=0F60h-0FFFh \
  -preset_vec=00h,intcode=08h,intcodelo=018h,powerup,init -pramtop=0800h \
  -psmallconst=SMALLCONST -pmediumconst=MEDIUMCONST -pconst=CONST \
  -AFARRAM=00h-00h -ACONFIG=0300000h-030000Dh -pconfig=CONFIG \
  -AIDLOC=0200000h-0200007h -pidloc=IDLOC -AEEDATA=0F00000h-0F000FFh \
  -peeprom_data=EEDATA \
  -prdata=COMRAM,nvrram=COMRAM,nvbit=COMRAM,rbss=COMRAM,rbit=COMRAM \
  -pfarbss=FARRAM,fardata=FARRAM,nvFARRAM=FARRAM \
  -pintsave_regs=BIGRAM,bigbss=BIGRAM,bigdata=BIGRAM -pbss=RAM \
  -pidata=CODE,irdata=CODE,ibigdata=CODE,ifardata=CODE -prparam=COMRAM \
  C:\Users\eric1\AppData\Local\Temp\s15c.o \
  dist/default/production\projet_vGit.X.production.o 

Object code version is 3.11

Machine type is 18F4550

Call graph: (short form)




                Name                               Link     Load   Length Selector   Space Scale
C:\Users\eric1\AppData\Local\Temp\s15c.o
                init                                 6A       6A        4        C       0
                reset_vec                             0        0        4        0       0
                idloc                            200000   200000        8   200000       0
                config                           300000   300000        E   300000       0
dist/default/production\projet_vGit.X.production.o
                intcodelo                            18       18       52        C       0
                intcode                               8        8        6        4       0
                temp                                 5C       5C        1        1       1
                mediumconst                        733A     733A      CC6     399D       0
                intcode_body                       225C     225C      168        C       0
                text35                               6E       6E      4C0        C       0
                text34                             3388     3388       46        C       0
                text33                             23C4     23C4      144        C       0
                text32                              95A      95A      42A        C       0
                text31                             2A8C     2A8C      106        C       0
                text30                             1F28     1F28      1B4        C       0
                text29                             18E8     18E8      292        C       0
                text27                             2876     2876      10E        C       0
                text26                             32F6     32F6       4A        C       0
                text25                             154C     154C      39C        C       0
                text24                              52E      52E      42C        C       0
                text23                             2984     2984      108        C       0
                text22                             1D70     1D70      1B8        C       0
                text21                             2F7A     2F7A       A2        C       0
                text20                             322E     322E       6A        C       0
                text19                             340A     340A       3A        C       0
                text18                             301C     301C       90        C       0
                text17                             31C0     31C0       6E        C       0
                text16                             275C     275C      11A        C       0
                text15                             2642     2642      11A        C       0
                text14                             3298     3298       5E        C       0
                text13                             2508     2508      13A        C       0
                text12                             2E04     2E04       C6        C       0
                text11                             33CE     33CE       3C        C       0
                text10                             2B92     2B92       E6        C       0
                text9                              2ECA     2ECA       B0        C       0
                text8                              1B7A     1B7A      1F6        C       0
                text7                              3444     3444       36        C       0
                text6                              1196     1196      3B6        C       0
                text5                               D84      D84      412        C       0
                text4                              2D3E     2D3E       C6        C       0
                text3                              30AC     30AC       8E        C       0
                text2                              2C78     2C78       C6        C       0
                text1                              347A     347A       30        C       0
                text0                              20DC     20DC      180        C       0
                cstackCOMRAM                          1        1       33        1       1
                cstackBANK0                          60       60       63       60       1
                dataBANK1                           100      100       48      100       1
                dataBANK0                            E9       E9       11       60       1
                bssBANK0                             C3       C3       26       60       1
                dataCOMRAM                           4B       4B       11        1       1
                bssCOMRAM                            34       34       17        1       1
                cinit                              313A     313A       86        C       0
                nvBANK0                              FA       FA        6       60       1
                idataBANK1                         3340     3340       48        C       0
                idataBANK0                         34BB     34BB       11        C       0
                idataCOMRAM                        34AA     34AA       11        C       0

TOTAL           Name                               Link     Load   Length     Space
        CLASS   STACK          

        CLASS   CODE           
                intcodelo                            18       18       52         0
                intcode                               8        8        6         0
                init                                 6A       6A        4         0
                reset_vec                             0        0        4         0
                intcode_body                       225C     225C      168         0
                text35                               6E       6E      4C0         0
                text34                             3388     3388       46         0
                text33                             23C4     23C4      144         0
                text32                              95A      95A      42A         0
                text31                             2A8C     2A8C      106         0
                text30                             1F28     1F28      1B4         0
                text29                             18E8     18E8      292         0
                text27                             2876     2876      10E         0
                text26                             32F6     32F6       4A         0
                text25                             154C     154C      39C         0
                text24                              52E      52E      42C         0
                text23                             2984     2984      108         0
                text22                             1D70     1D70      1B8         0
                text21                             2F7A     2F7A       A2         0
                text20                             322E     322E       6A         0
                text19                             340A     340A       3A         0
                text18                             301C     301C       90         0
                text17                             31C0     31C0       6E         0
                text16                             275C     275C      11A         0
                text15                             2642     2642      11A         0
                text14                             3298     3298       5E         0
                text13                             2508     2508      13A         0
                text12                             2E04     2E04       C6         0
                text11                             33CE     33CE       3C         0
                text10                             2B92     2B92       E6         0
                text9                              2ECA     2ECA       B0         0
                text8                              1B7A     1B7A      1F6         0
                text7                              3444     3444       36         0
                text6                              1196     1196      3B6         0
                text5                               D84      D84      412         0
                text4                              2D3E     2D3E       C6         0
                text3                              30AC     30AC       8E         0
                text2                              2C78     2C78       C6         0
                text1                              347A     347A       30         0
                text0                              20DC     20DC      180         0
                cinit                              313A     313A       86         0
                idataBANK1                         3340     3340       48         0
                idataBANK0                         34BB     34BB       11         0
                idataCOMRAM                        34AA     34AA       11         0

        CLASS   CONST          

        CLASS   SMALLCONST     

        CLASS   MEDIUMCONST    
                mediumconst                        733A     733A      CC6         0

        CLASS   COMRAM         
                temp                                 5C       5C        1         1
                cstackCOMRAM                          1        1       33         1
                dataCOMRAM                           4B       4B       11         1
                bssCOMRAM                            34       34       17         1

        CLASS   ABS1           

        CLASS   BIGRAM         

        CLASS   RAM            

        CLASS   BANK0          
                cstackBANK0                          60       60       63         1
                dataBANK0                            E9       E9       11         1
                bssBANK0                             C3       C3       26         1
                nvBANK0                              FA       FA        6         1

        CLASS   BANK1          
                dataBANK1                           100      100       48         1

        CLASS   BANK2          

        CLASS   BANK3          

        CLASS   BANK4          

        CLASS   BANK5          

        CLASS   BANK6          

        CLASS   BANK7          

        CLASS   SFR            

        CLASS   FARRAM         

        CLASS   CONFIG         
                config                           300000   300000        E         0

        CLASS   IDLOC          
                idloc                            200000   200000        8         0

        CLASS   EEDATA         



SEGMENTS        Name                           Load    Length   Top    Selector   Space  Class

                reset_vec                      000000  000004  000004         0       0  CODE    
                cstackCOMRAM                   000001  00005C  00005D         1       1  COMRAM  
                intcode                        000008  000006  00000E         4       0  CODE    
                intcodelo                      000018  0034B4  0034CC         C       0  CODE    
                cstackBANK0                    000060  0000A0  000100        60       1  BANK0   
                dataBANK1                      000100  000048  000148       100       1  BANK1   
                mediumconst                    00733A  000CC6  008000      399D       0  MEDIUMCO
                idloc                          200000  000008  200008    200000       0  IDLOC   
                config                         300000  00000E  30000E    300000       0  CONFIG  


UNUSED ADDRESS RANGES

        Name                Unused          Largest block    Delta
        BANK1            000148-0001FF               B8
        BANK2            000200-0002FF              100
        BANK3            000300-0003FF              100
        BANK4            000400-0004FF              100
        BANK5            000500-0005FF              100
        BANK6            000600-0006FF              100
        BANK7            000700-0007FF              100
        BIGRAM           00005D-00005F                3
                         000148-0007FF              6B8
        CODE             000004-000007                4
                         00000E-000017                A
                         0034CC-007339             3E6E
        COMRAM           00005D-00005F                3
        CONST            000004-000007                4
                         00000E-000017                A
                         0034CC-007339             3E6E
        EEDATA           F00000-F000FF              100
        MEDIUMCONST      0034CC-007339             3E6E
        RAM              000148-0007FF              100
        SFR              000F60-000FFF               A0
        SMALLCONST       0034CC-007339              100
        STACK            000148-0007FF              6B8

                                  Symbol Table

?___aldiv                           cstackBANK0  000060
?___awdiv                           cstackBANK0  000060
?___fladd                           cstackCOMRAM 000002
?___fldiv                           cstackBANK0  000060
?___flmul                           cstackBANK0  000079
?___flsub                           cstackCOMRAM 000012
?___fltol                           cstackBANK0  000076
?___xxtofl                          cstackBANK0  000060
?_correspondance_7segment           cstackCOMRAM 000002
?_fabsf                             cstackBANK0  00006E
?i1___flmul                         cstackCOMRAM 000010
?i1___fltol                         cstackCOMRAM 000002
?i1___xxtofl                        cstackCOMRAM 000002
PWM1_Init@freq                      cstackBANK0  00006E
PWM1_setDC@calcul                   cstackBANK0  000098
PWM1_setDC@dc                       cstackBANK0  000092
_ADCON0                             (abs)        000FC2
_ADCON0bits                         (abs)        000FC2
_ADCON1                             (abs)        000FC1
_ADRESH                             (abs)        000FC4
_CCP2CON                            (abs)        000FBA
_CCP2CONbits                        (abs)        000FBA
_CCPR2L                             (abs)        000FBB
_Font3x6                            mediumconst  007F3B
_Font8x8                            mediumconst  00733B
_INTCON2bits                        (abs)        000FF1
_INTCONbits                         (abs)        000FF2
_IPR1bits                           (abs)        000F9F
_LATBbits                           (abs)        000F8A
_LATD                               (abs)        000F8C
_OSCCON                             (abs)        000FD3
_PIE1bits                           (abs)        000F9D
_PIR1bits                           (abs)        000F9E
_PORTA                              (abs)        000F80
_PORTAbits                          (abs)        000F80
_PORTB                              (abs)        000F81
_PORTBbits                          (abs)        000F81
_PORTD                              (abs)        000F83
_PR2                                (abs)        000FCB
_PWM1_Init                          text26       0032F6
_PWM1_setDC                         text21       002F7A
_RCONbits                           (abs)        000FD0
_T2CON                              (abs)        000FCA
_TMR2                               (abs)        000FCC
_TRISA                              (abs)        000F92
_TRISB                              (abs)        000F93
_TRISC                              (abs)        000F94
_TRISD                              (abs)        000F95
__CFG_BOR$OFF                       (abs)        000000
__CFG_CPD$OFF                       (abs)        000000
__CFG_CPUDIV$OSC1_PLL2              (abs)        000000
__CFG_FOSC$HS                       (abs)        000000
__CFG_LVP$OFF                       (abs)        000000
__CFG_MCLRE$ON                      (abs)        000000
__CFG_PBADEN$OFF                    (abs)        000000
__CFG_PWRT$OFF                      (abs)        000000
__CFG_WDT$OFF                       (abs)        000000
__HRAM                              (abs)        000000
__Habs1                             abs1         000000
__Hbank0                            bank0        000000
__Hbank1                            bank1        000000
__Hbank2                            bank2        000000
__Hbank3                            bank3        000000
__Hbank4                            bank4        000000
__Hbank5                            bank5        000000
__Hbank6                            bank6        000000
__Hbank7                            bank7        000000
__Hbigbss                           bigbss       000000
__Hbigdata                          bigdata      000000
__Hbigram                           bigram       000000
__Hbss                              bss          000000
__HbssBANK0                         bssBANK0     000000
__HbssCOMRAM                        bssCOMRAM    000000
__Hcinit                            cinit        000000
__Hclrtext                          clrtext      000000
__Hcomram                           comram       000000
__Hconfig                           config       30000E
__Hconst                            const        000000
__HcstackBANK0                      cstackBANK0  000000
__HcstackCOMRAM                     cstackCOMRAM 000000
__Hdata                             data         000000
__HdataBANK0                        dataBANK0    000000
__HdataBANK1                        dataBANK1    000000
__HdataCOMRAM                       dataCOMRAM   000000
__Heeprom_data                      eeprom_data  000000
__Hfarbss                           farbss       000000
__Hfardata                          fardata      000000
__Hibigdata                         ibigdata     000000
__Hidata                            idata        000000
__HidataBANK0                       idataBANK0   000000
__HidataBANK1                       idataBANK1   000000
__HidataCOMRAM                      idataCOMRAM  000000
__Hidloc                            idloc        200008
__Hifardata                         ifardata     000000
__Hinit                             init         00006E
__Hintcode                          intcode      00000E
__Hintcode_body                     intcode_body 000000
__Hintcodelo                        intcodelo    00006A
__Hintentry                         intentry     000000
__Hintret                           intret       000000
__Hintsave_regs                     intsave_regs 000000
__Hirdata                           irdata       000000
__Hmediumconst                      mediumconst  008000
__HnvBANK0                          nvBANK0      000000
__HnvFARRAM                         nvFARRAM     000000
__Hnvbit                            nvbit        000000
__Hnvrram                           nvrram       000000
__Hparam                            rparam       000000
__Hpowerup                          powerup      00006A
__Hram                              ram          000000
__Hramtop                           ramtop       000800
__Hrbit                             rbit         000000
__Hrbss                             rbss         000000
__Hrdata                            rdata        000000
__Hreset_vec                        reset_vec    000004
__Hrparam                           rparam       000000
__Hsfr                              sfr          000000
__Hsmallconst                       smallconst   000000
__Hspace_0                          (abs)        30000E
__Hspace_1                          (abs)        000148
__Hspace_2                          (abs)        000000
__Hstack                            stack        000000
__Hstruct                           struct       000000
__Htemp                             temp         00005D
__Htext                             text         000000
__Htext0                            text0        000000
__Htext1                            text1        000000
__Htext10                           text10       000000
__Htext11                           text11       000000
__Htext12                           text12       000000
__Htext13                           text13       000000
__Htext14                           text14       000000
__Htext15                           text15       000000
__Htext16                           text16       000000
__Htext17                           text17       000000
__Htext18                           text18       000000
__Htext19                           text19       000000
__Htext2                            text2        000000
__Htext20                           text20       000000
__Htext21                           text21       000000
__Htext22                           text22       000000
__Htext23                           text23       000000
__Htext24                           text24       000000
__Htext25                           text25       000000
__Htext26                           text26       000000
__Htext27                           text27       000000
__Htext29                           text29       000000
__Htext3                            text3        000000
__Htext30                           text30       000000
__Htext31                           text31       000000
__Htext32                           text32       000000
__Htext33                           text33       000000
__Htext34                           text34       000000
__Htext35                           text35       000000
__Htext4                            text4        000000
__Htext5                            text5        000000
__Htext6                            text6        000000
__Htext7                            text7        000000
__Htext8                            text8        000000
__Htext9                            text9        000000
__LRAM                              (abs)        000001
__Labs1                             abs1         000000
__Lbank0                            bank0        000000
__Lbank1                            bank1        000000
__Lbank2                            bank2        000000
__Lbank3                            bank3        000000
__Lbank4                            bank4        000000
__Lbank5                            bank5        000000
__Lbank6                            bank6        000000
__Lbank7                            bank7        000000
__Lbigbss                           bigbss       000000
__Lbigdata                          bigdata      000000
__Lbigram                           bigram       000000
__Lbss                              bss          000000
__LbssBANK0                         bssBANK0     000000
__LbssCOMRAM                        bssCOMRAM    000000
__Lcinit                            cinit        000000
__Lclrtext                          clrtext      000000
__Lcomram                           comram       000000
__Lconfig                           config       300000
__Lconst                            const        000000
__LcstackBANK0                      cstackBANK0  000000
__LcstackCOMRAM                     cstackCOMRAM 000000
__Ldata                             data         000000
__LdataBANK0                        dataBANK0    000000
__LdataBANK1                        dataBANK1    000000
__LdataCOMRAM                       dataCOMRAM   000000
__Leeprom_data                      eeprom_data  000000
__Lfarbss                           farbss       000000
__Lfardata                          fardata      000000
__Libigdata                         ibigdata     000000
__Lidata                            idata        000000
__LidataBANK0                       idataBANK0   000000
__LidataBANK1                       idataBANK1   000000
__LidataCOMRAM                      idataCOMRAM  000000
__Lidloc                            idloc        200000
__Lifardata                         ifardata     000000
__Linit                             init         00006A
__Lintcode                          intcode      000008
__Lintcode_body                     intcode_body 000000
__Lintcodelo                        intcodelo    000018
__Lintentry                         intentry     000000
__Lintret                           intret       000000
__Lintsave_regs                     intsave_regs 000000
__Lirdata                           irdata       000000
__Lmediumconst                      mediumconst  00733A
__LnvBANK0                          nvBANK0      000000
__LnvFARRAM                         nvFARRAM     000000
__Lnvbit                            nvbit        000000
__Lnvrram                           nvrram       000000
__Lparam                            rparam       000000
__Lpowerup                          powerup      00006A
__Lram                              ram          000000
__Lramtop                           ramtop       000800
__Lrbit                             rbit         000000
__Lrbss                             rbss         000000
__Lrdata                            rdata        000000
__Lreset_vec                        reset_vec    000000
__Lrparam                           rparam       000000
__Lsfr                              sfr          000000
__Lsmallconst                       smallconst   000000
__Lspace_0                          (abs)        000000
__Lspace_1                          (abs)        000000
__Lspace_2                          (abs)        000000
__Lstack                            stack        000000
__Lstruct                           struct       000000
__Ltemp                             temp         00005C
__Ltext                             text         000000
__Ltext0                            text0        000000
__Ltext1                            text1        000000
__Ltext10                           text10       000000
__Ltext11                           text11       000000
__Ltext12                           text12       000000
__Ltext13                           text13       000000
__Ltext14                           text14       000000
__Ltext15                           text15       000000
__Ltext16                           text16       000000
__Ltext17                           text17       000000
__Ltext18                           text18       000000
__Ltext19                           text19       000000
__Ltext2                            text2        000000
__Ltext20                           text20       000000
__Ltext21                           text21       000000
__Ltext22                           text22       000000
__Ltext23                           text23       000000
__Ltext24                           text24       000000
__Ltext25                           text25       000000
__Ltext26                           text26       000000
__Ltext27                           text27       000000
__Ltext29                           text29       000000
__Ltext3                            text3        000000
__Ltext30                           text30       000000
__Ltext31                           text31       000000
__Ltext32                           text32       000000
__Ltext33                           text33       000000
__Ltext34                           text34       000000
__Ltext35                           text35       000000
__Ltext4                            text4        000000
__Ltext5                            text5        000000
__Ltext6                            text6        000000
__Ltext7                            text7        000000
__Ltext8                            text8        000000
__Ltext9                            text9        000000
__S0                                (abs)        30000E
__S1                                (abs)        000148
__S2                                (abs)        000000
___aldiv                            text27       002876
___aldiv@counter                    cstackBANK0  000068
___aldiv@dividend                   cstackBANK0  000060
___aldiv@divisor                    cstackBANK0  000064
___aldiv@quotient                   cstackBANK0  00006A
___aldiv@sign                       cstackBANK0  000069
___awdiv                            text12       002E04
___awdiv@counter                    cstackBANK0  000064
___awdiv@dividend                   cstackBANK0  000060
___awdiv@divisor                    cstackBANK0  000062
___awdiv@quotient                   cstackBANK0  000066
___awdiv@sign                       cstackBANK0  000065
___fladd                            text35       00006E
___fladd@a                          cstackCOMRAM 000006
___fladd@aexp                       cstackCOMRAM 00000F
___fladd@b                          cstackCOMRAM 000002
___fladd@bexp                       cstackCOMRAM 000010
___fladd@grs                        cstackCOMRAM 000011
___fladd@signs                      cstackCOMRAM 00000E
___fldiv                            text25       00154C
___fldiv@a                          cstackBANK0  000064
___fldiv@aexp                       cstackBANK0  000078
___fldiv@b                          cstackBANK0  000060
___fldiv@bexp                       cstackBANK0  000077
___fldiv@grs                        cstackBANK0  000073
___fldiv@new_exp                    cstackBANK0  000071
___fldiv@rem                        cstackBANK0  00006C
___fldiv@sign                       cstackBANK0  000070
___flmul                            text24       00052E
___flmul@a                          cstackBANK0  00007D
___flmul@aexp                       cstackBANK0  00008A
___flmul@b                          cstackBANK0  000079
___flmul@bexp                       cstackBANK0  00008B
___flmul@grs                        cstackBANK0  000086
___flmul@prod                       cstackBANK0  00008C
___flmul@sign                       cstackBANK0  000085
___flmul@temp                       cstackBANK0  000090
___flsub                            text34       003388
___flsub@a                          cstackCOMRAM 000016
___flsub@b                          cstackCOMRAM 000012
___fltol                            text23       002984
___fltol@exp1                       cstackBANK0  00007F
___fltol@f1                         cstackBANK0  000076
___fltol@sign1                      cstackBANK0  00007E
___inthi_sp                         stack        000000
___intlo_sp                         stack        000000
___param_bank                       (abs)        000000
___rparam_used                      (abs)        000001
___sp                               stack        000000
___xxtofl                           text22       001D70
___xxtofl@arg                       cstackBANK0  00006A
___xxtofl@exp                       cstackBANK0  000069
___xxtofl@sign                      cstackBANK0  000068
___xxtofl@val                       cstackBANK0  000060
__accesstop                         (abs)        000060
__activetblptr                      (abs)        000002
__end_of_Font3x6                    mediumconst  007FFE
__end_of_Font8x8                    mediumconst  007B3B
__end_of_PWM1_Init                  text26       003340
__end_of_PWM1_setDC                 text21       00301C
__end_of___aldiv                    text27       002984
__end_of___awdiv                    text12       002ECA
__end_of___fladd                    text35       00052E
__end_of___fldiv                    text25       0018E8
__end_of___flmul                    text24       00095A
__end_of___flsub                    text34       0033CE
__end_of___fltol                    text23       002A8C
__end_of___xxtofl                   text22       001F28
__end_of__initialization            cinit        0031B2
__end_of_acceuil                    mediumconst  007F3B
__end_of_calcul_7segment            text29       001B7A
__end_of_correspondance_7segment    text33       002508
__end_of_display_7segment           text20       003298
__end_of_display_auteur             text13       002642
__end_of_display_line               text9        002F7A
__end_of_display_menu               text8        001D70
__end_of_display_oscillo            text5        001196
__end_of_display_titre              text4        002E04
__end_of_draw_line                  text6        00154C
__end_of_fabsf                      text7        00347A
__end_of_glcd_FillScreen            text18       0030AC
__end_of_glcd_Image                 text3        00313A
__end_of_glcd_Init                  text2        002D3E
__end_of_glcd_PlotPixel             text10       002C78
__end_of_glcd_ReadByte              text11       00340A
__end_of_glcd_SetCursor             text17       00322E
__end_of_glcd_WriteByte             text19       003444
__end_of_glcd_WriteChar3x6          text16       002876
__end_of_glcd_WriteChar8X8          text15       00275C
__end_of_glcd_WriteString           text14       0032F6
__end_of_initMyPIC18F               text1        0034AA
__end_of_irq_handle_high            intcode_body 0023C4
__end_of_irq_handle_low             intcodelo    00006A
__end_of_main                       text0        00225C
__end_ofi1___flmul                  text32       000D84
__end_ofi1___fltol                  text31       002B92
__end_ofi1___xxtofl                 text30       0020DC
__initialization                    cinit        00313A
__mediumconst                       mediumconst  00733A
__pbssBANK0                         bssBANK0     0000C3
__pbssCOMRAM                        bssCOMRAM    000034
__pcinit                            cinit        00313A
__pcstackBANK0                      cstackBANK0  000060
__pcstackCOMRAM                     cstackCOMRAM 000001
__pdataBANK0                        dataBANK0    0000E9
__pdataBANK1                        dataBANK1    000100
__pdataCOMRAM                       dataCOMRAM   00004B
__pidataBANK0                       idataBANK0   0034BB
__pidataBANK1                       idataBANK1   003340
__pidataCOMRAM                      idataCOMRAM  0034AA
__pintcode                          intcode      000008
__pintcode_body                     intcode_body 00225C
__pintcodelo                        intcodelo    000018
__pmediumconst                      mediumconst  00733A
__pnvBANK0                          nvBANK0      0000FA
__ptext0                            text0        0020DC
__ptext1                            text1        00347A
__ptext10                           text10       002B92
__ptext11                           text11       0033CE
__ptext12                           text12       002E04
__ptext13                           text13       002508
__ptext14                           text14       003298
__ptext15                           text15       002642
__ptext16                           text16       00275C
__ptext17                           text17       0031C0
__ptext18                           text18       00301C
__ptext19                           text19       00340A
__ptext2                            text2        002C78
__ptext20                           text20       00322E
__ptext21                           text21       002F7A
__ptext22                           text22       001D70
__ptext23                           text23       002984
__ptext24                           text24       00052E
__ptext25                           text25       00154C
__ptext26                           text26       0032F6
__ptext27                           text27       002876
__ptext29                           text29       0018E8
__ptext3                            text3        0030AC
__ptext30                           text30       001F28
__ptext31                           text31       002A8C
__ptext32                           text32       00095A
__ptext33                           text33       0023C4
__ptext34                           text34       003388
__ptext35                           text35       00006E
__ptext4                            text4        002D3E
__ptext5                            text5        000D84
__ptext6                            text6        001196
__ptext7                            text7        003444
__ptext8                            text8        001B7A
__ptext9                            text9        002ECA
__ramtop                            ramtop       000800
__size_of_PWM1_Init                 (abs)        000000
__size_of_PWM1_setDC                (abs)        000000
__size_of___aldiv                   (abs)        000000
__size_of___awdiv                   (abs)        000000
__size_of___fladd                   (abs)        000000
__size_of___fldiv                   (abs)        000000
__size_of___flmul                   (abs)        000000
__size_of___flsub                   (abs)        000000
__size_of___fltol                   (abs)        000000
__size_of___xxtofl                  (abs)        000000
__size_of_calcul_7segment           (abs)        000000
__size_of_correspondance_7segment   (abs)        000000
__size_of_display_7segment          (abs)        000000
__size_of_display_auteur            (abs)        000000
__size_of_display_line              (abs)        000000
__size_of_display_menu              (abs)        000000
__size_of_display_oscillo           (abs)        000000
__size_of_display_titre             (abs)        000000
__size_of_draw_line                 (abs)        000000
__size_of_fabsf                     (abs)        000000
__size_of_glcd_FillScreen           (abs)        000000
__size_of_glcd_Image                (abs)        000000
__size_of_glcd_Init                 (abs)        000000
__size_of_glcd_PlotPixel            (abs)        000000
__size_of_glcd_ReadByte             (abs)        000000
__size_of_glcd_SetCursor            (abs)        000000
__size_of_glcd_WriteByte            (abs)        000000
__size_of_glcd_WriteChar3x6         (abs)        000000
__size_of_glcd_WriteChar8X8         (abs)        000000
__size_of_glcd_WriteString          (abs)        000000
__size_of_initMyPIC18F              (abs)        000000
__size_of_irq_handle_high           (abs)        000000
__size_of_irq_handle_low            (abs)        000000
__size_of_main                      (abs)        000000
__size_ofi1___flmul                 (abs)        000000
__size_ofi1___fltol                 (abs)        000000
__size_ofi1___xxtofl                (abs)        000000
__smallconst                        smallconst   000000
_acceuil                            mediumconst  007B3B
_adc_prec1                          bssBANK0     0000D1
_adc_prec2                          bssBANK0     0000CF
_adc_prec3                          bssBANK0     0000CD
_calcul_7segment                    text29       0018E8
_correspondance_7segment            text33       0023C4
_cpt                                bssBANK0     0000D9
_cpt_prec1                          bssBANK0     0000D3
_current_oscillo_mode               bssBANK0     0000DF
_currently_in_menu                  bssBANK0     0000E5
_currently_in_oscillo               bssBANK0     0000DD
_display_7segment                   text20       00322E
_display_auteur                     text13       002508
_display_line                       text9        002ECA
_display_menu                       text8        001B7A
_display_oscillo                    text5        000D84
_display_titre                      text4        002D3E
_double_edge                        bssCOMRAM    000039
_double_edgeRB7                     bssCOMRAM    000037
_draw_line                          text6        001196
_dutycycle                          nvBANK0      0000FE
_fabsf                              text7        003444
_first_digit                        bssCOMRAM    000049
_fourth_digit                       bssCOMRAM    000043
_frequence                          nvBANK0      0000FA
_glcd_FillScreen                    text18       00301C
_glcd_Image                         text3        0030AC
_glcd_Init                          text2        002C78
_glcd_PlotPixel                     text10       002B92
_glcd_ReadByte                      text11       0033CE
_glcd_SetCursor                     text17       0031C0
_glcd_WriteByte                     text19       00340A
_glcd_WriteChar3x6                  text16       00275C
_glcd_WriteChar8X8                  text15       002642
_glcd_WriteString                   text14       003298
_global_ADC_value                   bssBANK0     0000D5
_global_FOUR                        bssCOMRAM    00003B
_global_ONE                         bssCOMRAM    000041
_global_THREE                       bssCOMRAM    00003D
_global_TWO                         bssCOMRAM    00003F
_have_to_FillScreen                 bssBANK0     0000D7
_initMyPIC18F                       text1        00347A
_irq_handle_high                    intcode      000008
_irq_handle_low                     intcodelo    000018
_main                               text0        0020DC
_main$1681                          cstackBANK0  0000BD
_main$1682                          cstackBANK0  0000C1
_menu_selector                      bssBANK0     0000E3
_need_menu_refresh                  bssBANK0     0000E1
_need_osc_refresh                   bssBANK0     0000DB
_second_digit                       bssCOMRAM    000047
_third_digit                        bssCOMRAM    000045
_x                                  bssBANK0     0000E8
_y                                  bssBANK0     0000E7
btemp                               temp         00005C
calcul_7segment@adresh              cstackCOMRAM 000029
calcul_7segment@voltage_value       cstackCOMRAM 00002B
correspondance_7segment@val         cstackCOMRAM 000002
display_auteur@F3742                dataBANK0    0000E9
display_auteur@F3744                dataCOMRAM   000057
display_auteur@F3746                dataBANK0    0000F8
display_auteur@F3748                dataBANK1    000139
display_auteur@F3750                dataCOMRAM   00004B
display_auteur@string1              cstackBANK0  00008C
display_auteur@string2              cstackBANK0  000087
display_auteur@string3              cstackBANK0  00008F
display_auteur@string4              cstackBANK0  000079
display_auteur@string5              cstackBANK0  000081
display_line@color                  cstackBANK0  000079
display_line@final_x                cstackBANK0  000075
display_line@final_y                cstackBANK0  000077
display_line@i                      cstackBANK0  00007C
display_line@i_536                  cstackBANK0  00007E
display_line@x                      cstackBANK0  000071
display_line@y                      cstackBANK0  000073
display_menu@F3753                  dataBANK1    000110
display_menu@F3755                  dataBANK1    000120
display_menu@F3757                  dataBANK1    000100
display_menu@F3759                  dataBANK0    0000F6
display_menu@F3761                  dataBANK0    0000F4
display_menu@string1                cstackBANK0  000080
display_menu@string2                cstackBANK0  0000A0
display_menu@string3                cstackBANK0  000090
display_menu@string4                cstackBANK0  0000AF
display_menu@string5                cstackBANK0  0000B1
display_oscillo@ADC_value           cstackBANK0  0000A2
display_oscillo@F3765               dataBANK0    0000F2
display_oscillo@F3767               dataBANK0    0000F0
display_oscillo@F3769               dataBANK0    0000EE
display_oscillo@F3771               dataBANK0    0000EC
display_oscillo@digit1              cstackBANK0  0000AF
display_oscillo@digit2              cstackBANK0  0000AE
display_oscillo@digit3              cstackBANK0  0000AD
display_oscillo@digit4              cstackBANK0  0000AC
display_oscillo@i                   cstackBANK0  0000B9
display_oscillo@string1             cstackBANK0  0000A4
display_oscillo@string2             cstackBANK0  0000A6
display_oscillo@string3             cstackBANK0  0000A8
display_oscillo@string4             cstackBANK0  0000AA
display_oscillo@string_first_digit  cstackBANK0  0000B7
display_oscillo@string_fourth_digit cstackBANK0  0000B0
display_oscillo@string_second_digit cstackBANK0  0000B5
display_oscillo@string_third_digit  cstackBANK0  0000B3
display_titre@F3735                 dataBANK1    000141
display_titre@F3737                 dataCOMRAM   000051
display_titre@F3739                 dataBANK1    00012F
display_titre@string1               cstackBANK0  000083
display_titre@string2               cstackBANK0  00008A
display_titre@string3               cstackBANK0  000079
draw_line@color                     cstackBANK0  000088
draw_line@dx                        cstackBANK0  000096
draw_line@dx1                       cstackBANK0  00009A
draw_line@dy                        cstackBANK0  000098
draw_line@dy1                       cstackBANK0  00009C
draw_line@i                         cstackBANK0  00008C
draw_line@px                        cstackBANK0  000092
draw_line@py                        cstackBANK0  000094
draw_line@x                         cstackBANK0  00009E
draw_line@x1                        cstackBANK0  000080
draw_line@x2                        cstackBANK0  000084
draw_line@xe                        cstackBANK0  00008E
draw_line@y                         cstackBANK0  0000A0
draw_line@y1                        cstackBANK0  000082
draw_line@y2                        cstackBANK0  000086
draw_line@ye                        cstackBANK0  000090
end_of_initialization               cinit        0031B2
fabsf@F463                          bssBANK0     0000C3
fabsf@u                             cstackBANK0  000072
fabsf@x                             cstackBANK0  00006E
glcd_FillScreen@color               cstackBANK0  00006A
glcd_FillScreen@i                   cstackBANK0  00006C
glcd_FillScreen@j                   cstackBANK0  00006B
glcd_Image@cs                       cstackBANK0  00006E
glcd_Image@i                        cstackBANK0  00006D
glcd_Image@j                        cstackBANK0  00006C
glcd_Image@ptr                      cstackBANK0  00006A
glcd_Init@mode                      cstackBANK0  00006E
glcd_PlotPixel@color                cstackBANK0  00006B
glcd_PlotPixel@data                 cstackBANK0  00006F
glcd_PlotPixel@side                 cstackBANK0  000070
glcd_PlotPixel@xpos                 cstackBANK0  00006E
glcd_PlotPixel@ypos                 cstackBANK0  00006A
glcd_ReadByte@data                  cstackBANK0  000061
glcd_ReadByte@side                  cstackBANK0  000060
glcd_SetCursor@side                 cstackBANK0  00006B
glcd_SetCursor@xpos                 cstackBANK0  00006C
glcd_SetCursor@ypos                 cstackBANK0  00006A
glcd_WriteByte@data                 cstackBANK0  000068
glcd_WriteByte@side                 cstackBANK0  000069
glcd_WriteChar3x6@ch                cstackBANK0  00006E
glcd_WriteChar3x6@color             cstackBANK0  00006A
glcd_WriteChar3x6@i                 cstackBANK0  00006F
glcd_WriteChar3x6@side              cstackBANK0  000070
glcd_WriteChar3x6@xpos              cstackBANK0  00006D
glcd_WriteChar8X8@ch                cstackBANK0  00006F
glcd_WriteChar8X8@chr               cstackBANK0  00006D
glcd_WriteChar8X8@color             cstackBANK0  00006A
glcd_WriteChar8X8@i                 cstackBANK0  000071
glcd_WriteChar8X8@side              cstackBANK0  000072
glcd_WriteChar8X8@xpos              cstackBANK0  000070
glcd_WriteString@color              cstackBANK0  000076
glcd_WriteString@font               cstackBANK0  000075
glcd_WriteString@str                cstackBANK0  000073
i1___flmul                          text32       00095A
i1___flmul@a                        cstackCOMRAM 000014
i1___flmul@aexp                     cstackCOMRAM 000021
i1___flmul@b                        cstackCOMRAM 000010
i1___flmul@bexp                     cstackCOMRAM 000022
i1___flmul@grs                      cstackCOMRAM 00001D
i1___flmul@prod                     cstackCOMRAM 000023
i1___flmul@sign                     cstackCOMRAM 00001C
i1___flmul@temp                     cstackCOMRAM 000027
i1___fltol                          text31       002A8C
i1___fltol@exp1                     cstackCOMRAM 00000B
i1___fltol@f1                       cstackCOMRAM 000002
i1___fltol@sign1                    cstackCOMRAM 00000A
i1___xxtofl                         text30       001F28
i1___xxtofl@arg                     cstackCOMRAM 00000C
i1___xxtofl@exp                     cstackCOMRAM 00000B
i1___xxtofl@sign                    cstackCOMRAM 00000A
i1___xxtofl@val                     cstackCOMRAM 000002
int$flags                           temp         00005C
int_func                            intcode_body 00225C
intlevel0                           text         000000
intlevel1                           text         000000
intlevel2                           text         000000
intlevel3                           text         000000
stackhi                             (abs)        0007FF
stacklo                             (abs)        000148
start                               init         00006A
start_initialization                cinit        00313A
ttemp5                              temp         00005D
ttemp6                              temp         000060
ttemp7                              temp         000064
wtemp8                              temp         00005D


FUNCTION INFORMATION:

 *************** function _main *****************
 Defined at:
		line 3 in file "main.c"
 Parameters:    Size  Location     Type
		None
 Auto vars:     Size  Location     Type
		None
 Return value:  Size  Location     Type
                  1    wreg      void 
 Registers used:
		wreg, fsr1l, fsr1h, fsr2l, fsr2h, status,2, status,0, tblptrl, tblptrh, tblptru, prodl, prodh, cstack
 Tracked objects:
		On entry : 
		On exit  : 
		Unchanged: 
 Data sizes:     COMRAM   BANK0   BANK1   BANK2   BANK3   BANK4   BANK5   BANK6   BANK7
      Params:         0       0       0       0       0       0       0       0       0
      Locals:         0       6       0       0       0       0       0       0       0
      Temps:          0       2       0       0       0       0       0       0       0
      Totals:         0       8       0       0       0       0       0       0       0
Total ram usage:        8 bytes
 Hardware stack levels required when called:    9
 This function calls:
		_PWM1_Init
		_PWM1_setDC
		___awdiv
		___xxtofl
		_display_7segment
		_display_auteur
		_display_menu
		_display_oscillo
		_display_titre
		_glcd_FillScreen
		_glcd_Image
		_glcd_Init
		_initMyPIC18F
 This function is called by:
		Startup code after reset
 This function uses a non-reentrant model


 *************** function _initMyPIC18F *****************
 Defined at:
		line 7 in file "Interrupt.c"
 Parameters:    Size  Location     Type
		None
 Auto vars:     Size  Location     Type
		None
 Return value:  Size  Location     Type
                  1    wreg      void 
 Registers used:
		wreg, status,2
 Tracked objects:
		On entry : 
		On exit  : 
		Unchanged: 
 Data sizes:     COMRAM   BANK0   BANK1   BANK2   BANK3   BANK4   BANK5   BANK6   BANK7
      Params:         0       0       0       0       0       0       0       0       0
      Locals:         0       0       0       0       0       0       0       0       0
      Temps:          0       0       0       0       0       0       0       0       0
      Totals:         0       0       0       0       0       0       0       0       0
Total ram usage:        0 bytes
 Hardware stack levels used:    1
 Hardware stack levels required when called:    5
 This function calls:
		Nothing
 This function is called by:
		_main
 This function uses a non-reentrant model


 *************** function _glcd_Init *****************
 Defined at:
		line 404 in file "KS0108.c"
 Parameters:    Size  Location     Type
  mode            1    wreg     unsigned char 
 Auto vars:     Size  Location     Type
  mode            1   14[BANK0 ] unsigned char 
 Return value:  Size  Location     Type
                  1    wreg      void 
 Registers used:
		wreg, status,2, status,0, prodl, prodh, cstack
 Tracked objects:
		On entry : 
		On exit  : 
		Unchanged: 
 Data sizes:     COMRAM   BANK0   BANK1   BANK2   BANK3   BANK4   BANK5   BANK6   BANK7
      Params:         0       0       0       0       0       0       0       0       0
      Locals:         0       1       0       0       0       0       0       0       0
      Temps:          0       1       0       0       0       0       0       0       0
      Totals:         0       2       0       0       0       0       0       0       0
Total ram usage:        2 bytes
 Hardware stack levels used:    1
 Hardware stack levels required when called:    7
 This function calls:
		_glcd_FillScreen
		_glcd_WriteByte
 This function is called by:
		_main
 This function uses a non-reentrant model


 *************** function _glcd_Image *****************
 Defined at:
		line 711 in file "KS0108.c"
 Parameters:    Size  Location     Type
		None
 Auto vars:     Size  Location     Type
  ptr             2   10[BANK0 ] int 
  cs              1   14[BANK0 ] unsigned char 
  i               1   13[BANK0 ] unsigned char 
  j               1   12[BANK0 ] unsigned char 
 Return value:  Size  Location     Type
                  1    wreg      void 
 Registers used:
		wreg, status,2, status,0, tblptrl, tblptrh, tblptru, cstack
 Tracked objects:
		On entry : 
		On exit  : 
		Unchanged: 
 Data sizes:     COMRAM   BANK0   BANK1   BANK2   BANK3   BANK4   BANK5   BANK6   BANK7
      Params:         0       0       0       0       0       0       0       0       0
      Locals:         0       5       0       0       0       0       0       0       0
      Temps:          0       0       0       0       0       0       0       0       0
      Totals:         0       5       0       0       0       0       0       0       0
Total ram usage:        5 bytes
 Hardware stack levels used:    1
 Hardware stack levels required when called:    6
 This function calls:
		_glcd_WriteByte
 This function is called by:
		_main
 This function uses a non-reentrant model


 *************** function _display_titre *****************
 Defined at:
		line 90 in file "screen.c"
 Parameters:    Size  Location     Type
		None
 Auto vars:     Size  Location     Type
  string3        10   25[BANK0 ] unsigned char [10]
  string1         7   35[BANK0 ] unsigned char [7]
  string2         6   42[BANK0 ] unsigned char [6]
 Return value:  Size  Location     Type
                  1    wreg      void 
 Registers used:
		wreg, fsr1l, fsr1h, fsr2l, fsr2h, status,2, status,0, tblptrl, tblptrh, tblptru, prodl, prodh, cstack
 Tracked objects:
		On entry : 
		On exit  : 
		Unchanged: 
 Data sizes:     COMRAM   BANK0   BANK1   BANK2   BANK3   BANK4   BANK5   BANK6   BANK7
      Params:         0       0       0       0       0       0       0       0       0
      Locals:         0      23       0       0       0       0       0       0       0
      Temps:          0       2       0       0       0       0       0       0       0
      Totals:         0      25       0       0       0       0       0       0       0
Total ram usage:       25 bytes
 Hardware stack levels used:    1
 Hardware stack levels required when called:    8
 This function calls:
		_glcd_FillScreen
		_glcd_SetCursor
		_glcd_WriteString
 This function is called by:
		_main
 This function uses a non-reentrant model


 *************** function _display_oscillo *****************
 Defined at:
		line 187 in file "screen.c"
 Parameters:    Size  Location     Type
  ADC_value       2   66[BANK0 ] int 
 Auto vars:     Size  Location     Type
  i               2   89[BANK0 ] int 
  string_fourt    3   80[BANK0 ] unsigned char [3]
  string_first    2   87[BANK0 ] unsigned char [2]
  string_secon    2   85[BANK0 ] unsigned char [2]
  string_third    2   83[BANK0 ] unsigned char [2]
  string4         2   74[BANK0 ] unsigned char [2]
  string3         2   72[BANK0 ] unsigned char [2]
  string2         2   70[BANK0 ] unsigned char [2]
  string1         2   68[BANK0 ] unsigned char [2]
  digit1          1   79[BANK0 ] unsigned char 
  digit2          1   78[BANK0 ] unsigned char 
  digit3          1   77[BANK0 ] unsigned char 
  digit4          1   76[BANK0 ] unsigned char 
 Return value:  Size  Location     Type
                  1    wreg      void 
 Registers used:
		wreg, fsr2l, fsr2h, status,2, status,0, tblptrl, tblptrh, tblptru, prodl, prodh, cstack
 Tracked objects:
		On entry : 
		On exit  : 
		Unchanged: 
 Data sizes:     COMRAM   BANK0   BANK1   BANK2   BANK3   BANK4   BANK5   BANK6   BANK7
      Params:         0       2       0       0       0       0       0       0       0
      Locals:         0      23       0       0       0       0       0       0       0
      Temps:          0       0       0       0       0       0       0       0       0
      Totals:         0      25       0       0       0       0       0       0       0
Total ram usage:       25 bytes
 Hardware stack levels used:    1
 Hardware stack levels required when called:    8
 This function calls:
		_display_line
		_draw_line
		_glcd_PlotPixel
		_glcd_SetCursor
		_glcd_WriteString
 This function is called by:
		_main
 This function uses a non-reentrant model


 *************** function _draw_line *****************
 Defined at:
		line 21 in file "screen.c"
 Parameters:    Size  Location     Type
  x1              2   32[BANK0 ] int 
  y1              2   34[BANK0 ] int 
  x2              2   36[BANK0 ] int 
  y2              2   38[BANK0 ] int 
  color           2   40[BANK0 ] int 
 Auto vars:     Size  Location     Type
  y               2   64[BANK0 ] int 
  x               2   62[BANK0 ] int 
  dy1             2   60[BANK0 ] int 
  dx1             2   58[BANK0 ] int 
  dy              2   56[BANK0 ] int 
  dx              2   54[BANK0 ] int 
  py              2   52[BANK0 ] int 
  px              2   50[BANK0 ] int 
  ye              2   48[BANK0 ] int 
  xe              2   46[BANK0 ] int 
  i               2   44[BANK0 ] int 
 Return value:  Size  Location     Type
                  1    wreg      void 
 Registers used:
		wreg, status,2, status,0, cstack
 Tracked objects:
		On entry : 
		On exit  : 
		Unchanged: 
 Data sizes:     COMRAM   BANK0   BANK1   BANK2   BANK3   BANK4   BANK5   BANK6   BANK7
      Params:         0      10       0       0       0       0       0       0       0
      Locals:         0      22       0       0       0       0       0       0       0
      Temps:          0       2       0       0       0       0       0       0       0
      Totals:         0      34       0       0       0       0       0       0       0
Total ram usage:       34 bytes
 Hardware stack levels used:    1
 Hardware stack levels required when called:    7
 This function calls:
		___fltol
		___xxtofl
		_fabsf
		_glcd_PlotPixel
 This function is called by:
		_display_oscillo
 This function uses a non-reentrant model


 *************** function _fabsf *****************
 Defined at:
		line 4 in file "C:\Program Files (x86)\Microchip\xc8\v2.10\pic\sources\c99\common\fabsf.c"
 Parameters:    Size  Location     Type
  x               4   14[BANK0 ] float 
 Auto vars:     Size  Location     Type
  u               4   18[BANK0 ] struct .
 Return value:  Size  Location     Type
                  4   14[BANK0 ] float 
 Registers used:
		status,2, status,0
 Tracked objects:
		On entry : 
		On exit  : 
		Unchanged: 
 Data sizes:     COMRAM   BANK0   BANK1   BANK2   BANK3   BANK4   BANK5   BANK6   BANK7
      Params:         0       4       0       0       0       0       0       0       0
      Locals:         0       4       0       0       0       0       0       0       0
      Temps:          0       0       0       0       0       0       0       0       0
      Totals:         0       8       0       0       0       0       0       0       0
Total ram usage:        8 bytes
 Hardware stack levels used:    1
 Hardware stack levels required when called:    5
 This function calls:
		Nothing
 This function is called by:
		_draw_line
 This function uses a non-reentrant model


 *************** function _display_menu *****************
 Defined at:
		line 139 in file "screen.c"
 Parameters:    Size  Location     Type
		None
 Auto vars:     Size  Location     Type
  string3        16   48[BANK0 ] unsigned char [16]
  string1        16   32[BANK0 ] unsigned char [16]
  string2        15   64[BANK0 ] unsigned char [15]
  string5         2   81[BANK0 ] unsigned char [2]
  string4         2   79[BANK0 ] unsigned char [2]
 Return value:  Size  Location     Type
                  1    wreg      void 
 Registers used:
		wreg, fsr1l, fsr1h, fsr2l, fsr2h, status,2, status,0, tblptrl, tblptrh, tblptru, prodl, prodh, cstack
 Tracked objects:
		On entry : 
		On exit  : 
		Unchanged: 
 Data sizes:     COMRAM   BANK0   BANK1   BANK2   BANK3   BANK4   BANK5   BANK6   BANK7
      Params:         0       0       0       0       0       0       0       0       0
      Locals:         0      51       0       0       0       0       0       0       0
      Temps:          0       0       0       0       0       0       0       0       0
      Totals:         0      51       0       0       0       0       0       0       0
Total ram usage:       51 bytes
 Hardware stack levels used:    1
 Hardware stack levels required when called:    8
 This function calls:
		_display_line
		_glcd_SetCursor
		_glcd_WriteString
 This function is called by:
		_main
 This function uses a non-reentrant model


 *************** function _display_line *****************
 Defined at:
		line 3 in file "screen.c"
 Parameters:    Size  Location     Type
  x               2   17[BANK0 ] int 
  y               2   19[BANK0 ] int 
  final_x         2   21[BANK0 ] int 
  final_y         2   23[BANK0 ] int 
  color           2   25[BANK0 ] int 
 Auto vars:     Size  Location     Type
  i               2   30[BANK0 ] int 
  i               2   28[BANK0 ] int 
 Return value:  Size  Location     Type
                  1    wreg      void 
 Registers used:
		wreg, status,2, status,0, cstack
 Tracked objects:
		On entry : 
		On exit  : 
		Unchanged: 
 Data sizes:     COMRAM   BANK0   BANK1   BANK2   BANK3   BANK4   BANK5   BANK6   BANK7
      Params:         0      10       0       0       0       0       0       0       0
      Locals:         0       4       0       0       0       0       0       0       0
      Temps:          0       1       0       0       0       0       0       0       0
      Totals:         0      15       0       0       0       0       0       0       0
Total ram usage:       15 bytes
 Hardware stack levels used:    1
 Hardware stack levels required when called:    7
 This function calls:
		_glcd_PlotPixel
 This function is called by:
		_display_menu
		_display_oscillo
 This function uses a non-reentrant model


 *************** function _glcd_PlotPixel *****************
 Defined at:
		line 513 in file "KS0108.c"
 Parameters:    Size  Location     Type
  xpos            1    wreg     unsigned char 
  ypos            1   10[BANK0 ] unsigned char 
  color           1   11[BANK0 ] unsigned char 
 Auto vars:     Size  Location     Type
  xpos            1   14[BANK0 ] unsigned char 
  side            1   16[BANK0 ] unsigned char 
  data            1   15[BANK0 ] unsigned char 
 Return value:  Size  Location     Type
                  1    wreg      void 
 Registers used:
		wreg, status,2, status,0, cstack
 Tracked objects:
		On entry : 
		On exit  : 
		Unchanged: 
 Data sizes:     COMRAM   BANK0   BANK1   BANK2   BANK3   BANK4   BANK5   BANK6   BANK7
      Params:         0       2       0       0       0       0       0       0       0
      Locals:         0       3       0       0       0       0       0       0       0
      Temps:          0       2       0       0       0       0       0       0       0
      Totals:         0       7       0       0       0       0       0       0       0
Total ram usage:        7 bytes
 Hardware stack levels used:    1
 Hardware stack levels required when called:    6
 This function calls:
		___awdiv
		_glcd_ReadByte
		_glcd_WriteByte
 This function is called by:
		_display_line
		_draw_line
		_display_oscillo
 This function uses a non-reentrant model


 *************** function _glcd_ReadByte *****************
 Defined at:
		line 477 in file "KS0108.c"
 Parameters:    Size  Location     Type
  side            1    wreg     unsigned char 
 Auto vars:     Size  Location     Type
  side            1    0[BANK0 ] unsigned char 
  data            1    1[BANK0 ] unsigned char 
 Return value:  Size  Location     Type
                  1    wreg      unsigned char 
 Registers used:
		wreg, status,2
 Tracked objects:
		On entry : 
		On exit  : 
		Unchanged: 
 Data sizes:     COMRAM   BANK0   BANK1   BANK2   BANK3   BANK4   BANK5   BANK6   BANK7
      Params:         0       0       0       0       0       0       0       0       0
      Locals:         0       2       0       0       0       0       0       0       0
      Temps:          0       0       0       0       0       0       0       0       0
      Totals:         0       2       0       0       0       0       0       0       0
Total ram usage:        2 bytes
 Hardware stack levels used:    1
 Hardware stack levels required when called:    5
 This function calls:
		Nothing
 This function is called by:
		_glcd_PlotPixel
 This function uses a non-reentrant model


 *************** function ___awdiv *****************
 Defined at:
		line 7 in file "C:\Program Files (x86)\Microchip\xc8\v2.10\pic\sources\c99\common\awdiv.c"
 Parameters:    Size  Location     Type
  dividend        2    0[BANK0 ] int 
  divisor         2    2[BANK0 ] int 
 Auto vars:     Size  Location     Type
  quotient        2    6[BANK0 ] int 
  sign            1    5[BANK0 ] unsigned char 
  counter         1    4[BANK0 ] unsigned char 
 Return value:  Size  Location     Type
                  2    0[BANK0 ] int 
 Registers used:
		wreg, status,2, status,0
 Tracked objects:
		On entry : 
		On exit  : 
		Unchanged: 
 Data sizes:     COMRAM   BANK0   BANK1   BANK2   BANK3   BANK4   BANK5   BANK6   BANK7
      Params:         0       4       0       0       0       0       0       0       0
      Locals:         0       4       0       0       0       0       0       0       0
      Temps:          0       0       0       0       0       0       0       0       0
      Totals:         0       8       0       0       0       0       0       0       0
Total ram usage:        8 bytes
 Hardware stack levels used:    1
 Hardware stack levels required when called:    5
 This function calls:
		Nothing
 This function is called by:
		_glcd_PlotPixel
		_main
 This function uses a non-reentrant model


 *************** function _display_auteur *****************
 Defined at:
		line 110 in file "screen.c"
 Parameters:    Size  Location     Type
		None
 Auto vars:     Size  Location     Type
  string4         8   25[BANK0 ] unsigned char [8]
  string5         6   33[BANK0 ] unsigned char [6]
  string2         5   39[BANK0 ] unsigned char [5]
  string1         3   44[BANK0 ] unsigned char [3]
  string3         2   47[BANK0 ] unsigned char [2]
 Return value:  Size  Location     Type
                  1    wreg      void 
 Registers used:
		wreg, fsr1l, fsr1h, fsr2l, fsr2h, status,2, status,0, tblptrl, tblptrh, tblptru, prodl, prodh, cstack
 Tracked objects:
		On entry : 
		On exit  : 
		Unchanged: 
 Data sizes:     COMRAM   BANK0   BANK1   BANK2   BANK3   BANK4   BANK5   BANK6   BANK7
      Params:         0       0       0       0       0       0       0       0       0
      Locals:         0      24       0       0       0       0       0       0       0
      Temps:          0       2       0       0       0       0       0       0       0
      Totals:         0      26       0       0       0       0       0       0       0
Total ram usage:       26 bytes
 Hardware stack levels used:    1
 Hardware stack levels required when called:    8
 This function calls:
		_glcd_FillScreen
		_glcd_SetCursor
		_glcd_WriteString
 This function is called by:
		_main
 This function uses a non-reentrant model


 *************** function _glcd_WriteString *****************
 Defined at:
		line 696 in file "KS0108.c"
 Parameters:    Size  Location     Type
  str             2   19[BANK0 ] PTR unsigned char 
		 -> display_oscillo@string_first_digit(2), display_oscillo@string_second_digit(2), display_oscillo@string_third_digit(2), display_oscillo@string_fourth_digit(3), 
		 -> display_oscillo@string4(2), display_oscillo@string3(2), display_oscillo@string2(2), display_oscillo@string1(2), 
		 -> display_menu@string5(2), display_menu@string4(2), display_menu@string3(16), display_menu@string2(15), 
		 -> display_menu@string1(16), display_auteur@string5(6), display_auteur@string4(8), display_auteur@string3(2), 
		 -> display_auteur@string2(5), display_auteur@string1(3), display_titre@string3(10), display_titre@string2(6), 
		 -> display_titre@string1(7), 
  font            1   21[BANK0 ] unsigned char 
  color           1   22[BANK0 ] unsigned char 
 Auto vars:     Size  Location     Type
		None
 Return value:  Size  Location     Type
                  1    wreg      void 
 Registers used:
		wreg, fsr2l, fsr2h, status,2, status,0, tblptrl, tblptrh, tblptru, prodl, prodh, cstack
 Tracked objects:
		On entry : 
		On exit  : 
		Unchanged: 
 Data sizes:     COMRAM   BANK0   BANK1   BANK2   BANK3   BANK4   BANK5   BANK6   BANK7
      Params:         0       4       0       0       0       0       0       0       0
      Locals:         0       0       0       0       0       0       0       0       0
      Temps:          0       0       0       0       0       0       0       0       0
      Totals:         0       4       0       0       0       0       0       0       0
Total ram usage:        4 bytes
 Hardware stack levels used:    1
 Hardware stack levels required when called:    7
 This function calls:
		_glcd_WriteChar3x6
		_glcd_WriteChar8X8
 This function is called by:
		_display_titre
		_display_auteur
		_display_menu
		_display_oscillo
 This function uses a non-reentrant model


 *************** function _glcd_WriteChar8X8 *****************
 Defined at:
		line 602 in file "KS0108.c"
 Parameters:    Size  Location     Type
  ch              1    wreg     unsigned char 
  color           1   10[BANK0 ] unsigned char 
 Auto vars:     Size  Location     Type
  ch              1   15[BANK0 ] unsigned char 
  chr             2   13[BANK0 ] unsigned int 
  side            1   18[BANK0 ] unsigned char 
  i               1   17[BANK0 ] unsigned char 
  xpos            1   16[BANK0 ] unsigned char 
 Return value:  Size  Location     Type
                  1    wreg      void 
 Registers used:
		wreg, status,2, status,0, tblptrl, tblptrh, tblptru, prodl, prodh, cstack
 Tracked objects:
		On entry : 
		On exit  : 
		Unchanged: 
 Data sizes:     COMRAM   BANK0   BANK1   BANK2   BANK3   BANK4   BANK5   BANK6   BANK7
      Params:         0       1       0       0       0       0       0       0       0
      Locals:         0       6       0       0       0       0       0       0       0
      Temps:          0       2       0       0       0       0       0       0       0
      Totals:         0       9       0       0       0       0       0       0       0
Total ram usage:        9 bytes
 Hardware stack levels used:    1
 Hardware stack levels required when called:    6
 This function calls:
		_glcd_WriteByte
 This function is called by:
		_glcd_WriteString
 This function uses a non-reentrant model


 *************** function _glcd_WriteChar3x6 *****************
 Defined at:
		line 650 in file "KS0108.c"
 Parameters:    Size  Location     Type
  ch              1    wreg     unsigned char 
  color           1   10[BANK0 ] unsigned char 
 Auto vars:     Size  Location     Type
  ch              1   14[BANK0 ] unsigned char 
  side            1   16[BANK0 ] unsigned char 
  i               1   15[BANK0 ] unsigned char 
  xpos            1   13[BANK0 ] unsigned char 
 Return value:  Size  Location     Type
                  1    wreg      void 
 Registers used:
		wreg, status,2, status,0, tblptrl, tblptrh, tblptru, prodl, prodh, cstack
 Tracked objects:
		On entry : 
		On exit  : 
		Unchanged: 
 Data sizes:     COMRAM   BANK0   BANK1   BANK2   BANK3   BANK4   BANK5   BANK6   BANK7
      Params:         0       1       0       0       0       0       0       0       0
      Locals:         0       4       0       0       0       0       0       0       0
      Temps:          0       2       0       0       0       0       0       0       0
      Totals:         0       7       0       0       0       0       0       0       0
Total ram usage:        7 bytes
 Hardware stack levels used:    1
 Hardware stack levels required when called:    6
 This function calls:
		_glcd_WriteByte
 This function is called by:
		_glcd_WriteString
 This function uses a non-reentrant model


 *************** function _glcd_SetCursor *****************
 Defined at:
		line 577 in file "KS0108.c"
 Parameters:    Size  Location     Type
  xpos            1    wreg     unsigned char 
  ypos            1   10[BANK0 ] unsigned char 
 Auto vars:     Size  Location     Type
  xpos            1   12[BANK0 ] unsigned char 
  side            1   11[BANK0 ] unsigned char 
 Return value:  Size  Location     Type
                  1    wreg      void 
 Registers used:
		wreg, status,2, status,0, cstack
 Tracked objects:
		On entry : 
		On exit  : 
		Unchanged: 
 Data sizes:     COMRAM   BANK0   BANK1   BANK2   BANK3   BANK4   BANK5   BANK6   BANK7
      Params:         0       1       0       0       0       0       0       0       0
      Locals:         0       2       0       0       0       0       0       0       0
      Temps:          0       0       0       0       0       0       0       0       0
      Totals:         0       3       0       0       0       0       0       0       0
Total ram usage:        3 bytes
 Hardware stack levels used:    1
 Hardware stack levels required when called:    6
 This function calls:
		_glcd_WriteByte
 This function is called by:
		_display_titre
		_display_auteur
		_display_menu
		_display_oscillo
 This function uses a non-reentrant model


 *************** function _glcd_FillScreen *****************
 Defined at:
		line 552 in file "KS0108.c"
 Parameters:    Size  Location     Type
  color           1    wreg     unsigned char 
 Auto vars:     Size  Location     Type
  color           1   10[BANK0 ] unsigned char 
  i               1   12[BANK0 ] unsigned char 
  j               1   11[BANK0 ] unsigned char 
 Return value:  Size  Location     Type
                  1    wreg      void 
 Registers used:
		wreg, status,2, status,0, prodl, prodh, cstack
 Tracked objects:
		On entry : 
		On exit  : 
		Unchanged: 
 Data sizes:     COMRAM   BANK0   BANK1   BANK2   BANK3   BANK4   BANK5   BANK6   BANK7
      Params:         0       0       0       0       0       0       0       0       0
      Locals:         0       3       0       0       0       0       0       0       0
      Temps:          0       0       0       0       0       0       0       0       0
      Totals:         0       3       0       0       0       0       0       0       0
Total ram usage:        3 bytes
 Hardware stack levels used:    1
 Hardware stack levels required when called:    6
 This function calls:
		_glcd_WriteByte
 This function is called by:
		_glcd_Init
		_main
		_display_titre
		_display_auteur
 This function uses a non-reentrant model


 *************** function _glcd_WriteByte *****************
 Defined at:
		line 443 in file "KS0108.c"
 Parameters:    Size  Location     Type
  side            1    wreg     unsigned char 
  data            1    8[BANK0 ] unsigned char 
 Auto vars:     Size  Location     Type
  side            1    9[BANK0 ] unsigned char 
 Return value:  Size  Location     Type
                  1    wreg      void 
 Registers used:
		wreg, status,2
 Tracked objects:
		On entry : 
		On exit  : 
		Unchanged: 
 Data sizes:     COMRAM   BANK0   BANK1   BANK2   BANK3   BANK4   BANK5   BANK6   BANK7
      Params:         0       1       0       0       0       0       0       0       0
      Locals:         0       1       0       0       0       0       0       0       0
      Temps:          0       0       0       0       0       0       0       0       0
      Totals:         0       2       0       0       0       0       0       0       0
Total ram usage:        2 bytes
 Hardware stack levels used:    1
 Hardware stack levels required when called:    5
 This function calls:
		Nothing
 This function is called by:
		_glcd_Init
		_glcd_PlotPixel
		_glcd_FillScreen
		_glcd_SetCursor
		_glcd_WriteChar8X8
		_glcd_WriteChar3x6
		_glcd_Image
 This function uses a non-reentrant model


 *************** function _display_7segment *****************
 Defined at:
		line 21 in file "7segment.c"
 Parameters:    Size  Location     Type
		None
 Auto vars:     Size  Location     Type
		None
 Return value:  Size  Location     Type
                  1    wreg      void 
 Registers used:
		wreg
 Tracked objects:
		On entry : 
		On exit  : 
		Unchanged: 
 Data sizes:     COMRAM   BANK0   BANK1   BANK2   BANK3   BANK4   BANK5   BANK6   BANK7
      Params:         0       0       0       0       0       0       0       0       0
      Locals:         0       0       0       0       0       0       0       0       0
      Temps:          0       1       0       0       0       0       0       0       0
      Totals:         0       1       0       0       0       0       0       0       0
Total ram usage:        1 bytes
 Hardware stack levels used:    1
 Hardware stack levels required when called:    5
 This function calls:
		Nothing
 This function is called by:
		_main
 This function uses a non-reentrant model


 *************** function _PWM1_setDC *****************
 Defined at:
		line 14 in file "rectangle.c"
 Parameters:    Size  Location     Type
[...]
  b               4   25[BANK0 ] long 
  a               4   29[BANK0 ] long 
 Auto vars:     Size  Location     Type
  prod            4   44[BANK0 ] struct .
  grs             4   38[BANK0 ] unsigned long 
  temp            2   48[BANK0 ] struct .
  bexp            1   43[BANK0 ] unsigned char 
  aexp            1   42[BANK0 ] unsigned char 
  sign            1   37[BANK0 ] unsigned char 
 Return value:  Size  Location     Type
                  4   25[BANK0 ] unsigned char 
 Registers used:
		wreg, status,2, status,0, prodl, prodh
 Tracked objects:
		On entry : 
		On exit  : 
		Unchanged: 
 Data sizes:     COMRAM   BANK0   BANK1   BANK2   BANK3   BANK4   BANK5   BANK6   BANK7
      Params:         0       8       0       0       0       0       0       0       0
      Locals:         0      13       0       0       0       0       0       0       0
      Temps:          0       4       0       0       0       0       0       0       0
      Totals:         0      25       0       0       0       0       0       0       0
Total ram usage:       25 bytes
 Hardware stack levels used:    1
 Hardware stack levels required when called:    5
 This function calls:
		Nothing
 This function is called by:
		_PWM1_setDC
 This function uses a non-reentrant model


 *************** function ___fldiv *****************
 Defined at:
		line 11 in file "C:\Program Files (x86)\Microchip\xc8\v2.10\pic\sources\c99\common\sprcdiv.c"
 Parameters:    Size  Location     Type
  b               4    0[BANK0 ] unsigned char 
  a               4    4[BANK0 ] unsigned char 
 Auto vars:     Size  Location     Type
  grs             4   19[BANK0 ] unsigned long 
  rem             4   12[BANK0 ] unsigned long 
  new_exp         2   17[BANK0 ] short 
  aexp            1   24[BANK0 ] unsigned char 
  bexp            1   23[BANK0 ] unsigned char 
  sign            1   16[BANK0 ] unsigned char 
 Return value:  Size  Location     Type
                  4    0[BANK0 ] unsigned char 
 Registers used:
		wreg, status,2, status,0
 Tracked objects:
		On entry : 
		On exit  : 
		Unchanged: 
 Data sizes:     COMRAM   BANK0   BANK1   BANK2   BANK3   BANK4   BANK5   BANK6   BANK7
      Params:         0       8       0       0       0       0       0       0       0
      Locals:         0      13       0       0       0       0       0       0       0
      Temps:          0       4       0       0       0       0       0       0       0
      Totals:         0      25       0       0       0       0       0       0       0
Total ram usage:       25 bytes
 Hardware stack levels used:    1
 Hardware stack levels required when called:    5
 This function calls:
		Nothing
 This function is called by:
		_PWM1_setDC
 This function uses a non-reentrant model


 *************** function _PWM1_Init *****************
 Defined at:
		line 3 in file "rectangle.c"
 Parameters:    Size  Location     Type
  freq            4   14[BANK0 ] long 
 Auto vars:     Size  Location     Type
		None
 Return value:  Size  Location     Type
                  1    wreg      void 
 Registers used:
		wreg, status,2, status,0, cstack
 Tracked objects:
		On entry : 
		On exit  : 
		Unchanged: 
 Data sizes:     COMRAM   BANK0   BANK1   BANK2   BANK3   BANK4   BANK5   BANK6   BANK7
      Params:         0       4       0       0       0       0       0       0       0
      Locals:         0       0       0       0       0       0       0       0       0
      Temps:          0       0       0       0       0       0       0       0       0
      Totals:         0       4       0       0       0       0       0       0       0
Total ram usage:        4 bytes
 Hardware stack levels used:    1
 Hardware stack levels required when called:    6
 This function calls:
		___aldiv
 This function is called by:
		_main
 This function uses a non-reentrant model


 *************** function ___aldiv *****************
 Defined at:
		line 7 in file "C:\Program Files (x86)\Microchip\xc8\v2.10\pic\sources\c99\common\aldiv.c"
 Parameters:    Size  Location     Type
  dividend        4    0[BANK0 ] long 
  divisor         4    4[BANK0 ] long 
 Auto vars:     Size  Location     Type
  quotient        4   10[BANK0 ] long 
  sign            1    9[BANK0 ] unsigned char 
  counter         1    8[BANK0 ] unsigned char 
 Return value:  Size  Location     Type
                  4    0[BANK0 ] long 
 Registers used:
		wreg, status,2, status,0
 Tracked objects:
		On entry : 
		On exit  : 
		Unchanged: 
 Data sizes:     COMRAM   BANK0   BANK1   BANK2   BANK3   BANK4   BANK5   BANK6   BANK7
      Params:         0       8       0       0       0       0       0       0       0
      Locals:         0       6       0       0       0       0       0       0       0
      Temps:          0       0       0       0       0       0       0       0       0
      Totals:         0      14       0       0       0       0       0       0       0
Total ram usage:       14 bytes
 Hardware stack levels used:    1
 Hardware stack levels required when called:    5
 This function calls:
		Nothing
 This function is called by:
		_PWM1_Init
 This function uses a non-reentrant model


 *************** function _irq_handle_low *****************
 Defined at:
		line 34 in file "Interrupt.c"
 Parameters:    Size  Location     Type
		None
 Auto vars:     Size  Location     Type
		None
 Return value:  Size  Location     Type
                  1    wreg      void 
 Registers used:
		wreg, status,2, status,0, prodl, prodh, cstack
 Tracked objects:
		On entry : 
		On exit  : 
		Unchanged: 
 Data sizes:     COMRAM   BANK0   BANK1   BANK2   BANK3   BANK4   BANK5   BANK6   BANK7
      Params:         0       0       0       0       0       0       0       0       0
      Locals:         0       0       0       0       0       0       0       0       0
      Temps:          5       0       0       0       0       0       0       0       0
      Totals:         5       0       0       0       0       0       0       0       0
Total ram usage:        5 bytes
 Hardware stack levels used:    1
 Hardware stack levels required when called:    4
 This function calls:
		_calcul_7segment
 This function is called by:
		Interrupt level 1
 This function uses a non-reentrant model


 *************** function _calcul_7segment *****************
 Defined at:
		line 71 in file "7segment.c"
 Parameters:    Size  Location     Type
  adresh          2   40[COMRAM] int 
 Auto vars:     Size  Location     Type
  voltage_valu    4   42[COMRAM] float 
 Return value:  Size  Location     Type
                  1    wreg      void 
 Registers used:
		wreg, status,2, status,0, prodl, prodh, cstack
 Tracked objects:
		On entry : 
		On exit  : 
		Unchanged: 
 Data sizes:     COMRAM   BANK0   BANK1   BANK2   BANK3   BANK4   BANK5   BANK6   BANK7
      Params:         2       0       0       0       0       0       0       0       0
      Locals:         4       0       0       0       0       0       0       0       0
      Temps:          0       0       0       0       0       0       0       0       0
      Totals:         6       0       0       0       0       0       0       0       0
Total ram usage:        6 bytes
 Hardware stack levels used:    1
 Hardware stack levels required when called:    3
 This function calls:
		___flsub
		_correspondance_7segment
		i1___flmul
		i1___fltol
		i1___xxtofl
 This function is called by:
		_irq_handle_low
 This function uses a non-reentrant model


 *************** function i1___xxtofl *****************
 Defined at:
		line 10 in file "C:\Program Files (x86)\Microchip\xc8\v2.10\pic\sources\c99\common\xxtofl.c"
 Parameters:    Size  Location     Type
  sign            1    wreg     unsigned char 
  val             4    1[COMRAM] long 
 Auto vars:     Size  Location     Type
  sign            1    9[COMRAM] unsigned char 
  __xxtofl        4   11[COMRAM] unsigned long 
  __xxtofl        1   10[COMRAM] unsigned char 
 Return value:  Size  Location     Type
                  4    1[COMRAM] unsigned char 
 Registers used:
		wreg, status,2, status,0
 Tracked objects:
		On entry : 
		On exit  : 
		Unchanged: 
 Data sizes:     COMRAM   BANK0   BANK1   BANK2   BANK3   BANK4   BANK5   BANK6   BANK7
      Params:         4       0       0       0       0       0       0       0       0
      Locals:         6       0       0       0       0       0       0       0       0
      Temps:          4       0       0       0       0       0       0       0       0
      Totals:        14       0       0       0       0       0       0       0       0
Total ram usage:       14 bytes
 Hardware stack levels used:    1
 Hardware stack levels required when called:    1
 This function calls:
		Nothing
 This function is called by:
		_calcul_7segment
 This function uses a non-reentrant model


 *************** function i1___fltol *****************
 Defined at:
		line 43 in file "C:\Program Files (x86)\Microchip\xc8\v2.10\pic\sources\c99\common\fltol.c"
 Parameters:    Size  Location     Type
  f1              4    1[COMRAM] unsigned char 
 Auto vars:     Size  Location     Type
  __fltol         1   10[COMRAM] unsigned char 
  __fltol         1    9[COMRAM] unsigned char 
 Return value:  Size  Location     Type
                  4    1[COMRAM] long 
 Registers used:
		wreg, status,2, status,0
 Tracked objects:
		On entry : 
		On exit  : 
		Unchanged: 
 Data sizes:     COMRAM   BANK0   BANK1   BANK2   BANK3   BANK4   BANK5   BANK6   BANK7
      Params:         4       0       0       0       0       0       0       0       0
      Locals:         2       0       0       0       0       0       0       0       0
      Temps:          4       0       0       0       0       0       0       0       0
      Totals:        10       0       0       0       0       0       0       0       0
Total ram usage:       10 bytes
 Hardware stack levels used:    1
 Hardware stack levels required when called:    1
 This function calls:
		Nothing
 This function is called by:
		_calcul_7segment
 This function uses a non-reentrant model


 *************** function i1___flmul *****************
 Defined at:
		line 8 in file "C:\Program Files (x86)\Microchip\xc8\v2.10\pic\sources\c99\common\sprcmul.c"
 Parameters:    Size  Location     Type
  b               4   15[COMRAM] long 
  a               4   19[COMRAM] long 
 Auto vars:     Size  Location     Type
  __flmul         4   34[COMRAM] struct .
  __flmul         4   28[COMRAM] unsigned long 
  __flmul         2   38[COMRAM] struct .
  __flmul         1   33[COMRAM] unsigned char 
  __flmul         1   32[COMRAM] unsigned char 
  __flmul         1   27[COMRAM] unsigned char 
 Return value:  Size  Location     Type
                  4   15[COMRAM] unsigned char 
 Registers used:
		wreg, status,2, status,0, prodl, prodh
 Tracked objects:
		On entry : 
		On exit  : 
		Unchanged: 
 Data sizes:     COMRAM   BANK0   BANK1   BANK2   BANK3   BANK4   BANK5   BANK6   BANK7
      Params:         8       0       0       0       0       0       0       0       0
      Locals:        13       0       0       0       0       0       0       0       0
      Temps:          4       0       0       0       0       0       0       0       0
      Totals:        25       0       0       0       0       0       0       0       0
Total ram usage:       25 bytes
 Hardware stack levels used:    1
 Hardware stack levels required when called:    1
 This function calls:
		Nothing
 This function is called by:
		_calcul_7segment
 This function uses a non-reentrant model


 *************** function _correspondance_7segment *****************
 Defined at:
		line 45 in file "7segment.c"
 Parameters:    Size  Location     Type
  val             2    1[COMRAM] int 
 Auto vars:     Size  Location     Type
		None
 Return value:  Size  Location     Type
                  2    1[COMRAM] int 
 Registers used:
		wreg, status,2, status,0
 Tracked objects:
		On entry : 
		On exit  : 
		Unchanged: 
 Data sizes:     COMRAM   BANK0   BANK1   BANK2   BANK3   BANK4   BANK5   BANK6   BANK7
      Params:         2       0       0       0       0       0       0       0       0
      Locals:         0       0       0       0       0       0       0       0       0
      Temps:          0       0       0       0       0       0       0       0       0
      Totals:         2       0       0       0       0       0       0       0       0
Total ram usage:        2 bytes
 Hardware stack levels used:    1
 Hardware stack levels required when called:    1
 This function calls:
		Nothing
 This function is called by:
		_calcul_7segment
 This function uses a non-reentrant model


 *************** function ___flsub *****************
 Defined at:
		line 245 in file "C:\Program Files (x86)\Microchip\xc8\v2.10\pic\sources\c99\common\sprcadd.c"
 Parameters:    Size  Location     Type
  b               4   17[COMRAM] int 
  a               4   21[COMRAM] int 
 Auto vars:     Size  Location     Type
		None
 Return value:  Size  Location     Type
                  4   17[COMRAM] int 
 Registers used:
		wreg, status,2, status,0, cstack
 Tracked objects:
		On entry : 
		On exit  : 
		Unchanged: 
 Data sizes:     COMRAM   BANK0   BANK1   BANK2   BANK3   BANK4   BANK5   BANK6   BANK7
      Params:         8       0       0       0       0       0       0       0       0
      Locals:         0       0       0       0       0       0       0       0       0
      Temps:          0       0       0       0       0       0       0       0       0
      Totals:         8       0       0       0       0       0       0       0       0
Total ram usage:        8 bytes
 Hardware stack levels used:    1
 Hardware stack levels required when called:    2
 This function calls:
		___fladd
 This function is called by:
		_calcul_7segment
 This function uses a non-reentrant model


 *************** function ___fladd *****************
 Defined at:
		line 10 in file "C:\Program Files (x86)\Microchip\xc8\v2.10\pic\sources\c99\common\sprcadd.c"
 Parameters:    Size  Location     Type
  b               4    1[COMRAM] int 
  a               4    5[COMRAM] int 
 Auto vars:     Size  Location     Type
  grs             1   16[COMRAM] unsigned char 
  bexp            1   15[COMRAM] unsigned char 
  aexp            1   14[COMRAM] unsigned char 
  signs           1   13[COMRAM] unsigned char 
 Return value:  Size  Location     Type
                  4    1[COMRAM] unsigned char 
 Registers used:
		wreg, status,2, status,0
 Tracked objects:
		On entry : 
		On exit  : 
		Unchanged: 
 Data sizes:     COMRAM   BANK0   BANK1   BANK2   BANK3   BANK4   BANK5   BANK6   BANK7
      Params:         8       0       0       0       0       0       0       0       0
      Locals:         4       0       0       0       0       0       0       0       0
      Temps:          4       0       0       0       0       0       0       0       0
      Totals:        16       0       0       0       0       0       0       0       0
Total ram usage:       16 bytes
 Hardware stack levels used:    1
 Hardware stack levels required when called:    1
 This function calls:
		Nothing
 This function is called by:
		___flsub
 This function uses a non-reentrant model


 *************** function _irq_handle_high *****************
 Defined at:
		line 46 in file "Interrupt.c"
 Parameters:    Size  Location     Type
		None
 Auto vars:     Size  Location     Type
		None
 Return value:  Size  Location     Type
                  1    wreg      void 
 Registers used:
		wreg, status,2, status,0
 Tracked objects:
		On entry : 
		On exit  : 
		Unchanged: 
 Data sizes:     COMRAM   BANK0   BANK1   BANK2   BANK3   BANK4   BANK5   BANK6   BANK7
      Params:         0       0       0       0       0       0       0       0       0
      Locals:         0       0       0       0       0       0       0       0       0
      Temps:          1       0       0       0       0       0       0       0       0
      Totals:         1       0       0       0       0       0       0       0       0
Total ram usage:        1 bytes
 Hardware stack levels used:    1
 This function calls:
		Nothing
 This function is called by:
		Interrupt level 2
 This function uses a non-reentrant model



MODULE INFORMATION

Module		Function		Class		Link	Load	Size
KS0108.c
		_glcd_SetCursor		CODE           	31C0	0000	111
		_glcd_WriteString		CODE           	3298	0000	95
		_glcd_WriteByte		CODE           	340A	0000	59
		_glcd_Init     		CODE           	2C78	0000	199
		_glcd_ReadByte 		CODE           	33CE	0000	61
		_glcd_WriteChar8X8		CODE           	2642	0000	283
		_glcd_FillScreen		CODE           	301C	0000	145
		_glcd_WriteChar3x6		CODE           	275C	0000	283
		_glcd_PlotPixel		CODE           	2B92	0000	231
		_glcd_Image    		CODE           	30AC	0000	143

KS0108.c estimated size: 1610

rectangle.c
		_PWM1_Init     		CODE           	32F6	0000	75
		_PWM1_setDC    		CODE           	2F7A	0000	163

rectangle.c estimated size: 238

7segment.c
		_correspondance_7segment		CODE           	23C4	0000	325
		_display_7segment		CODE           	322E	0000	107
		_calcul_7segment		CODE           	18E8	0000	659

7segment.c estimated size: 1091

C:\Program Files (x86)\Microchip\xc8\v2.10\pic\sources\c99\common\xxtofl.c
		___xxtofl      		CODE           	1D70	0000	441

C:\Program Files (x86)\Microchip\xc8\v2.10\pic\sources\c99\common\xxtofl.c estimated size: 441

C:\Program Files (x86)\Microchip\xc8\v2.10\pic\sources\c99\common\awdiv.c
		___awdiv       		CODE           	2E04	0000	199

C:\Program Files (x86)\Microchip\xc8\v2.10\pic\sources\c99\common\awdiv.c estimated size: 199

C:\Program Files (x86)\Microchip\xc8\v2.10\pic\sources\c99\common\fltol.c
		___fltol       		CODE           	2984	0000	265

C:\Program Files (x86)\Microchip\xc8\v2.10\pic\sources\c99\common\fltol.c estimated size: 265

C:\Program Files (x86)\Microchip\xc8\v2.10\pic\sources\c99\common\aldiv.c
		___aldiv       		CODE           	2876	0000	271

C:\Program Files (x86)\Microchip\xc8\v2.10\pic\sources\c99\common\aldiv.c estimated size: 271

C:\Program Files (x86)\Microchip\xc8\v2.10\pic\sources\c99\common\sprcmul.c
		___flmul       		CODE           	052E	0000	1069

C:\Program Files (x86)\Microchip\xc8\v2.10\pic\sources\c99\common\sprcmul.c estimated size: 1069

screen.c
		_display_line  		CODE           	2ECA	0000	177
		_display_menu  		CODE           	1B7A	0000	503
		_display_titre 		CODE           	2D3E	0000	199
		_display_auteur		CODE           	2508	0000	315
		_draw_line     		CODE           	1196	0000	951
		_display_oscillo		CODE           	0D84	0000	1043

screen.c estimated size: 3188

C:\Program Files (x86)\Microchip\xc8\v2.10\pic\sources\c99\common\sprcdiv.c
		___fldiv       		CODE           	154C	0000	925

C:\Program Files (x86)\Microchip\xc8\v2.10\pic\sources\c99\common\sprcdiv.c estimated size: 925

C:\Program Files (x86)\Microchip\xc8\v2.10\pic\sources\c99\common\fabsf.c
		_fabsf         		CODE           	3444	0000	55

C:\Program Files (x86)\Microchip\xc8\v2.10\pic\sources\c99\common\fabsf.c estimated size: 55

shared
		_Font3x6       		MEDIUMCONST    	7F3B	0000	196
		_Font8x8       		MEDIUMCONST    	733B	0000	2049
		i1___fltol     		CODE           	2A8C	0000	263
		__initialization		CODE           	313A	0000	121
		i1___flmul     		CODE           	095A	0000	1067
		i1___xxtofl    		CODE           	1F28	0000	437
		_acceuil       		MEDIUMCONST    	7B3B	0000	1025

shared estimated size: 5158

Interrupt.c
		_irq_handle_high		CODE           	0008	0000	367
		_irq_handle_low		CODE           	0018	0000	83
		_initMyPIC18F  		CODE           	347A	0000	49

Interrupt.c estimated size: 499

C:\Program Files (x86)\Microchip\xc8\v2.10\pic\sources\c99\common\sprcadd.c
		___flsub       		CODE           	3388	0000	71
		___fladd       		CODE           	006E	0000	1217

C:\Program Files (x86)\Microchip\xc8\v2.10\pic\sources\c99\common\sprcadd.c estimated size: 1288

main.c
		_main          		CODE           	20DC	0000	385

main.c estimated size: 385

