Microchip MPLAB XC8 Compiler V2.10 ()

Linker command line:

-W-3 --edf=C:\Program Files (x86)\Microchip\xc8\v2.10\pic\dat\en_msgs.txt \
  -cs -h+dist/default/production\projet_vGit.X.production.sym \
  --cmf=dist/default/production\projet_vGit.X.production.cmf -z -Q18F4550 \
  -oC:\Users\jules\AppData\Local\Temp\s20s.2 --defsym=__MPLAB_BUILD=1 \
  -Mdist/default/production/projet_vGit.X.production.map -E1 -ver=XC8 \
  --acfsm=1493 -ASTACK=013Bh-07FFh -pstack=STACK -ACODE=00h-07FFFh \
  -ACONST=00h-07FFFh -ASMALLCONST=0800h-08FFhx120 \
  -AMEDIUMCONST=0800h-07FFFh -ACOMRAM=01h-05Fh -AABS1=00h-07FFh \
  -ABIGRAM=01h-07FFh -ARAM=060h-0FFh,0100h-01FFhx7 -ABANK0=060h-0FFh \
  -ABANK1=0100h-01FFh -ABANK2=0200h-02FFh -ABANK3=0300h-03FFh \
  -ABANK4=0400h-04FFh -ABANK5=0500h-05FFh -ABANK6=0600h-06FFh \
  -ABANK7=0700h-07FFh -ASFR=0F60h-0FFFh \
  -preset_vec=00h,intcode=08h,intcodelo,powerup,init -pramtop=0800h \
  -psmallconst=SMALLCONST -pmediumconst=MEDIUMCONST -pconst=CONST \
  -AFARRAM=00h-00h -ACONFIG=0300000h-030000Dh -pconfig=CONFIG \
  -AIDLOC=0200000h-0200007h -pidloc=IDLOC -AEEDATA=0F00000h-0F000FFh \
  -peeprom_data=EEDATA \
  -prdata=COMRAM,nvrram=COMRAM,nvbit=COMRAM,rbss=COMRAM,rbit=COMRAM \
  -pfarbss=FARRAM,fardata=FARRAM,nvFARRAM=FARRAM \
  -pintsave_regs=BIGRAM,bigbss=BIGRAM,bigdata=BIGRAM -pbss=RAM \
  -pidata=CODE,irdata=CODE,ibigdata=CODE,ifardata=CODE -prparam=COMRAM \
  C:\Users\jules\AppData\Local\Temp\s20s.o \
  dist/default/production\projet_vGit.X.production.o 

Object code version is 3.11

Machine type is 18F4550

Call graph: (short form)




                Name                               Link     Load   Length Selector   Space Scale
C:\Users\jules\AppData\Local\Temp\s20s.o
                init                                  E        E        4        4       0
                reset_vec                             0        0        4        0       0
                idloc                            200000   200000        8   200000       0
                config                           300000   300000        E   300000       0
dist/default/production\projet_vGit.X.production.o
                intcode                               8        8        6        4       0
                temp                                 5E       5E        1        1       1
                mediumconst                        733A     733A      CC6     399D       0
                text42                               12       12      4C0        4       0
                text41                             327E     327E       46        4       0
                text40                             1C8A     1C8A      144        4       0
                text39                              8FE      8FE      42A        4       0
                text38                             27D4     27D4      106        4       0
                text37                             1980     1980      1B4        4       0
                text36                             1378     1378      294        4       0
                text35                             2C1C     2C1C       C4        4       0
                text34                             33D4     33D4       32     199B       0
                text33                             33A2     33A2       32     199B       0
                text32                             29C0     29C0       D2        4       0
                text31                             2034     2034      126        4       0
                text30                             2F4A     2F4A       90        4       0
                text29                             30B2     30B2       68        4       0
                text28                             24A6     24A6      118        4       0
                text27                             238E     238E      118        4       0
                text26                             31DA     31DA       5A        4       0
                text25                             160C     160C      1BC        4       0
                intcode_body                       1B34     1B34      156        4       0
                text23                             25BE     25BE      10E        4       0
                text22                             3234     3234       4A        4       0
                text21                              D28      D28      39C        4       0
                text20                              4D2      4D2      42C        4       0
                text19                             26CC     26CC      108        4       0
                text18                             17C8     17C8      1B8        4       0
                text17                             2D86     2D86       A2        4       0
                text16                             3048     3048       6A        4       0
                text15                             336C     336C       36     199B       0
                text14                             2EBA     2EBA       90        4       0
                text13                             2FDA     2FDA       6E        4       0
                text12                             2274     2274      11A        4       0
                text11                             215A     215A      11A        4       0
                text10                             317C     317C       5E        4       0
                text9                              1DCE     1DCE      13A        4       0
                text8                              2A92     2A92       C6        4       0
                text7                              3336     3336       36     199B       0
                text6                              28DA     28DA       E6        4       0
                text5                              1F08     1F08      12C        4       0
                text4                              10C4     10C4      2B4        4       0
                text3                              2B58     2B58       C4        4       0
                text2                              2CE0     2CE0       A6        4       0
                text1                              3406     3406       2A     199B       0
                text0                              2E28     2E28       92        4       0
                cstackCOMRAM                          1        1       59        1       1
                cstackBANK0                          60       60       46       60       1
                cstackBANK1                         139      139        2      100       1
                dataBANK1                           100      100       39      100       1
                dataBANK0                            A6       A6       38       60       1
                bssBANK0                             DE       DE       18       60       1
                bssCOMRAM                            5A       5A        4        1       1
                cinit                              311A     311A       62        4       0
                idataBANK1                         32C4     32C4       39        4       0
                idataBANK0                         32FD     32FD       38        4       0

TOTAL           Name                               Link     Load   Length     Space
        CLASS   STACK          

        CLASS   CODE           
                intcode                               8        8        6         0
                init                                  E        E        4         0
                reset_vec                             0        0        4         0
                text42                               12       12      4C0         0
                text41                             327E     327E       46         0
                text40                             1C8A     1C8A      144         0
                text39                              8FE      8FE      42A         0
                text38                             27D4     27D4      106         0
                text37                             1980     1980      1B4         0
                text36                             1378     1378      294         0
                text35                             2C1C     2C1C       C4         0
                text34                             33D4     33D4       32         0
                text33                             33A2     33A2       32         0
                text32                             29C0     29C0       D2         0
                text31                             2034     2034      126         0
                text30                             2F4A     2F4A       90         0
                text29                             30B2     30B2       68         0
                text28                             24A6     24A6      118         0
                text27                             238E     238E      118         0
                text26                             31DA     31DA       5A         0
                text25                             160C     160C      1BC         0
                intcode_body                       1B34     1B34      156         0
                text23                             25BE     25BE      10E         0
                text22                             3234     3234       4A         0
                text21                              D28      D28      39C         0
                text20                              4D2      4D2      42C         0
                text19                             26CC     26CC      108         0
                text18                             17C8     17C8      1B8         0
                text17                             2D86     2D86       A2         0
                text16                             3048     3048       6A         0
                text15                             336C     336C       36         0
                text14                             2EBA     2EBA       90         0
                text13                             2FDA     2FDA       6E         0
                text12                             2274     2274      11A         0
                text11                             215A     215A      11A         0
                text10                             317C     317C       5E         0
                text9                              1DCE     1DCE      13A         0
                text8                              2A92     2A92       C6         0
                text7                              3336     3336       36         0
                text6                              28DA     28DA       E6         0
                text5                              1F08     1F08      12C         0
                text4                              10C4     10C4      2B4         0
                text3                              2B58     2B58       C4         0
                text2                              2CE0     2CE0       A6         0
                text1                              3406     3406       2A         0
                text0                              2E28     2E28       92         0
                cinit                              311A     311A       62         0
                idataBANK1                         32C4     32C4       39         0
                idataBANK0                         32FD     32FD       38         0

        CLASS   CONST          

        CLASS   SMALLCONST     

        CLASS   MEDIUMCONST    
                mediumconst                        733A     733A      CC6         0

        CLASS   COMRAM         
                temp                                 5E       5E        1         1
                cstackCOMRAM                          1        1       59         1
                bssCOMRAM                            5A       5A        4         1

        CLASS   ABS1           

        CLASS   BIGRAM         

        CLASS   RAM            

        CLASS   BANK0          
                cstackBANK0                          60       60       46         1
                dataBANK0                            A6       A6       38         1
                bssBANK0                             DE       DE       18         1

        CLASS   BANK1          
                cstackBANK1                         139      139        2         1
                dataBANK1                           100      100       39         1

        CLASS   BANK2          

        CLASS   BANK3          

        CLASS   BANK4          

        CLASS   BANK5          

        CLASS   BANK6          

        CLASS   BANK7          

        CLASS   SFR            

        CLASS   FARRAM         

        CLASS   CONFIG         
                config                           300000   300000        E         0

        CLASS   IDLOC          
                idloc                            200000   200000        8         0

        CLASS   EEDATA         



SEGMENTS        Name                           Load    Length   Top    Selector   Space  Class

                reset_vec                      000000  000004  000004         0       0  CODE    
                cstackCOMRAM                   000001  00005E  00005F         1       1  COMRAM  
                intcode                        000008  00332D  003335         4       0  CODE    
                cstackBANK0                    000060  000096  0000F6        60       1  BANK0   
                dataBANK1                      000100  00003B  00013B       100       1  BANK1   
                text7                          003336  0000FA  003430      199B       0  CODE    
                mediumconst                    00733A  000CC6  008000      399D       0  MEDIUMCO
                idloc                          200000  000008  200008    200000       0  IDLOC   
                config                         300000  00000E  30000E    300000       0  CONFIG  


UNUSED ADDRESS RANGES

        Name                Unused          Largest block    Delta
        BANK0            0000F6-0000FF                A
        BANK1            00013B-0001FF               C5
        BANK2            000200-0002FF              100
        BANK3            000300-0003FF              100
        BANK4            000400-0004FF              100
        BANK5            000500-0005FF              100
        BANK6            000600-0006FF              100
        BANK7            000700-0007FF              100
        BIGRAM           00005F-00005F                1
                         0000F6-0000FF                A
                         00013B-0007FF              6C5
        CODE             000004-000007                4
                         003335-003335                1
                         003430-007339             3F0A
        COMRAM           00005F-00005F                1
        CONST            000004-000007                4
                         003335-003335                1
                         003430-007339             3F0A
        EEDATA           F00000-F000FF              100
        MEDIUMCONST      003335-003335                1
                         003430-007339             3F0A
        RAM              0000F6-0000FF                A
                         00013B-0007FF              100
        SFR              000F60-000FFF               A0
        SMALLCONST       003335-003335                1
                         003430-007339              100
        STACK            00013B-0007FF              6C5

                                  Symbol Table

?___aldiv                           cstackBANK0  00006A
?___awdiv                           cstackBANK0  00006A
?___fladd                           cstackCOMRAM 000001
?___fldiv                           cstackBANK0  00006A
?___flmul                           cstackBANK0  000083
?___flsub                           cstackCOMRAM 000011
?___fltol                           cstackBANK0  00006A
?___xxtofl                          cstackBANK0  00006A
?_correspondance_7segment           cstackCOMRAM 000001
?i2___awdiv                         cstackCOMRAM 000001
?i2___flmul                         cstackCOMRAM 00000F
?i2___fltol                         cstackCOMRAM 000001
?i2___xxtofl                        cstackCOMRAM 000001
PWM1_Init@frequence                 cstackBANK0  000078
PWM1_setDC@calcul                   cstackBANK0  0000A2
PWM1_setDC@dutycycle                cstackBANK0  00009C
_ADCON0                             (abs)        000FC2
_ADCON0bits                         (abs)        000FC2
_ADCON1                             (abs)        000FC1
_ADRESH                             (abs)        000FC4
_CCP2CON                            (abs)        000FBA
_CCP2CONbits                        (abs)        000FBA
_CCPR2L                             (abs)        000FBB
_Font3x6                            mediumconst  007F3B
_Font8x8                            mediumconst  00733B
_INTCONbits                         (abs)        000FF2
_LATBbits                           (abs)        000F8A
_LATD                               (abs)        000F8C
_OSCCON                             (abs)        000FD3
_PIE1bits                           (abs)        000F9D
_PIR1bits                           (abs)        000F9E
_PORTA                              (abs)        000F80
_PORTAbits                          (abs)        000F80
_PORTB                              (abs)        000F81
_PORTBbits                          (abs)        000F81
_PORTD                              (abs)        000F83
_PR2                                (abs)        000FCB
_PWM1_Init                          text22       003234
_PWM1_setDC                         text17       002D86
_T2CON                              (abs)        000FCA
_TMR2                               (abs)        000FCC
_TRISA                              (abs)        000F92
_TRISB                              (abs)        000F93
_TRISC                              (abs)        000F94
_TRISD                              (abs)        000F95
__CFG_BOR$OFF                       (abs)        000000
__CFG_CPD$OFF                       (abs)        000000
__CFG_CPUDIV$OSC1_PLL2              (abs)        000000
__CFG_FOSC$HS                       (abs)        000000
__CFG_LVP$OFF                       (abs)        000000
__CFG_MCLRE$ON                      (abs)        000000
__CFG_PBADEN$OFF                    (abs)        000000
__CFG_PWRT$OFF                      (abs)        000000
__CFG_WDT$OFF                       (abs)        000000
__HRAM                              (abs)        000000
__Habs1                             abs1         000000
__Hbank0                            bank0        000000
__Hbank1                            bank1        000000
__Hbank2                            bank2        000000
__Hbank3                            bank3        000000
__Hbank4                            bank4        000000
__Hbank5                            bank5        000000
__Hbank6                            bank6        000000
__Hbank7                            bank7        000000
__Hbigbss                           bigbss       000000
__Hbigdata                          bigdata      000000
__Hbigram                           bigram       000000
__Hbss                              bss          000000
__HbssBANK0                         bssBANK0     000000
__HbssCOMRAM                        bssCOMRAM    000000
__Hcinit                            cinit        000000
__Hclrtext                          clrtext      000000
__Hcomram                           comram       000000
__Hconfig                           config       30000E
__Hconst                            const        000000
__HcstackBANK0                      cstackBANK0  000000
__HcstackBANK1                      cstackBANK1  000000
__HcstackCOMRAM                     cstackCOMRAM 000000
__Hdata                             data         000000
__HdataBANK0                        dataBANK0    000000
__HdataBANK1                        dataBANK1    000000
__Heeprom_data                      eeprom_data  000000
__Hfarbss                           farbss       000000
__Hfardata                          fardata      000000
__Hibigdata                         ibigdata     000000
__Hidata                            idata        000000
__HidataBANK0                       idataBANK0   000000
__HidataBANK1                       idataBANK1   000000
__Hidloc                            idloc        200008
__Hifardata                         ifardata     000000
__Hinit                             init         000012
__Hintcode                          intcode      00000E
__Hintcode_body                     intcode_body 000000
__Hintcodelo                        intcodelo    00000E
__Hintentry                         intentry     000000
__Hintret                           intret       000000
__Hintsave_regs                     intsave_regs 000000
__Hirdata                           irdata       000000
__Hmediumconst                      mediumconst  008000
__HnvFARRAM                         nvFARRAM     000000
__Hnvbit                            nvbit        000000
__Hnvrram                           nvrram       000000
__Hparam                            rparam       000000
__Hpowerup                          powerup      00000E
__Hram                              ram          000000
__Hramtop                           ramtop       000800
__Hrbit                             rbit         000000
__Hrbss                             rbss         000000
__Hrdata                            rdata        000000
__Hreset_vec                        reset_vec    000004
__Hrparam                           rparam       000000
__Hsfr                              sfr          000000
__Hsmallconst                       smallconst   000000
__Hspace_0                          (abs)        30000E
__Hspace_1                          (abs)        00013B
__Hspace_2                          (abs)        000000
__Hstack                            stack        000000
__Hstruct                           struct       000000
__Htemp                             temp         00005F
__Htext                             text         000000
__Htext0                            text0        000000
__Htext1                            text1        000000
__Htext10                           text10       000000
__Htext11                           text11       000000
__Htext12                           text12       000000
__Htext13                           text13       000000
__Htext14                           text14       000000
__Htext15                           text15       000000
__Htext16                           text16       000000
__Htext17                           text17       000000
__Htext18                           text18       000000
__Htext19                           text19       000000
__Htext2                            text2        000000
__Htext20                           text20       000000
__Htext21                           text21       000000
__Htext22                           text22       000000
__Htext23                           text23       000000
__Htext25                           text25       000000
__Htext26                           text26       000000
__Htext27                           text27       000000
__Htext28                           text28       000000
__Htext29                           text29       000000
__Htext3                            text3        000000
__Htext30                           text30       000000
__Htext31                           text31       000000
__Htext32                           text32       000000
__Htext33                           text33       000000
__Htext34                           text34       000000
__Htext35                           text35       000000
__Htext36                           text36       000000
__Htext37                           text37       000000
__Htext38                           text38       000000
__Htext39                           text39       000000
__Htext4                            text4        000000
__Htext40                           text40       000000
__Htext41                           text41       000000
__Htext42                           text42       000000
__Htext5                            text5        000000
__Htext6                            text6        000000
__Htext7                            text7        000000
__Htext8                            text8        000000
__Htext9                            text9        000000
__LRAM                              (abs)        000001
__Labs1                             abs1         000000
__Lbank0                            bank0        000000
__Lbank1                            bank1        000000
__Lbank2                            bank2        000000
__Lbank3                            bank3        000000
__Lbank4                            bank4        000000
__Lbank5                            bank5        000000
__Lbank6                            bank6        000000
__Lbank7                            bank7        000000
__Lbigbss                           bigbss       000000
__Lbigdata                          bigdata      000000
__Lbigram                           bigram       000000
__Lbss                              bss          000000
__LbssBANK0                         bssBANK0     000000
__LbssCOMRAM                        bssCOMRAM    000000
__Lcinit                            cinit        000000
__Lclrtext                          clrtext      000000
__Lcomram                           comram       000000
__Lconfig                           config       300000
__Lconst                            const        000000
__LcstackBANK0                      cstackBANK0  000000
__LcstackBANK1                      cstackBANK1  000000
__LcstackCOMRAM                     cstackCOMRAM 000000
__Ldata                             data         000000
__LdataBANK0                        dataBANK0    000000
__LdataBANK1                        dataBANK1    000000
__Leeprom_data                      eeprom_data  000000
__Lfarbss                           farbss       000000
__Lfardata                          fardata      000000
__Libigdata                         ibigdata     000000
__Lidata                            idata        000000
__LidataBANK0                       idataBANK0   000000
__LidataBANK1                       idataBANK1   000000
__Lidloc                            idloc        200000
__Lifardata                         ifardata     000000
__Linit                             init         00000E
__Lintcode                          intcode      000008
__Lintcode_body                     intcode_body 000000
__Lintcodelo                        intcodelo    00000E
__Lintentry                         intentry     000000
__Lintret                           intret       000000
__Lintsave_regs                     intsave_regs 000000
__Lirdata                           irdata       000000
__Lmediumconst                      mediumconst  00733A
__LnvFARRAM                         nvFARRAM     000000
__Lnvbit                            nvbit        000000
__Lnvrram                           nvrram       000000
__Lparam                            rparam       000000
__Lpowerup                          powerup      00000E
__Lram                              ram          000000
__Lramtop                           ramtop       000800
__Lrbit                             rbit         000000
__Lrbss                             rbss         000000
__Lrdata                            rdata        000000
__Lreset_vec                        reset_vec    000000
__Lrparam                           rparam       000000
__Lsfr                              sfr          000000
__Lsmallconst                       smallconst   000000
__Lspace_0                          (abs)        000000
__Lspace_1                          (abs)        000000
__Lspace_2                          (abs)        000000
__Lstack                            stack        000000
__Lstruct                           struct       000000
__Ltemp                             temp         00005E
__Ltext                             text         000000
__Ltext0                            text0        000000
__Ltext1                            text1        000000
__Ltext10                           text10       000000
__Ltext11                           text11       000000
__Ltext12                           text12       000000
__Ltext13                           text13       000000
__Ltext14                           text14       000000
__Ltext15                           text15       000000
__Ltext16                           text16       000000
__Ltext17                           text17       000000
__Ltext18                           text18       000000
__Ltext19                           text19       000000
__Ltext2                            text2        000000
__Ltext20                           text20       000000
__Ltext21                           text21       000000
__Ltext22                           text22       000000
__Ltext23                           text23       000000
__Ltext25                           text25       000000
__Ltext26                           text26       000000
__Ltext27                           text27       000000
__Ltext28                           text28       000000
__Ltext29                           text29       000000
__Ltext3                            text3        000000
__Ltext30                           text30       000000
__Ltext31                           text31       000000
__Ltext32                           text32       000000
__Ltext33                           text33       000000
__Ltext34                           text34       000000
__Ltext35                           text35       000000
__Ltext36                           text36       000000
__Ltext37                           text37       000000
__Ltext38                           text38       000000
__Ltext39                           text39       000000
__Ltext4                            text4        000000
__Ltext40                           text40       000000
__Ltext41                           text41       000000
__Ltext42                           text42       000000
__Ltext5                            text5        000000
__Ltext6                            text6        000000
__Ltext7                            text7        000000
__Ltext8                            text8        000000
__Ltext9                            text9        000000
__S0                                (abs)        30000E
__S1                                (abs)        00013B
__S2                                (abs)        000000
___aldiv                            text23       0025BE
___aldiv@counter                    cstackBANK0  000072
___aldiv@dividend                   cstackBANK0  00006A
___aldiv@divisor                    cstackBANK0  00006E
___aldiv@quotient                   cstackBANK0  000074
___aldiv@sign                       cstackBANK0  000073
___awdiv                            text8        002A92
___awdiv@counter                    cstackBANK0  00006E
___awdiv@dividend                   cstackBANK0  00006A
___awdiv@divisor                    cstackBANK0  00006C
___awdiv@quotient                   cstackBANK0  000070
___awdiv@sign                       cstackBANK0  00006F
___fladd                            text42       000012
___fladd@a                          cstackCOMRAM 000005
___fladd@aexp                       cstackCOMRAM 00000E
___fladd@b                          cstackCOMRAM 000001
___fladd@bexp                       cstackCOMRAM 00000F
___fladd@grs                        cstackCOMRAM 000010
___fladd@signs                      cstackCOMRAM 00000D
___fldiv                            text21       000D28
___fldiv@a                          cstackBANK0  00006E
___fldiv@aexp                       cstackBANK0  000082
___fldiv@b                          cstackBANK0  00006A
___fldiv@bexp                       cstackBANK0  000081
___fldiv@grs                        cstackBANK0  00007D
___fldiv@new_exp                    cstackBANK0  00007B
___fldiv@rem                        cstackBANK0  000076
___fldiv@sign                       cstackBANK0  00007A
___flmul                            text20       0004D2
___flmul@a                          cstackBANK0  000087
___flmul@aexp                       cstackBANK0  000090
___flmul@b                          cstackBANK0  000083
___flmul@bexp                       cstackBANK0  000095
___flmul@grs                        cstackBANK0  000091
___flmul@prod                       cstackBANK0  000096
___flmul@sign                       cstackBANK0  00008F
___flmul@temp                       cstackBANK0  00009A
___flsub                            text41       00327E
___flsub@a                          cstackCOMRAM 000015
___flsub@b                          cstackCOMRAM 000011
___fltol                            text19       0026CC
___fltol@exp1                       cstackBANK0  000073
___fltol@f1                         cstackBANK0  00006A
___fltol@sign1                      cstackBANK0  000072
___inthi_sp                         stack        000000
___intlo_sp                         stack        000000
___param_bank                       (abs)        000000
___rparam_used                      (abs)        000001
___sp                               stack        000000
___xxtofl                           text18       0017C8
___xxtofl@arg                       cstackBANK0  000074
___xxtofl@exp                       cstackBANK0  000073
___xxtofl@sign                      cstackBANK0  000072
___xxtofl@val                       cstackBANK0  00006A
__accesstop                         (abs)        000060
__activetblptr                      (abs)        000002
__end_of_Font3x6                    mediumconst  007FFE
__end_of_Font8x8                    mediumconst  007B3B
__end_of_PWM1_Init                  text22       00327E
__end_of_PWM1_setDC                 text17       002E28
__end_of___aldiv                    text23       0026CC
__end_of___awdiv                    text8        002B58
__end_of___fladd                    text42       0004D2
__end_of___fldiv                    text21       0010C4
__end_of___flmul                    text20       0008FE
__end_of___flsub                    text41       0032C4
__end_of___fltol                    text19       0027D4
__end_of___xxtofl                   text18       001980
__end_of__initialization            cinit        00316E
__end_of_acceuil                    mediumconst  007F3B
__end_of_calcul_7segment            text36       00160C
__end_of_correspondance_7segment    text40       001DCE
__end_of_display_7segment           text16       0030B2
__end_of_display_auteur             text9        001F08
__end_of_display_line               text5        002034
__end_of_display_menu               text25       0017C8
__end_of_display_oscillo            text4        001378
__end_of_display_titre              text3        002C1C
__end_of_glcd_FillScreen            text14       002F4A
__end_of_glcd_Init                  text2        002D86
__end_of_glcd_PlotPixel             text6        0029C0
__end_of_glcd_ReadByte              text7        00336C
__end_of_glcd_SetCursor             text13       003048
__end_of_glcd_WriteByte             text15       0033A2
__end_of_glcd_WriteChar3x6          text12       00238E
__end_of_glcd_WriteChar8X8          text11       002274
__end_of_glcd_WriteString           text10       0031DA
__end_of_initMyPIC18F               text1        003430
__end_of_irq_handle                 intcode_body 001C8A
__end_of_main                       text0        002EBA
__end_ofi2___awdiv                  text35       002CE0
__end_ofi2___flmul                  text39       000D28
__end_ofi2___fltol                  text38       0028DA
__end_ofi2___xxtofl                 text37       001B34
__end_ofi2_display_line             text31       00215A
__end_ofi2_glcd_FillScreen          text30       002FDA
__end_ofi2_glcd_PlotPixel           text32       002A92
__end_ofi2_glcd_ReadByte            text34       003406
__end_ofi2_glcd_SetCursor           text29       00311A
__end_ofi2_glcd_WriteByte           text33       0033D4
__end_ofi2_glcd_WriteChar3x6        text28       0025BE
__end_ofi2_glcd_WriteChar8X8        text27       0024A6
__end_ofi2_glcd_WriteString         text26       003234
__initialization                    cinit        00311A
__mediumconst                       mediumconst  00733A
__pbssBANK0                         bssBANK0     0000DE
__pbssCOMRAM                        bssCOMRAM    00005A
__pcinit                            cinit        00311A
__pcstackBANK0                      cstackBANK0  000060
__pcstackBANK1                      cstackBANK1  000139
__pcstackCOMRAM                     cstackCOMRAM 000001
__pdataBANK0                        dataBANK0    0000A6
__pdataBANK1                        dataBANK1    000100
__pidataBANK0                       idataBANK0   0032FD
__pidataBANK1                       idataBANK1   0032C4
__pintcode                          intcode      000008
__pintcode_body                     intcode_body 001B34
__pmediumconst                      mediumconst  00733A
__ptext0                            text0        002E28
__ptext1                            text1        003406
__ptext10                           text10       00317C
__ptext11                           text11       00215A
__ptext12                           text12       002274
__ptext13                           text13       002FDA
__ptext14                           text14       002EBA
__ptext15                           text15       00336C
__ptext16                           text16       003048
__ptext17                           text17       002D86
__ptext18                           text18       0017C8
__ptext19                           text19       0026CC
__ptext2                            text2        002CE0
__ptext20                           text20       0004D2
__ptext21                           text21       000D28
__ptext22                           text22       003234
__ptext23                           text23       0025BE
__ptext25                           text25       00160C
__ptext26                           text26       0031DA
__ptext27                           text27       00238E
__ptext28                           text28       0024A6
__ptext29                           text29       0030B2
__ptext3                            text3        002B58
__ptext30                           text30       002F4A
__ptext31                           text31       002034
__ptext32                           text32       0029C0
__ptext33                           text33       0033A2
__ptext34                           text34       0033D4
__ptext35                           text35       002C1C
__ptext36                           text36       001378
__ptext37                           text37       001980
__ptext38                           text38       0027D4
__ptext39                           text39       0008FE
__ptext4                            text4        0010C4
__ptext40                           text40       001C8A
__ptext41                           text41       00327E
__ptext42                           text42       000012
__ptext5                            text5        001F08
__ptext6                            text6        0028DA
__ptext7                            text7        003336
__ptext8                            text8        002A92
__ptext9                            text9        001DCE
__ramtop                            ramtop       000800
__size_of_PWM1_Init                 (abs)        000000
__size_of_PWM1_setDC                (abs)        000000
__size_of___aldiv                   (abs)        000000
__size_of___awdiv                   (abs)        000000
__size_of___fladd                   (abs)        000000
__size_of___fldiv                   (abs)        000000
__size_of___flmul                   (abs)        000000
__size_of___flsub                   (abs)        000000
__size_of___fltol                   (abs)        000000
__size_of___xxtofl                  (abs)        000000
__size_of_calcul_7segment           (abs)        000000
__size_of_correspondance_7segment   (abs)        000000
__size_of_display_7segment          (abs)        000000
__size_of_display_auteur            (abs)        000000
__size_of_display_line              (abs)        000000
__size_of_display_menu              (abs)        000000
__size_of_display_oscillo           (abs)        000000
__size_of_display_titre             (abs)        000000
__size_of_glcd_FillScreen           (abs)        000000
__size_of_glcd_Init                 (abs)        000000
__size_of_glcd_PlotPixel            (abs)        000000
__size_of_glcd_ReadByte             (abs)        000000
__size_of_glcd_SetCursor            (abs)        000000
__size_of_glcd_WriteByte            (abs)        000000
__size_of_glcd_WriteChar3x6         (abs)        000000
__size_of_glcd_WriteChar8X8         (abs)        000000
__size_of_glcd_WriteString          (abs)        000000
__size_of_initMyPIC18F              (abs)        000000
__size_of_irq_handle                (abs)        000000
__size_of_main                      (abs)        000000
__size_ofi2___awdiv                 (abs)        000000
__size_ofi2___flmul                 (abs)        000000
__size_ofi2___fltol                 (abs)        000000
__size_ofi2___xxtofl                (abs)        000000
__size_ofi2_display_line            (abs)        000000
__size_ofi2_glcd_FillScreen         (abs)        000000
__size_ofi2_glcd_PlotPixel          (abs)        000000
__size_ofi2_glcd_ReadByte           (abs)        000000
__size_ofi2_glcd_SetCursor          (abs)        000000
__size_ofi2_glcd_WriteByte          (abs)        000000
__size_ofi2_glcd_WriteChar3x6       (abs)        000000
__size_ofi2_glcd_WriteChar8X8       (abs)        000000
__size_ofi2_glcd_WriteString        (abs)        000000
__smallconst                        smallconst   000000
_acceuil                            mediumconst  007B3B
_calcul_7segment                    text36       001378
_correspondance_7segment            text40       001C8A
_cpt                                bssBANK0     0000EC
_current_oscillo_mode               bssBANK0     0000F2
_currently_in_menu                  bssCOMRAM    00005C
_currently_in_oscillo               bssBANK0     0000F0
_display_7segment                   text16       003048
_display_auteur                     text9        001DCE
_display_line                       text5        001F08
_display_menu                       text25       00160C
_display_oscillo                    text4        0010C4
_display_titre                      text3        002B58
_double_edge                        bssBANK0     0000DE
_glcd_FillScreen                    text14       002EBA
_glcd_Init                          text2        002CE0
_glcd_PlotPixel                     text6        0028DA
_glcd_ReadByte                      text7        003336
_glcd_SetCursor                     text13       002FDA
_glcd_WriteByte                     text15       00336C
_glcd_WriteChar3x6                  text12       002274
_glcd_WriteChar8X8                  text11       00215A
_glcd_WriteString                   text10       00317C
_global_ADC_value                   bssBANK0     0000E8
_global_FOUR                        bssBANK0     0000E0
_global_ONE                         bssBANK0     0000E6
_global_THREE                       bssBANK0     0000E2
_global_TWO                         bssBANK0     0000E4
_have_to_FillScreen                 bssBANK0     0000EA
_initMyPIC18F                       text1        003406
_irq_handle                         intcode      000008
_main                               text0        002E28
_main$1411                          cstackBANK1  000139
_menu_selector                      bssCOMRAM    00005A
_need_osc_refresh                   bssBANK0     0000EE
_x                                  bssBANK0     0000F5
_y                                  bssBANK0     0000F4
btemp                               temp         00005E
calcul_7segment@adresh              cstackCOMRAM 000028
calcul_7segment@first_digit         cstackCOMRAM 00002A
calcul_7segment@fourth_digit        cstackCOMRAM 000030
calcul_7segment@second_digit        cstackCOMRAM 00002C
calcul_7segment@third_digit         cstackCOMRAM 00002E
calcul_7segment@voltage_value       cstackCOMRAM 000032
correspondance_7segment@val         cstackCOMRAM 000001
display_auteur@F3266                dataBANK0    0000C9
display_auteur@F3268                dataBANK0    0000C1
display_auteur@F3270                dataBANK0    0000DC
display_auteur@F3272                dataBANK0    0000A6
display_auteur@F3274                dataBANK0    0000B5
display_auteur@string1              cstackBANK0  000096
display_auteur@string2              cstackBANK0  000091
display_auteur@string3              cstackBANK0  000099
display_auteur@string4              cstackBANK0  000083
display_auteur@string5              cstackBANK0  00008B
display_line@color                  cstackBANK0  000083
display_line@final_x                cstackBANK0  00007F
display_line@final_y                cstackBANK0  000081
display_line@i                      cstackBANK0  00008A
display_line@i_487                  cstackBANK0  00008E
display_line@j                      cstackBANK0  000088
display_line@j_486                  cstackBANK0  00008C
display_line@x                      cstackBANK0  00007B
display_line@y                      cstackBANK0  00007D
display_menu@F3277                  dataBANK1    000110
display_menu@F3279                  dataBANK1    000120
display_menu@F3281                  dataBANK1    000100
display_menu@F3283                  dataBANK0    0000DA
display_menu@F3285                  dataBANK0    0000D8
display_menu@string1                cstackCOMRAM 000027
display_menu@string2                cstackCOMRAM 000047
display_menu@string3                cstackCOMRAM 000037
display_menu@string4                cstackCOMRAM 000056
display_menu@string5                cstackCOMRAM 000058
display_oscillo@ADC_value           cstackBANK0  000090
display_oscillo@F3290               dataBANK0    0000D6
display_oscillo@F3292               dataBANK0    0000D4
display_oscillo@F3294               dataBANK0    0000D2
display_oscillo@F3296               dataBANK0    0000C6
display_oscillo@F3298               dataBANK0    0000D0
display_oscillo@F3300               dataBANK0    0000CE
display_oscillo@F3302               dataBANK0    0000CC
display_oscillo@cpt                 cstackBANK0  0000A1
display_oscillo@string1             cstackBANK0  000095
display_oscillo@string2             cstackBANK0  000097
display_oscillo@string3             cstackBANK0  000099
display_oscillo@string_first_digit  cstackBANK0  000092
display_oscillo@string_fourth_digit cstackBANK0  00009F
display_oscillo@string_second_digit cstackBANK0  00009B
display_oscillo@string_third_digit  cstackBANK0  00009D
display_titre@F3259                 dataBANK0    0000AE
display_titre@F3261                 dataBANK0    0000BB
display_titre@F3263                 dataBANK1    00012F
display_titre@string1               cstackBANK0  00008D
display_titre@string2               cstackBANK0  000094
display_titre@string3               cstackBANK0  000083
end_of_initialization               cinit        00316E
glcd_FillScreen@color               cstackBANK0  000074
glcd_FillScreen@i                   cstackBANK0  000076
glcd_FillScreen@j                   cstackBANK0  000075
glcd_Init@mode                      cstackBANK0  000077
glcd_PlotPixel@color                cstackBANK0  000075
glcd_PlotPixel@data                 cstackBANK0  000079
glcd_PlotPixel@side                 cstackBANK0  00007A
glcd_PlotPixel@xpos                 cstackBANK0  000078
glcd_PlotPixel@ypos                 cstackBANK0  000074
glcd_ReadByte@data                  cstackBANK0  00006B
glcd_ReadByte@side                  cstackBANK0  00006A
glcd_SetCursor@side                 cstackBANK0  000075
glcd_SetCursor@xpos                 cstackBANK0  000076
glcd_SetCursor@ypos                 cstackBANK0  000074
glcd_WriteByte@data                 cstackBANK0  000072
glcd_WriteByte@side                 cstackBANK0  000073
glcd_WriteChar3x6@ch                cstackBANK0  000078
glcd_WriteChar3x6@color             cstackBANK0  000074
glcd_WriteChar3x6@i                 cstackBANK0  000079
glcd_WriteChar3x6@side              cstackBANK0  00007A
glcd_WriteChar3x6@xpos              cstackBANK0  000077
glcd_WriteChar8X8@ch                cstackBANK0  000077
glcd_WriteChar8X8@chr               cstackBANK0  000078
glcd_WriteChar8X8@color             cstackBANK0  000074
glcd_WriteChar8X8@i                 cstackBANK0  00007B
glcd_WriteChar8X8@side              cstackBANK0  00007C
glcd_WriteChar8X8@xpos              cstackBANK0  00007A
glcd_WriteString@color              cstackBANK0  000080
glcd_WriteString@font               cstackBANK0  00007F
glcd_WriteString@str                cstackBANK0  00007D
i2___awdiv                          text35       002C1C
i2___awdiv@counter                  cstackCOMRAM 000005
i2___awdiv@dividend                 cstackCOMRAM 000001
i2___awdiv@divisor                  cstackCOMRAM 000003
i2___awdiv@quotient                 cstackCOMRAM 000007
i2___awdiv@sign                     cstackCOMRAM 000006
i2___flmul                          text39       0008FE
i2___flmul@a                        cstackCOMRAM 000013
i2___flmul@aexp                     cstackCOMRAM 000020
i2___flmul@b                        cstackCOMRAM 00000F
i2___flmul@bexp                     cstackCOMRAM 000021
i2___flmul@grs                      cstackCOMRAM 00001C
i2___flmul@prod                     cstackCOMRAM 000022
i2___flmul@sign                     cstackCOMRAM 00001B
i2___flmul@temp                     cstackCOMRAM 000026
i2___fltol                          text38       0027D4
i2___fltol@exp1                     cstackCOMRAM 00000A
i2___fltol@f1                       cstackCOMRAM 000001
i2___fltol@sign1                    cstackCOMRAM 000009
i2___xxtofl                         text37       001980
i2___xxtofl@arg                     cstackCOMRAM 00000B
i2___xxtofl@exp                     cstackCOMRAM 00000A
i2___xxtofl@sign                    cstackCOMRAM 000009
i2___xxtofl@val                     cstackCOMRAM 000001
i2_display_line                     text31       002034
i2_glcd_FillScreen                  text30       002F4A
i2_glcd_PlotPixel                   text32       0029C0
i2_glcd_ReadByte                    text34       0033D4
i2_glcd_SetCursor                   text29       0030B2
i2_glcd_WriteByte                   text33       0033A2
i2_glcd_WriteChar3x6                text28       0024A6
i2_glcd_WriteChar8X8                text27       00238E
i2_glcd_WriteString                 text26       0031DA
i2display_line@color                cstackCOMRAM 00001A
i2display_line@final_x              cstackCOMRAM 000016
i2display_line@final_y              cstackCOMRAM 000018
i2display_line@i                    cstackCOMRAM 000021
i2display_line@i_487                cstackCOMRAM 000025
i2display_line@j                    cstackCOMRAM 00001F
i2display_line@j_486                cstackCOMRAM 000023
i2display_line@x                    cstackCOMRAM 000012
i2display_line@y                    cstackCOMRAM 000014
i2glcd_FillScreen@color             cstackCOMRAM 00000B
i2glcd_FillScreen@i                 cstackCOMRAM 00000D
i2glcd_FillScreen@j                 cstackCOMRAM 00000C
i2glcd_PlotPixel@color              cstackCOMRAM 00000C
i2glcd_PlotPixel@data               cstackCOMRAM 000010
i2glcd_PlotPixel@side               cstackCOMRAM 000011
i2glcd_PlotPixel@xpos               cstackCOMRAM 00000F
i2glcd_PlotPixel@ypos               cstackCOMRAM 00000B
i2glcd_ReadByte@data                cstackCOMRAM 000002
i2glcd_ReadByte@side                cstackCOMRAM 000001
i2glcd_SetCursor@side               cstackCOMRAM 00000D
i2glcd_SetCursor@xpos               cstackCOMRAM 00000C
i2glcd_SetCursor@ypos               cstackCOMRAM 00000B
i2glcd_WriteByte@data               cstackCOMRAM 000009
i2glcd_WriteByte@side               cstackCOMRAM 00000A
i2glcd_WriteChar3x6@ch              cstackCOMRAM 00000F
i2glcd_WriteChar3x6@color           cstackCOMRAM 00000B
i2glcd_WriteChar3x6@i               cstackCOMRAM 000010
i2glcd_WriteChar3x6@side            cstackCOMRAM 000011
i2glcd_WriteChar3x6@xpos            cstackCOMRAM 00000E
i2glcd_WriteChar8X8@ch              cstackCOMRAM 000010
i2glcd_WriteChar8X8@chr             cstackCOMRAM 00000E
i2glcd_WriteChar8X8@color           cstackCOMRAM 00000B
i2glcd_WriteChar8X8@i               cstackCOMRAM 000012
i2glcd_WriteChar8X8@side            cstackCOMRAM 000013
i2glcd_WriteChar8X8@xpos            cstackCOMRAM 000011
i2glcd_WriteString@color            cstackCOMRAM 000017
i2glcd_WriteString@font             cstackCOMRAM 000016
i2glcd_WriteString@str              cstackCOMRAM 000014
int$flags                           temp         00005E
int_func                            intcode_body 001B34
intlevel0                           text         000000
intlevel1                           text         000000
intlevel2                           text         000000
intlevel3                           text         000000
stackhi                             (abs)        0007FF
stacklo                             (abs)        00013B
start                               init         00000E
start_initialization                cinit        00311A
ttemp5                              temp         00005F
ttemp6                              temp         000062
ttemp7                              temp         000066
wtemp8                              temp         00005F


FUNCTION INFORMATION:

 *************** function _main *****************
 Defined at:
		line 3 in file "main.c"
 Parameters:    Size  Location     Type
		None
 Auto vars:     Size  Location     Type
		None
 Return value:  Size  Location     Type
                  1    wreg      void 
 Registers used:
		wreg, fsr1l, fsr1h, fsr2l, fsr2h, status,2, status,0, tblptrl, tblptrh, tblptru, prodl, prodh, cstack
 Tracked objects:
		On entry : 
		On exit  : 
		Unchanged: 
 Data sizes:     COMRAM   BANK0   BANK1   BANK2   BANK3   BANK4   BANK5   BANK6   BANK7
      Params:         0       0       0       0       0       0       0       0       0
      Locals:         0       0       2       0       0       0       0       0       0
      Temps:          0       0       0       0       0       0       0       0       0
      Totals:         0       0       2       0       0       0       0       0       0
Total ram usage:        2 bytes
 Hardware stack levels required when called:    9
 This function calls:
		_PWM1_Init
		_PWM1_setDC
		___awdiv
		_display_7segment
		_display_auteur
		_display_oscillo
		_display_titre
		_glcd_Init
		_initMyPIC18F
 This function is called by:
		Startup code after reset
 This function uses a non-reentrant model


 *************** function _initMyPIC18F *****************
 Defined at:
		line 6 in file "Interrupt.c"
 Parameters:    Size  Location     Type
		None
 Auto vars:     Size  Location     Type
		None
 Return value:  Size  Location     Type
                  1    wreg      void 
 Registers used:
		wreg, status,2
 Tracked objects:
		On entry : 
		On exit  : 
		Unchanged: 
 Data sizes:     COMRAM   BANK0   BANK1   BANK2   BANK3   BANK4   BANK5   BANK6   BANK7
      Params:         0       0       0       0       0       0       0       0       0
      Locals:         0       0       0       0       0       0       0       0       0
      Temps:          0       0       0       0       0       0       0       0       0
      Totals:         0       0       0       0       0       0       0       0       0
Total ram usage:        0 bytes
 Hardware stack levels used:    1
 Hardware stack levels required when called:    5
 This function calls:
		Nothing
 This function is called by:
		_main
 This function uses a non-reentrant model


 *************** function _glcd_Init *****************
 Defined at:
		line 404 in file "KS0108.c"
 Parameters:    Size  Location     Type
  mode            1    wreg     unsigned char 
 Auto vars:     Size  Location     Type
  mode            1   23[BANK0 ] unsigned char 
 Return value:  Size  Location     Type
                  1    wreg      void 
 Registers used:
		wreg, status,2, status,0, prodl, prodh, cstack
 Tracked objects:
		On entry : 
		On exit  : 
		Unchanged: 
 Data sizes:     COMRAM   BANK0   BANK1   BANK2   BANK3   BANK4   BANK5   BANK6   BANK7
      Params:         0       0       0       0       0       0       0       0       0
      Locals:         0       1       0       0       0       0       0       0       0
      Temps:          0       0       0       0       0       0       0       0       0
      Totals:         0       1       0       0       0       0       0       0       0
Total ram usage:        1 bytes
 Hardware stack levels used:    1
 Hardware stack levels required when called:    7
 This function calls:
		_glcd_FillScreen
		_glcd_WriteByte
 This function is called by:
		_main
 This function uses a non-reentrant model


 *************** function _display_titre *****************
 Defined at:
		line 28 in file "screen.c"
 Parameters:    Size  Location     Type
		None
 Auto vars:     Size  Location     Type
  string3        10   35[BANK0 ] unsigned char [10]
  string1         7   45[BANK0 ] unsigned char [7]
  string2         6   52[BANK0 ] unsigned char [6]
 Return value:  Size  Location     Type
                  1    wreg      void 
 Registers used:
		wreg, fsr1l, fsr1h, fsr2l, fsr2h, status,2, status,0, tblptrl, tblptrh, tblptru, prodl, prodh, cstack
 Tracked objects:
		On entry : 
		On exit  : 
		Unchanged: 
 Data sizes:     COMRAM   BANK0   BANK1   BANK2   BANK3   BANK4   BANK5   BANK6   BANK7
      Params:         0       0       0       0       0       0       0       0       0
      Locals:         0      23       0       0       0       0       0       0       0
      Temps:          0       2       0       0       0       0       0       0       0
      Totals:         0      25       0       0       0       0       0       0       0
Total ram usage:       25 bytes
 Hardware stack levels used:    1
 Hardware stack levels required when called:    8
 This function calls:
		_glcd_FillScreen
		_glcd_SetCursor
		_glcd_WriteString
 This function is called by:
		_main
 This function uses a non-reentrant model


 *************** function _display_oscillo *****************
 Defined at:
		line 125 in file "screen.c"
 Parameters:    Size  Location     Type
  ADC_value       2   48[BANK0 ] int 
 Auto vars:     Size  Location     Type
  string3         2   57[BANK0 ] unsigned char [2]
  string2         2   55[BANK0 ] unsigned char [2]
  string1         2   53[BANK0 ] unsigned char [2]
  string_first    3   50[BANK0 ] unsigned char [3]
  cpt             2   65[BANK0 ] int 
  string_fourt    2   63[BANK0 ] unsigned char [2]
  string_third    2   61[BANK0 ] unsigned char [2]
  string_secon    2   59[BANK0 ] unsigned char [2]
 Return value:  Size  Location     Type
                  1    wreg      void 
 Registers used:
		wreg, fsr2l, fsr2h, status,2, status,0, tblptrl, tblptrh, tblptru, prodl, prodh, cstack
 Tracked objects:
		On entry : 
		On exit  : 
		Unchanged: 
 Data sizes:     COMRAM   BANK0   BANK1   BANK2   BANK3   BANK4   BANK5   BANK6   BANK7
      Params:         0       2       0       0       0       0       0       0       0
      Locals:         0      17       0       0       0       0       0       0       0
      Temps:          0       0       0       0       0       0       0       0       0
      Totals:         0      19       0       0       0       0       0       0       0
Total ram usage:       19 bytes
 Hardware stack levels used:    1
 Hardware stack levels required when called:    8
 This function calls:
		_display_line
		_glcd_PlotPixel
		_glcd_SetCursor
		_glcd_WriteString
 This function is called by:
		_main
 This function uses a non-reentrant model


 *************** function _display_line *****************
 Defined at:
		line 3 in file "screen.c"
 Parameters:    Size  Location     Type
  x               2   27[BANK0 ] int 
  y               2   29[BANK0 ] int 
  final_x         2   31[BANK0 ] int 
  final_y         2   33[BANK0 ] int 
  color           2   35[BANK0 ] int 
 Auto vars:     Size  Location     Type
  i               2   46[BANK0 ] int 
  i               2   42[BANK0 ] int 
  j               2   44[BANK0 ] int 
  j               2   40[BANK0 ] int 
 Return value:  Size  Location     Type
                  1    wreg      void 
 Registers used:
		wreg, status,2, status,0, cstack
 Tracked objects:
		On entry : 
		On exit  : 
		Unchanged: 
 Data sizes:     COMRAM   BANK0   BANK1   BANK2   BANK3   BANK4   BANK5   BANK6   BANK7
      Params:         0      10       0       0       0       0       0       0       0
      Locals:         0       8       0       0       0       0       0       0       0
      Temps:          0       3       0       0       0       0       0       0       0
      Totals:         0      21       0       0       0       0       0       0       0
Total ram usage:       21 bytes
 Hardware stack levels used:    1
 Hardware stack levels required when called:    7
 This function calls:
		_glcd_PlotPixel
 This function is called by:
		_display_oscillo
 This function uses a non-reentrant model


 *************** function _glcd_PlotPixel *****************
 Defined at:
		line 513 in file "KS0108.c"
 Parameters:    Size  Location     Type
  xpos            1    wreg     unsigned char 
  ypos            1   20[BANK0 ] unsigned char 
  color           1   21[BANK0 ] unsigned char 
 Auto vars:     Size  Location     Type
  xpos            1   24[BANK0 ] unsigned char 
  side            1   26[BANK0 ] unsigned char 
  data            1   25[BANK0 ] unsigned char 
 Return value:  Size  Location     Type
                  1    wreg      void 
 Registers used:
		wreg, status,2, status,0, cstack
 Tracked objects:
		On entry : 
		On exit  : 
		Unchanged: 
 Data sizes:     COMRAM   BANK0   BANK1   BANK2   BANK3   BANK4   BANK5   BANK6   BANK7
      Params:         0       2       0       0       0       0       0       0       0
      Locals:         0       3       0       0       0       0       0       0       0
      Temps:          0       2       0       0       0       0       0       0       0
      Totals:         0       7       0       0       0       0       0       0       0
Total ram usage:        7 bytes
 Hardware stack levels used:    1
 Hardware stack levels required when called:    6
 This function calls:
		___awdiv
		_glcd_ReadByte
		_glcd_WriteByte
 This function is called by:
		_display_line
		_display_oscillo
 This function uses a non-reentrant model


 *************** function _glcd_ReadByte *****************
 Defined at:
		line 477 in file "KS0108.c"
 Parameters:    Size  Location     Type
  side            1    wreg     unsigned char 
 Auto vars:     Size  Location     Type
  side            1   10[BANK0 ] unsigned char 
  data            1   11[BANK0 ] unsigned char 
 Return value:  Size  Location     Type
                  1    wreg      unsigned char 
 Registers used:
		wreg, status,2
 Tracked objects:
		On entry : 
		On exit  : 
		Unchanged: 
 Data sizes:     COMRAM   BANK0   BANK1   BANK2   BANK3   BANK4   BANK5   BANK6   BANK7
      Params:         0       0       0       0       0       0       0       0       0
      Locals:         0       2       0       0       0       0       0       0       0
      Temps:          0       0       0       0       0       0       0       0       0
      Totals:         0       2       0       0       0       0       0       0       0
Total ram usage:        2 bytes
 Hardware stack levels used:    1
 Hardware stack levels required when called:    5
 This function calls:
		Nothing
 This function is called by:
		_glcd_PlotPixel
 This function uses a non-reentrant model


 *************** function ___awdiv *****************
 Defined at:
		line 7 in file "C:\Program Files (x86)\Microchip\xc8\v2.10\pic\sources\c99\common\awdiv.c"
 Parameters:    Size  Location     Type
  dividend        2   10[BANK0 ] int 
  divisor         2   12[BANK0 ] int 
 Auto vars:     Size  Location     Type
  quotient        2   16[BANK0 ] int 
  sign            1   15[BANK0 ] unsigned char 
  counter         1   14[BANK0 ] unsigned char 
 Return value:  Size  Location     Type
                  2   10[BANK0 ] int 
 Registers used:
		wreg, status,2, status,0
 Tracked objects:
		On entry : 
		On exit  : 
		Unchanged: 
 Data sizes:     COMRAM   BANK0   BANK1   BANK2   BANK3   BANK4   BANK5   BANK6   BANK7
      Params:         0       4       0       0       0       0       0       0       0
      Locals:         0       4       0       0       0       0       0       0       0
      Temps:          0       0       0       0       0       0       0       0       0
      Totals:         0       8       0       0       0       0       0       0       0
Total ram usage:        8 bytes
 Hardware stack levels used:    1
 Hardware stack levels required when called:    5
 This function calls:
		Nothing
 This function is called by:
		_glcd_PlotPixel
		_main
 This function uses a non-reentrant model


 *************** function _display_auteur *****************
 Defined at:
		line 48 in file "screen.c"
 Parameters:    Size  Location     Type
		None
 Auto vars:     Size  Location     Type
  string4         8   35[BANK0 ] unsigned char [8]
  string5         6   43[BANK0 ] unsigned char [6]
  string2         5   49[BANK0 ] unsigned char [5]
  string1         3   54[BANK0 ] unsigned char [3]
  string3         2   57[BANK0 ] unsigned char [2]
 Return value:  Size  Location     Type
                  1    wreg      void 
 Registers used:
		wreg, fsr1l, fsr1h, fsr2l, fsr2h, status,2, status,0, tblptrl, tblptrh, tblptru, prodl, prodh, cstack
 Tracked objects:
		On entry : 
		On exit  : 
		Unchanged: 
 Data sizes:     COMRAM   BANK0   BANK1   BANK2   BANK3   BANK4   BANK5   BANK6   BANK7
      Params:         0       0       0       0       0       0       0       0       0
      Locals:         0      24       0       0       0       0       0       0       0
      Temps:          0       2       0       0       0       0       0       0       0
      Totals:         0      26       0       0       0       0       0       0       0
Total ram usage:       26 bytes
 Hardware stack levels used:    1
 Hardware stack levels required when called:    8
 This function calls:
		_glcd_FillScreen
		_glcd_SetCursor
		_glcd_WriteString
 This function is called by:
		_main
 This function uses a non-reentrant model


 *************** function _glcd_WriteString *****************
 Defined at:
		line 696 in file "KS0108.c"
 Parameters:    Size  Location     Type
  str             2   29[BANK0 ] PTR unsigned char 
		 -> display_oscillo@string_fourth_digit(2), display_oscillo@string_third_digit(2), display_oscillo@string_second_digit(2), display_oscillo@string_first_digit(3), 
		 -> display_oscillo@string3(2), display_oscillo@string2(2), display_oscillo@string1(2), display_menu@string5(2), 
		 -> display_menu@string4(2), display_menu@string3(16), display_menu@string2(15), display_menu@string1(16), 
		 -> display_auteur@string5(6), display_auteur@string4(8), display_auteur@string3(2), display_auteur@string2(5), 
		 -> display_auteur@string1(3), display_titre@string3(10), display_titre@string2(6), display_titre@string1(7), 
  font            1   31[BANK0 ] unsigned char 
  color           1   32[BANK0 ] unsigned char 
 Auto vars:     Size  Location     Type
		None
 Return value:  Size  Location     Type
                  1    wreg      void 
 Registers used:
		wreg, fsr2l, fsr2h, status,2, status,0, tblptrl, tblptrh, tblptru, prodl, prodh, cstack
 Tracked objects:
		On entry : 
		On exit  : 
		Unchanged: 
 Data sizes:     COMRAM   BANK0   BANK1   BANK2   BANK3   BANK4   BANK5   BANK6   BANK7
      Params:         0       4       0       0       0       0       0       0       0
      Locals:         0       0       0       0       0       0       0       0       0
      Temps:          0       0       0       0       0       0       0       0       0
      Totals:         0       4       0       0       0       0       0       0       0
Total ram usage:        4 bytes
 Hardware stack levels used:    1
 Hardware stack levels required when called:    7
 This function calls:
		_glcd_WriteChar3x6
		_glcd_WriteChar8X8
 This function is called by:
		_display_titre
		_display_auteur
		_display_oscillo
 This function uses a non-reentrant model


 *************** function _glcd_WriteChar8X8 *****************
 Defined at:
		line 602 in file "KS0108.c"
 Parameters:    Size  Location     Type
  ch              1    wreg     unsigned char 
  color           1   20[BANK0 ] unsigned char 
 Auto vars:     Size  Location     Type
  ch              1   23[BANK0 ] unsigned char 
  chr             2   24[BANK0 ] unsigned int 
  side            1   28[BANK0 ] unsigned char 
  i               1   27[BANK0 ] unsigned char 
  xpos            1   26[BANK0 ] unsigned char 
 Return value:  Size  Location     Type
                  1    wreg      void 
 Registers used:
		wreg, status,2, status,0, tblptrl, tblptrh, tblptru, prodl, prodh, cstack
 Tracked objects:
		On entry : 
		On exit  : 
		Unchanged: 
 Data sizes:     COMRAM   BANK0   BANK1   BANK2   BANK3   BANK4   BANK5   BANK6   BANK7
      Params:         0       1       0       0       0       0       0       0       0
      Locals:         0       6       0       0       0       0       0       0       0
      Temps:          0       2       0       0       0       0       0       0       0
      Totals:         0       9       0       0       0       0       0       0       0
Total ram usage:        9 bytes
 Hardware stack levels used:    1
 Hardware stack levels required when called:    6
 This function calls:
		_glcd_WriteByte
 This function is called by:
		_glcd_WriteString
 This function uses a non-reentrant model


 *************** function _glcd_WriteChar3x6 *****************
 Defined at:
		line 650 in file "KS0108.c"
 Parameters:    Size  Location     Type
  ch              1    wreg     unsigned char 
  color           1   20[BANK0 ] unsigned char 
 Auto vars:     Size  Location     Type
  ch              1   24[BANK0 ] unsigned char 
  side            1   26[BANK0 ] unsigned char 
  i               1   25[BANK0 ] unsigned char 
  xpos            1   23[BANK0 ] unsigned char 
 Return value:  Size  Location     Type
                  1    wreg      void 
 Registers used:
		wreg, status,2, status,0, tblptrl, tblptrh, tblptru, prodl, prodh, cstack
 Tracked objects:
		On entry : 
		On exit  : 
		Unchanged: 
 Data sizes:     COMRAM   BANK0   BANK1   BANK2   BANK3   BANK4   BANK5   BANK6   BANK7
      Params:         0       1       0       0       0       0       0       0       0
      Locals:         0       4       0       0       0       0       0       0       0
      Temps:          0       2       0       0       0       0       0       0       0
      Totals:         0       7       0       0       0       0       0       0       0
Total ram usage:        7 bytes
 Hardware stack levels used:    1
 Hardware stack levels required when called:    6
 This function calls:
		_glcd_WriteByte
 This function is called by:
		_glcd_WriteString
 This function uses a non-reentrant model


 *************** function _glcd_SetCursor *****************
 Defined at:
		line 577 in file "KS0108.c"
 Parameters:    Size  Location     Type
  xpos            1    wreg     unsigned char 
  ypos            1   20[BANK0 ] unsigned char 
 Auto vars:     Size  Location     Type
  xpos            1   22[BANK0 ] unsigned char 
  side            1   21[BANK0 ] unsigned char 
 Return value:  Size  Location     Type
                  1    wreg      void 
 Registers used:
		wreg, status,2, status,0, cstack
 Tracked objects:
		On entry : 
		On exit  : 
		Unchanged: 
 Data sizes:     COMRAM   BANK0   BANK1   BANK2   BANK3   BANK4   BANK5   BANK6   BANK7
      Params:         0       1       0       0       0       0       0       0       0
      Locals:         0       2       0       0       0       0       0       0       0
      Temps:          0       0       0       0       0       0       0       0       0
      Totals:         0       3       0       0       0       0       0       0       0
Total ram usage:        3 bytes
 Hardware stack levels used:    1
 Hardware stack levels required when called:    6
 This function calls:
		_glcd_WriteByte
 This function is called by:
		_display_titre
		_display_auteur
		_display_oscillo
 This function uses a non-reentrant model


 *************** function _glcd_FillScreen *****************
 Defined at:
		line 552 in file "KS0108.c"
 Parameters:    Size  Location     Type
  color           1    wreg     unsigned char 
 Auto vars:     Size  Location     Type
  color           1   20[BANK0 ] unsigned char 
  i               1   22[BANK0 ] unsigned char 
  j               1   21[BANK0 ] unsigned char 
 Return value:  Size  Location     Type
                  1    wreg      void 
 Registers used:
		wreg, status,2, status,0, prodl, prodh, cstack
 Tracked objects:
		On entry : 
		On exit  : 
		Unchanged: 
 Data sizes:     COMRAM   BANK0   BANK1   BANK2   BANK3   BANK4   BANK5   BANK6   BANK7
      Params:         0       0       0       0       0       0       0       0       0
      Locals:         0       3       0       0       0       0       0       0       0
      Temps:          0       0       0       0       0       0       0       0       0
      Totals:         0       3       0       0       0       0       0       0       0
Total ram usage:        3 bytes
 Hardware stack levels used:    1
 Hardware stack levels required when called:    6
 This function calls:
		_glcd_WriteByte
 This function is called by:
		_glcd_Init
		_display_titre
		_display_auteur
 This function uses a non-reentrant model


 *************** function _glcd_WriteByte *****************
 Defined at:
		line 443 in file "KS0108.c"
 Parameters:    Size  Location     Type
  side            1    wreg     unsigned char 
  data            1   18[BANK0 ] unsigned char 
 Auto vars:     Size  Location     Type
  side            1   19[BANK0 ] unsigned char 
 Return value:  Size  Location     Type
                  1    wreg      void 
 Registers used:
		wreg, status,2
 Tracked objects:
		On entry : 
		On exit  : 
		Unchanged: 
 Data sizes:     COMRAM   BANK0   BANK1   BANK2   BANK3   BANK4   BANK5   BANK6   BANK7
      Params:         0       1       0       0       0       0       0       0       0
      Locals:         0       1       0       0       0       0       0       0       0
      Temps:          0       0       0       0       0       0       0       0       0
      Totals:         0       2       0       0       0       0       0       0       0
Total ram usage:        2 bytes
 Hardware stack levels used:    1
 Hardware stack levels required when called:    5
 This function calls:
		Nothing
 This function is called by:
		_glcd_Init
		_glcd_PlotPixel
		_glcd_FillScreen
		_glcd_SetCursor
		_glcd_WriteChar8X8
		_glcd_WriteChar3x6
		_glcd_Image
 This function uses a non-reentrant model


 *************** function _display_7segment *****************
 Defined at:
		line 17 in file "7segment.c"
 Parameters:    Size  Location     Type
		None
 Auto vars:     Size  Location     Type
		None
 Return value:  Size  Location     Type
                  1    wreg      void 
 Registers used:
		wreg
 Tracked objects:
		On entry : 
		On exit  : 
		Unchanged: 
 Data sizes:     COMRAM   BANK0   BANK1   BANK2   BANK3   BANK4   BANK5   BANK6   BANK7
      Params:         0       0       0       0       0       0       0       0       0
      Locals:         0       0       0       0       0       0       0       0       0
      Temps:          0       1       0       0       0       0       0       0       0
      Totals:         0       1       0       0       0       0       0       0       0
Total ram usage:        1 bytes
 Hardware stack levels used:    1
 Hardware stack levels required when called:    5
 This function calls:
		Nothing
 This function is called by:
		_main
 This function uses a non-reentrant model


 *************** function _PWM1_setDC *****************
 Defined at:
		line 15 in file "rectangle.c"
 Parameters:    Size  Location     Type
  dutycycle       4   60[BANK0 ] float 
 Auto vars:     Size  Location     Type
  calcul          4   66[BANK0 ] float 
 Return value:  Size  Location     Type
                  1    wreg      void 
 Registers used:
		wreg, status,2, status,0, prodl, prodh, cstack
 Tracked objects:
		On entry : 
		On exit  : 
		Unchanged: 
 Data sizes:     COMRAM   BANK0   BANK1   BANK2   BANK3   BANK4   BANK5   BANK6   BANK7
      Params:         0       4       0       0       0       0       0       0       0
      Locals:         0       4       0       0       0       0       0       0       0
      Temps:          0       2       0       0       0       0       0       0       0
      Totals:         0      10       0       0       0       0       0       0       0
Total ram usage:       10 bytes
 Hardware stack levels used:    1
 Hardware stack levels required when called:    6
 This function calls:
		___fldiv
		___flmul
		___fltol
		___xxtofl
 This function is called by:
		_main
 This function uses a non-reentrant model


 *************** function ___xxtofl *****************
 Defined at:
		line 10 in file "C:\Program Files (x86)\Microchip\xc8\v2.10\pic\sources\c99\common\xxtofl.c"
 Parameters:    Size  Location     Type
  sign            1    wreg     unsigned char 
  val             4   10[BANK0 ] long 
 Auto vars:     Size  Location     Type
  sign            1   18[BANK0 ] unsigned char 
  arg             4   20[BANK0 ] unsigned long 
  exp             1   19[BANK0 ] unsigned char 
 Return value:  Size  Location     Type
                  4   10[BANK0 ] unsigned char 
 Registers used:
		wreg, status,2, status,0
 Tracked objects:
		On entry : 
		On exit  : 
		Unchanged: 
 Data sizes:     COMRAM   BANK0   BANK1   BANK2   BANK3   BANK4   BANK5   BANK6   BANK7
      Params:         0       4       0       0       0       0       0       0       0
      Locals:         0       6       0       0       0       0       0       0       0
      Temps:          0       4       0       0       0       0       0       0       0
      Totals:         0      14       0       0       0       0       0       0       0
Total ram usage:       14 bytes
 Hardware stack levels used:    1
 Hardware stack levels required when called:    5
 This function calls:
		Nothing
 This function is called by:
		_PWM1_setDC
 This function uses a non-reentrant model


 *************** function ___fltol *****************
 Defined at:
		line 43 in file "C:\Program Files (x86)\Microchip\xc8\v2.10\pic\sources\c99\common\fltol.c"
 Parameters:    Size  Location     Type
  f1              4   10[BANK0 ] unsigned char 
 Auto vars:     Size  Location     Type
  exp1            1   19[BANK0 ] unsigned char 
[...]
		wreg, status,2, status,0, prodl, prodh, cstack
 Tracked objects:
		On entry : 
		On exit  : 
		Unchanged: 
 Data sizes:     COMRAM   BANK0   BANK1   BANK2   BANK3   BANK4   BANK5   BANK6   BANK7
      Params:         0       0       0       0       0       0       0       0       0
      Locals:         3       0       0       0       0       0       0       0       0
      Temps:          0       0       0       0       0       0       0       0       0
      Totals:         3       0       0       0       0       0       0       0       0
Total ram usage:        3 bytes
 Hardware stack levels used:    1
 Hardware stack levels required when called:    1
 This function calls:
		i2_glcd_WriteByte
 This function is called by:
		_display_menu
		_irq_handle
 This function uses a non-reentrant model


 *************** function i2_display_line *****************
 Defined at:
		line 3 in file "screen.c"
 Parameters:    Size  Location     Type
  x               2   17[COMRAM] int 
  y               2   19[COMRAM] int 
  final_x         2   21[COMRAM] int 
  final_y         2   23[COMRAM] int 
  color           2   25[COMRAM] int 
 Auto vars:     Size  Location     Type
  display_line    2   36[COMRAM] int 
  display_line    2   34[COMRAM] int 
  display_line    2   32[COMRAM] int 
  display_line    2   30[COMRAM] int 
 Return value:  Size  Location     Type
                  1    wreg      void 
 Registers used:
		wreg, status,2, status,0, cstack
 Tracked objects:
		On entry : 
		On exit  : 
		Unchanged: 
 Data sizes:     COMRAM   BANK0   BANK1   BANK2   BANK3   BANK4   BANK5   BANK6   BANK7
      Params:        10       0       0       0       0       0       0       0       0
      Locals:         8       0       0       0       0       0       0       0       0
      Temps:          3       0       0       0       0       0       0       0       0
      Totals:        21       0       0       0       0       0       0       0       0
Total ram usage:       21 bytes
 Hardware stack levels used:    1
 Hardware stack levels required when called:    2
 This function calls:
		i2_glcd_PlotPixel
 This function is called by:
		_display_menu
 This function uses a non-reentrant model


 *************** function i2_glcd_PlotPixel *****************
 Defined at:
		line 513 in file "KS0108.c"
 Parameters:    Size  Location     Type
  xpos            1    wreg     unsigned char 
  ypos            1   10[COMRAM] unsigned char 
  color           1   11[COMRAM] unsigned char 
 Auto vars:     Size  Location     Type
  xpos            1   14[COMRAM] unsigned char 
  glcd_PlotPix    1   16[COMRAM] unsigned char 
  glcd_PlotPix    1   15[COMRAM] unsigned char 
 Return value:  Size  Location     Type
                  1    wreg      void 
 Registers used:
		wreg, status,2, status,0, cstack
 Tracked objects:
		On entry : 
		On exit  : 
		Unchanged: 
 Data sizes:     COMRAM   BANK0   BANK1   BANK2   BANK3   BANK4   BANK5   BANK6   BANK7
      Params:         2       0       0       0       0       0       0       0       0
      Locals:         3       0       0       0       0       0       0       0       0
      Temps:          2       0       0       0       0       0       0       0       0
      Totals:         7       0       0       0       0       0       0       0       0
Total ram usage:        7 bytes
 Hardware stack levels used:    1
 Hardware stack levels required when called:    1
 This function calls:
		i2___awdiv
		i2_glcd_ReadByte
		i2_glcd_WriteByte
 This function is called by:
		i2_display_line
 This function uses a non-reentrant model


 *************** function i2_glcd_WriteByte *****************
 Defined at:
		line 443 in file "KS0108.c"
 Parameters:    Size  Location     Type
  side            1    wreg     unsigned char 
  data            1    8[COMRAM] unsigned char 
 Auto vars:     Size  Location     Type
  side            1    9[COMRAM] unsigned char 
 Return value:  Size  Location     Type
                  1    wreg      void 
 Registers used:
		wreg, status,2
 Tracked objects:
		On entry : 
		On exit  : 
		Unchanged: 
 Data sizes:     COMRAM   BANK0   BANK1   BANK2   BANK3   BANK4   BANK5   BANK6   BANK7
      Params:         1       0       0       0       0       0       0       0       0
      Locals:         1       0       0       0       0       0       0       0       0
      Temps:          0       0       0       0       0       0       0       0       0
      Totals:         2       0       0       0       0       0       0       0       0
Total ram usage:        2 bytes
 Hardware stack levels used:    1
 This function calls:
		Nothing
 This function is called by:
		i2_glcd_PlotPixel
		i2_glcd_FillScreen
		i2_glcd_SetCursor
		i2_glcd_WriteChar8X8
		i2_glcd_WriteChar3x6
 This function uses a non-reentrant model


 *************** function i2_glcd_ReadByte *****************
 Defined at:
		line 477 in file "KS0108.c"
 Parameters:    Size  Location     Type
  side            1    wreg     unsigned char 
 Auto vars:     Size  Location     Type
  side            1    0[COMRAM] unsigned char 
  glcd_ReadByt    1    1[COMRAM] unsigned char 
 Return value:  Size  Location     Type
                  1    wreg      unsigned char 
 Registers used:
		wreg, status,2
 Tracked objects:
		On entry : 
		On exit  : 
		Unchanged: 
 Data sizes:     COMRAM   BANK0   BANK1   BANK2   BANK3   BANK4   BANK5   BANK6   BANK7
      Params:         0       0       0       0       0       0       0       0       0
      Locals:         2       0       0       0       0       0       0       0       0
      Temps:          0       0       0       0       0       0       0       0       0
      Totals:         2       0       0       0       0       0       0       0       0
Total ram usage:        2 bytes
 Hardware stack levels used:    1
 This function calls:
		Nothing
 This function is called by:
		i2_glcd_PlotPixel
 This function uses a non-reentrant model


 *************** function i2___awdiv *****************
 Defined at:
		line 7 in file "C:\Program Files (x86)\Microchip\xc8\v2.10\pic\sources\c99\common\awdiv.c"
 Parameters:    Size  Location     Type
  dividend        2    0[COMRAM] int 
  divisor         2    2[COMRAM] int 
 Auto vars:     Size  Location     Type
  __awdiv         2    6[COMRAM] int 
  __awdiv         1    5[COMRAM] unsigned char 
  __awdiv         1    4[COMRAM] unsigned char 
 Return value:  Size  Location     Type
                  2    0[COMRAM] int 
 Registers used:
		wreg, status,2, status,0
 Tracked objects:
		On entry : 
		On exit  : 
		Unchanged: 
 Data sizes:     COMRAM   BANK0   BANK1   BANK2   BANK3   BANK4   BANK5   BANK6   BANK7
      Params:         4       0       0       0       0       0       0       0       0
      Locals:         4       0       0       0       0       0       0       0       0
      Temps:          0       0       0       0       0       0       0       0       0
      Totals:         8       0       0       0       0       0       0       0       0
Total ram usage:        8 bytes
 Hardware stack levels used:    1
 This function calls:
		Nothing
 This function is called by:
		i2_glcd_PlotPixel
 This function uses a non-reentrant model


 *************** function _calcul_7segment *****************
 Defined at:
		line 67 in file "7segment.c"
 Parameters:    Size  Location     Type
  adresh          2   39[COMRAM] int 
 Auto vars:     Size  Location     Type
  voltage_valu    4   49[COMRAM] float 
  fourth_digit    2   47[COMRAM] int 
  third_digit     2   45[COMRAM] int 
  second_digit    2   43[COMRAM] int 
  first_digit     2   41[COMRAM] int 
 Return value:  Size  Location     Type
                  1    wreg      void 
 Registers used:
		wreg, status,2, status,0, prodl, prodh, cstack
 Tracked objects:
		On entry : 
		On exit  : 
		Unchanged: 
 Data sizes:     COMRAM   BANK0   BANK1   BANK2   BANK3   BANK4   BANK5   BANK6   BANK7
      Params:         2       0       0       0       0       0       0       0       0
      Locals:        12       0       0       0       0       0       0       0       0
      Temps:          0       0       0       0       0       0       0       0       0
      Totals:        14       0       0       0       0       0       0       0       0
Total ram usage:       14 bytes
 Hardware stack levels used:    1
 Hardware stack levels required when called:    2
 This function calls:
		___flsub
		_correspondance_7segment
		i2___flmul
		i2___fltol
		i2___xxtofl
 This function is called by:
		_irq_handle
 This function uses a non-reentrant model


 *************** function i2___xxtofl *****************
 Defined at:
		line 10 in file "C:\Program Files (x86)\Microchip\xc8\v2.10\pic\sources\c99\common\xxtofl.c"
 Parameters:    Size  Location     Type
  sign            1    wreg     unsigned char 
  val             4    0[COMRAM] long 
 Auto vars:     Size  Location     Type
  sign            1    8[COMRAM] unsigned char 
  __xxtofl        4   10[COMRAM] unsigned long 
  __xxtofl        1    9[COMRAM] unsigned char 
 Return value:  Size  Location     Type
                  4    0[COMRAM] unsigned char 
 Registers used:
		wreg, status,2, status,0
 Tracked objects:
		On entry : 
		On exit  : 
		Unchanged: 
 Data sizes:     COMRAM   BANK0   BANK1   BANK2   BANK3   BANK4   BANK5   BANK6   BANK7
      Params:         4       0       0       0       0       0       0       0       0
      Locals:         6       0       0       0       0       0       0       0       0
      Temps:          4       0       0       0       0       0       0       0       0
      Totals:        14       0       0       0       0       0       0       0       0
Total ram usage:       14 bytes
 Hardware stack levels used:    1
 This function calls:
		Nothing
 This function is called by:
		_calcul_7segment
 This function uses a non-reentrant model


 *************** function i2___fltol *****************
 Defined at:
		line 43 in file "C:\Program Files (x86)\Microchip\xc8\v2.10\pic\sources\c99\common\fltol.c"
 Parameters:    Size  Location     Type
  f1              4    0[COMRAM] unsigned char 
 Auto vars:     Size  Location     Type
  __fltol         1    9[COMRAM] unsigned char 
  __fltol         1    8[COMRAM] unsigned char 
 Return value:  Size  Location     Type
                  4    0[COMRAM] long 
 Registers used:
		wreg, status,2, status,0
 Tracked objects:
		On entry : 
		On exit  : 
		Unchanged: 
 Data sizes:     COMRAM   BANK0   BANK1   BANK2   BANK3   BANK4   BANK5   BANK6   BANK7
      Params:         4       0       0       0       0       0       0       0       0
      Locals:         2       0       0       0       0       0       0       0       0
      Temps:          4       0       0       0       0       0       0       0       0
      Totals:        10       0       0       0       0       0       0       0       0
Total ram usage:       10 bytes
 Hardware stack levels used:    1
 This function calls:
		Nothing
 This function is called by:
		_calcul_7segment
 This function uses a non-reentrant model


 *************** function i2___flmul *****************
 Defined at:
		line 8 in file "C:\Program Files (x86)\Microchip\xc8\v2.10\pic\sources\c99\common\sprcmul.c"
 Parameters:    Size  Location     Type
  b               4   14[COMRAM] long 
  a               4   18[COMRAM] long 
 Auto vars:     Size  Location     Type
  __flmul         4   33[COMRAM] struct .
  __flmul         4   27[COMRAM] unsigned long 
  __flmul         2   37[COMRAM] struct .
  __flmul         1   32[COMRAM] unsigned char 
  __flmul         1   31[COMRAM] unsigned char 
  __flmul         1   26[COMRAM] unsigned char 
 Return value:  Size  Location     Type
                  4   14[COMRAM] unsigned char 
 Registers used:
		wreg, status,2, status,0, prodl, prodh
 Tracked objects:
		On entry : 
		On exit  : 
		Unchanged: 
 Data sizes:     COMRAM   BANK0   BANK1   BANK2   BANK3   BANK4   BANK5   BANK6   BANK7
      Params:         8       0       0       0       0       0       0       0       0
      Locals:        13       0       0       0       0       0       0       0       0
      Temps:          4       0       0       0       0       0       0       0       0
      Totals:        25       0       0       0       0       0       0       0       0
Total ram usage:       25 bytes
 Hardware stack levels used:    1
 This function calls:
		Nothing
 This function is called by:
		_calcul_7segment
 This function uses a non-reentrant model


 *************** function _correspondance_7segment *****************
 Defined at:
		line 41 in file "7segment.c"
 Parameters:    Size  Location     Type
  val             2    0[COMRAM] int 
 Auto vars:     Size  Location     Type
		None
 Return value:  Size  Location     Type
                  2    0[COMRAM] int 
 Registers used:
		wreg, status,2, status,0
 Tracked objects:
		On entry : 
		On exit  : 
		Unchanged: 
 Data sizes:     COMRAM   BANK0   BANK1   BANK2   BANK3   BANK4   BANK5   BANK6   BANK7
      Params:         2       0       0       0       0       0       0       0       0
      Locals:         0       0       0       0       0       0       0       0       0
      Temps:          0       0       0       0       0       0       0       0       0
      Totals:         2       0       0       0       0       0       0       0       0
Total ram usage:        2 bytes
 Hardware stack levels used:    1
 This function calls:
		Nothing
 This function is called by:
		_calcul_7segment
 This function uses a non-reentrant model


 *************** function ___flsub *****************
 Defined at:
		line 245 in file "C:\Program Files (x86)\Microchip\xc8\v2.10\pic\sources\c99\common\sprcadd.c"
 Parameters:    Size  Location     Type
  b               4   16[COMRAM] int 
  a               4   20[COMRAM] int 
 Auto vars:     Size  Location     Type
		None
 Return value:  Size  Location     Type
                  4   16[COMRAM] int 
 Registers used:
		wreg, status,2, status,0, cstack
 Tracked objects:
		On entry : 
		On exit  : 
		Unchanged: 
 Data sizes:     COMRAM   BANK0   BANK1   BANK2   BANK3   BANK4   BANK5   BANK6   BANK7
      Params:         8       0       0       0       0       0       0       0       0
      Locals:         0       0       0       0       0       0       0       0       0
      Temps:          0       0       0       0       0       0       0       0       0
      Totals:         8       0       0       0       0       0       0       0       0
Total ram usage:        8 bytes
 Hardware stack levels used:    1
 Hardware stack levels required when called:    1
 This function calls:
		___fladd
 This function is called by:
		_calcul_7segment
 This function uses a non-reentrant model


 *************** function ___fladd *****************
 Defined at:
		line 10 in file "C:\Program Files (x86)\Microchip\xc8\v2.10\pic\sources\c99\common\sprcadd.c"
 Parameters:    Size  Location     Type
  b               4    0[COMRAM] int 
  a               4    4[COMRAM] int 
 Auto vars:     Size  Location     Type
  grs             1   15[COMRAM] unsigned char 
  bexp            1   14[COMRAM] unsigned char 
  aexp            1   13[COMRAM] unsigned char 
  signs           1   12[COMRAM] unsigned char 
 Return value:  Size  Location     Type
                  4    0[COMRAM] unsigned char 
 Registers used:
		wreg, status,2, status,0
 Tracked objects:
		On entry : 
		On exit  : 
		Unchanged: 
 Data sizes:     COMRAM   BANK0   BANK1   BANK2   BANK3   BANK4   BANK5   BANK6   BANK7
      Params:         8       0       0       0       0       0       0       0       0
      Locals:         4       0       0       0       0       0       0       0       0
      Temps:          4       0       0       0       0       0       0       0       0
      Totals:        16       0       0       0       0       0       0       0       0
Total ram usage:       16 bytes
 Hardware stack levels used:    1
 This function calls:
		Nothing
 This function is called by:
		___flsub
 This function uses a non-reentrant model



MODULE INFORMATION

Module		Function		Class		Link	Load	Size
KS0108.c
		_glcd_SetCursor		CODE           	2FDA	0000	111
		_glcd_WriteString		CODE           	317C	0000	95
		_glcd_WriteByte		CODE           	336C	0000	55
		_glcd_Init     		CODE           	2CE0	0000	167
		_glcd_ReadByte 		CODE           	3336	0000	55
		_glcd_WriteChar8X8		CODE           	215A	0000	283
		_glcd_FillScreen		CODE           	2EBA	0000	145
		_glcd_WriteChar3x6		CODE           	2274	0000	283
		_glcd_PlotPixel		CODE           	28DA	0000	231

KS0108.c estimated size: 1425

rectangle.c
		_PWM1_Init     		CODE           	3234	0000	75
		_PWM1_setDC    		CODE           	2D86	0000	163

rectangle.c estimated size: 238

7segment.c
		_correspondance_7segment		CODE           	1C8A	0000	325
		_display_7segment		CODE           	3048	0000	107
		_calcul_7segment		CODE           	1378	0000	661

7segment.c estimated size: 1093

C:\Program Files (x86)\Microchip\xc8\v2.10\pic\sources\c99\common\xxtofl.c
		___xxtofl      		CODE           	17C8	0000	441

C:\Program Files (x86)\Microchip\xc8\v2.10\pic\sources\c99\common\xxtofl.c estimated size: 441

C:\Program Files (x86)\Microchip\xc8\v2.10\pic\sources\c99\common\awdiv.c
		___awdiv       		CODE           	2A92	0000	199

C:\Program Files (x86)\Microchip\xc8\v2.10\pic\sources\c99\common\awdiv.c estimated size: 199

C:\Program Files (x86)\Microchip\xc8\v2.10\pic\sources\c99\common\fltol.c
		___fltol       		CODE           	26CC	0000	265

C:\Program Files (x86)\Microchip\xc8\v2.10\pic\sources\c99\common\fltol.c estimated size: 265

C:\Program Files (x86)\Microchip\xc8\v2.10\pic\sources\c99\common\aldiv.c
		___aldiv       		CODE           	25BE	0000	271

C:\Program Files (x86)\Microchip\xc8\v2.10\pic\sources\c99\common\aldiv.c estimated size: 271

C:\Program Files (x86)\Microchip\xc8\v2.10\pic\sources\c99\common\sprcmul.c
		___flmul       		CODE           	04D2	0000	1069

C:\Program Files (x86)\Microchip\xc8\v2.10\pic\sources\c99\common\sprcmul.c estimated size: 1069

screen.c
		_display_line  		CODE           	1F08	0000	301
		_display_menu  		CODE           	160C	0000	445
		_display_titre 		CODE           	2B58	0000	197
		_display_auteur		CODE           	1DCE	0000	315
		_display_oscillo		CODE           	10C4	0000	693

screen.c estimated size: 1951

C:\Program Files (x86)\Microchip\xc8\v2.10\pic\sources\c99\common\sprcdiv.c
		___fldiv       		CODE           	0D28	0000	925

C:\Program Files (x86)\Microchip\xc8\v2.10\pic\sources\c99\common\sprcdiv.c estimated size: 925

shared
		_Font3x6       		MEDIUMCONST    	7F3B	0000	196
		i2_glcd_WriteChar8X8		CODE           	238E	0000	281
		i2_glcd_WriteByte		CODE           	33A2	0000	51
		i2_glcd_PlotPixel		CODE           	29C0	0000	211
		_Font8x8       		MEDIUMCONST    	733B	0000	2049
		i2___awdiv     		CODE           	2C1C	0000	197
		i2_glcd_SetCursor		CODE           	30B2	0000	105
		i2___fltol     		CODE           	27D4	0000	263
		i2_glcd_FillScreen		CODE           	2F4A	0000	145
		__initialization		CODE           	311A	0000	85
		i2___flmul     		CODE           	08FE	0000	1067
		i2___xxtofl    		CODE           	1980	0000	437
		_acceuil       		MEDIUMCONST    	7B3B	0000	1025
		i2_glcd_WriteString		CODE           	31DA	0000	91
		i2_glcd_ReadByte		CODE           	33D4	0000	51
		i2_glcd_WriteChar3x6		CODE           	24A6	0000	281
		i2_display_line		CODE           	2034	0000	295

shared estimated size: 6830

Interrupt.c
		_irq_handle    		CODE           	0008	0000	349
		_initMyPIC18F  		CODE           	3406	0000	43

Interrupt.c estimated size: 392

C:\Program Files (x86)\Microchip\xc8\v2.10\pic\sources\c99\common\sprcadd.c
		___flsub       		CODE           	327E	0000	71
		___fladd       		CODE           	0012	0000	1217

C:\Program Files (x86)\Microchip\xc8\v2.10\pic\sources\c99\common\sprcadd.c estimated size: 1288

main.c
		_main          		CODE           	2E28	0000	147

main.c estimated size: 147

